09-29 14:19:13.892  1225  1225 I Layer   : id=6655 mRemovedFromDrawingState b4c13e9 Splash Screen com.example.lunchtray#0 (122)
09-29 14:19:13.892  1225  1225 I Layer   : id=6667 mRemovedFromDrawingState Surface(name=b4c13e9 Splash Screen com.example.lunchtray)/@0x4515c64 - animation-leash of window_animation#0 (122)
09-29 14:19:13.892  1225  1225 I Layer   : id=6651 mRemovedFromDrawingState Surface(name=d612f11 InputMethod)/@0x240ab13 - animation-leash of insets_animation#0 (122)
09-29 14:19:13.892  1225  1225 I SurfaceFlinger: id=6651 Removed Surface(name=d612f11 InputMethod)/@0x240ab13 - animation-leash of insets_animation#0 (122)
09-29 14:19:13.892  1225  1225 I SurfaceFlinger: id=6655 Removed b4c13e9 Splash Screen com.example.lunchtray#0 (122)
09-29 14:19:13.892  1225  1225 I SurfaceFlinger: id=6656 Removed Splash Screen com.example.lunchtray$_2532#0 (122)
09-29 14:19:13.892  1225  1225 I SurfaceFlinger: id=6667 Removed Surface(name=b4c13e9 Splash Screen com.example.lunchtray)/@0x4515c64 - animation-leash of window_animation#0 (122)
09-29 14:19:13.893  1225  1225 I Layer   : id=6651 Destroyed Surface(name=d612f11 InputMethod)/@0x240ab13 - animation-leash of insets_animation#0
09-29 14:19:13.893  1225  1225 I Layer   : id=6667 Destroyed Surface(name=b4c13e9 Splash Screen com.example.lunchtray)/@0x4515c64 - animation-leash of window_animation#0
09-29 14:19:13.893  1225  1225 I Layer   : id=6655 Destroyed b4c13e9 Splash Screen com.example.lunchtray#0
09-29 14:19:13.895  1225  1225 I Layer   : id=6656 Destroyed Splash Screen com.example.lunchtray$_2532#0
09-29 14:19:13.901  1225  1225 D SurfaceFlinger: Display 0 HWC layers:
09-29 14:19:13.901  1225  1225 D SurfaceFlinger:      DEVICE | 0xf16111e0 | 0102 | RGBA_8888    |    0.0    0.0  720.0 1560.0 |    0    0  720 1560 | com.example.lunchtray/androidx.fragm[...]nario$EmptyFragmentActivity$_16754#0
09-29 14:19:13.901  1225  1225 D SurfaceFlinger:      DEVICE | 0xf160f810 | 0100 | RGBA_8888    |    0.0    0.0  720.0   77.0 |    0    0  720   77 | StatusBar$_2532#0
09-29 14:19:13.901  1225  1225 D SurfaceFlinger:      DEVICE | 0xf2e427a0 | 0100 | RGBA_8888    |    0.0    0.0   67.0  218.0 |  653  717  720  935 | com.samsung.android.app.cocktailbars[...]arservice.CocktailBarService$_7087#0
09-29 14:19:13.901  1225  1225 D SurfaceFlinger:      CLIENT | 0xf2e41e00 | 0100 | RGBA_8888    |    0.0    0.0  720.0   84.0 |    0 1476  720 1560 | NavigationBar0$_2532#0
09-29 14:19:13.901  1225  1225 D SurfaceFlinger:      CLIENT | 0xf2893010 | 0108 | RGBA_8888    |    0.0    0.0  720.0 1560.0 |    0    0  720 1560 | BlueLightFilter$_2532#0
09-29 14:19:13.901  1225  1225 D SurfaceFlinger:      CLIENT | 0xf16103e0 | 0140 | RGBA_8888    |    0.0    0.0  720.0  130.0 |    0    0  720  130 | ScreenDecorOverlay$_2532#0
09-29 14:19:13.901  1225  1225 D SurfaceFlinger:
09-29 14:19:13.910  3040  3040 I ViewRootImpl@b2bc37b[LauncherActivity]: handleAppVisibility mAppVisible=true visible=false
09-29 14:19:13.912  2532  2612 D WallpaperService: dispatchAppVisibility onVisibilityChanged(): false
09-29 14:19:13.913  2532  2532 D WallpaperService: reportVisibility onVisibilityChanged visible: false
09-29 14:19:13.913  2532  2671 I ImageWallpaper:  onVisibilityChanged false , 0
09-29 14:19:13.918  1959  4473 D InputMethodManagerServicePhysicalKey: isConnectedDexOnPC false
09-29 14:19:13.919  1959  4473 D InputMethodManagerService: isImeSwitcherDisabledPackage : false
09-29 14:19:13.922 16754 16754 I ViewInteraction: Performing 'single click' action on view view.getId() is <2131231081/com.example.lunchtray:id/next_button>
09-29 14:19:13.925  1225  1225 I Layer   : id=6657 mRemovedFromDrawingState Surface(name=Task=1)/@0xc9465ec - animation-leash of app_transition#0 (118)
09-29 14:19:13.925  1225  1225 I Layer   : id=6658 mRemovedFromDrawingState Surface(name=Task=1036)/@0x214c959 - animation-leash of app_transition#0 (118)
09-29 14:19:13.925  1225  1225 I SurfaceFlinger: id=6658 Removed Surface(name=Task=1036)/@0x214c959 - animation-leash of app_transition#0 (118)
09-29 14:19:13.925  1225  1225 I SurfaceFlinger: id=6657 Removed Surface(name=Task=1)/@0xc9465ec - animation-leash of app_transition#0 (118)
09-29 14:19:13.926  1225  1225 I Layer   : id=6657 Destroyed Surface(name=Task=1)/@0xc9465ec - animation-leash of app_transition#0
09-29 14:19:13.926  1225  1225 I Layer   : id=6658 Destroyed Surface(name=Task=1036)/@0x214c959 - animation-leash of app_transition#0
09-29 14:19:13.926  1959  4383 D InputDispatcher: Inject motion (16754): action=0x0, time=45608109000000, f=0x0, d=0
09-29 14:19:13.927  1959  2330 I InputDispatcher: Delivering touch to (2532): action: 0x4, f=0x0, d=0, 'd353133', t=0
09-29 14:19:13.927  1959  2330 I InputDispatcher: Delivering touch to (16754): action: 0x0, f=0x0, d=0, '137ea93', t=0 +(0,0)*1.00
09-29 14:19:13.927 16754 16754 D LifecycleMonitor: Lifecycle status change: androidx.test.core.app.InstrumentationActivityInvoker$BootstrapActivity@afa80bd in: STOPPED
09-29 14:19:13.927  1959  1977 I GestureDetector: obtain mCurrentDownEvent. id: -238689475 caller: com.android.server.wm.SystemGesturesPointerEventListener.onPointerEvent:179 com.android.server.wm.PointerEventDispatcher.onInputEvent:71 android.view.InputEventReceiver.dispatchInputEvent:259
09-29 14:19:13.928  1959  1977 I GestureDetector: obtain mCurrentDownEvent. id: -238689475 caller: com.android.server.wm.SystemPerformancePointerEventListener.onPointerEvent:89 com.android.server.wm.PointerEventDispatcher.onInputEvent:71 android.view.InputEventReceiver.dispatchInputEvent:259
09-29 14:19:13.928 16754 16754 V ActivityScenario: Activity lifecycle changed event received but ignored because the intent does not match. startActivityIntent=Intent { act=android.intent.action.MAIN cat=[android.intent.category.LAUNCHER] cmp=com.example.lunchtray/androidx.fragment.app.testing.FragmentScenario$EmptyFragmentActivity (has extras) }, activity.getIntent()=Intent { act=android.intent.action.MAIN cat=[android.intent.category.LAUNCHER] flg=0x10008000 cmp=com.example.lunchtray/androidx.test.core.app.InstrumentationActivityInvoker$BootstrapActivity (has extras) }, activity=androidx.test.core.app.InstrumentationActivityInvoker$BootstrapActivity@afa80bd
09-29 14:19:13.929 16754 16754 V ActivityScenario: Activity lifecycle changed event received but ignored because the intent does not match. startActivityIntent=Intent { act=android.intent.action.MAIN cat=[android.intent.category.LAUNCHER] cmp=com.example.lunchtray/androidx.fragment.app.testing.FragmentScenario$EmptyFragmentActivity (has extras) }, activity.getIntent()=Intent { act=android.intent.action.MAIN cat=[android.intent.category.LAUNCHER] flg=0x10008000 cmp=com.example.lunchtray/androidx.test.core.app.InstrumentationActivityInvoker$BootstrapActivity (has extras) }, activity=androidx.test.core.app.InstrumentationActivityInvoker$BootstrapActivity@afa80bd
09-29 14:19:13.930 16754 16754 V ActivityScenario: Activity lifecycle changed event received but ignored because the intent does not match. startActivityIntent=Intent { act=android.intent.action.MAIN cat=[android.intent.category.LAUNCHER] cmp=com.example.lunchtray/androidx.fragment.app.testing.FragmentScenario$EmptyFragmentActivity (has extras) }, activity.getIntent()=Intent { act=android.intent.action.MAIN cat=[android.intent.category.LAUNCHER] flg=0x10008000 cmp=com.example.lunchtray/androidx.test.core.app.InstrumentationActivityInvoker$BootstrapActivity (has extras) }, activity=androidx.test.core.app.InstrumentationActivityInvoker$BootstrapActivity@afa80bd
09-29 14:19:13.930  1959  4473 V WindowManager: Relayout Window{e5aac27 u0 com.sec.android.app.launcher/com.sec.android.app.launcher.activities.LauncherActivity}: viewVisibility=8 req=720x1560 d0
09-29 14:19:13.932 16754 16754 I ViewRootImpl@f9f7ae5[FragmentScenario$EmptyFragmentActivity]: ViewPostIme pointer 0
09-29 14:19:13.935  1959  4473 V WindowManager: Relayout hash=e5aac27, pid=3040: mAttrs={(0,0)(fillxfill) sim={adjust=nothing forwardNavigation} layoutInDisplayCutoutMode=shortEdges ty=BASE_APPLICATION fmt=TRANSPARENT wanim=0x10302f2
09-29 14:19:13.935  1959  4473 V WindowManager:   fl=81910100
09-29 14:19:13.935  1959  4473 V WindowManager:   pfl=1e020040
09-29 14:19:13.935  1959  4473 V WindowManager:   vsysui=1700
09-29 14:19:13.935  1959  4473 V WindowManager:   bhv=SHOW_TRANSIENT_BARS_BY_SWIPE
09-29 14:19:13.935  1959  4473 V WindowManager:   fitSides= naviIconColor=0}
09-29 14:19:13.936  7087  7087 I Utils   : isCurrentUser current = 0, ownerId = 0
09-29 14:19:13.936  3040  3040 I ViewRootImpl@b2bc37b[LauncherActivity]: Relayout returned: old=(0,0,720,1560) new=(0,0,720,1560) req=(720,1560)8 dur=6 res=0x5 s={false 0} ch=true fn=19
09-29 14:19:13.936  7087  7087 I TrayVisibilityController: getComputedTrayVisible : keyguardState = 1
09-29 14:19:13.937  7087  7087 I TrayVisibilityController: updateTrayVisible: State=1 visible=1 mCurrentVisible=1 specificMode=0
09-29 14:19:13.937  7087  7087 I TrayStateController: onNotifyUpdateTray: state=0
09-29 14:19:13.937  3040  3040 I ViewRootImpl@b2bc37b[LauncherActivity]: stopped(true) old=false
09-29 14:19:13.937  3040  3040 I BaseActivity: removeActivityFlags, flags : 17
09-29 14:19:13.938  1225  1262 I SurfaceFlinger: id=6646 Removed OneUiHome-BlurLayer#0 (116)
09-29 14:19:13.938  3040  3040 W LauncherAppWidgetHost: setShouldListenFlag, mFlags:7 flag:start on:false isFront:false
09-29 14:19:13.938  3040  3106 I IMM_LC  : hsifw() - flags=0, caller=android.view.inputmethod.InputMethodManager.hideSoftInputFromWindow:1858 android.view.inputmethod.InputMethodManager.hideSoftInputFromWindow:1827 com.android.launcher3.util.UiThreadHelper$UiCallbacks.handleMessage:103 android.os.Handler.dispatchMessage:102 android.os.Looper.loopOnce:226
09-29 14:19:13.938  3040  3106 I IMM_LC  : hideSoftInputFromWindow - mService.hideSoftInput
09-29 14:19:13.938  1959  4473 I AppWidgetServiceImpl: stopListening callbacks : null
09-29 14:19:13.939  3040  3040 W LauncherAppWidgetHost: stopListening, mFlags:2 isFront:false
09-29 14:19:13.939  3040  3040 W Launcher.NotificationListener: removeNotificationsChangedListener
09-29 14:19:13.939  3040  3040 I BadgeCountUpdaterImpl: onNotificationsChangedDisConnected
09-29 14:19:13.939  3040  3040 I Launcher.NotificationListener: unregisterObserver, this is not notificationService!!
09-29 14:19:13.939  3040  3106 I LiveIconUpdateEventHandler: LiveIcon onStop
09-29 14:19:13.940  3040  3106 I LiveIconUpdateEventHandler: cancelMinuteChangeAlarm
09-29 14:19:13.941  3040  3106 I LiveIconUpdateEventHandler: cancelDateChangeAlarm
09-29 14:19:13.942  3040  3106 I LiveIconUpdateEventHandler: unregisterReceiver
09-29 14:19:13.958  1225  1225 I Layer   : id=6643 mRemovedFromDrawingState com.sec.android.app.launcher/com.sec.android.app.launcher.activities.LauncherActivity$_3040#0 (116)
09-29 14:19:13.958  1225  1225 I Layer   : id=6646 mRemovedFromDrawingState OneUiHome-BlurLayer#0 (116)
09-29 14:19:13.958  1225  1225 I SurfaceFlinger: id=6643 Removed com.sec.android.app.launcher/com.sec.android.app.launcher.activities.LauncherActivity$_3040#0 (116)
09-29 14:19:13.959  1225  1225 I Layer   : id=6643 Destroyed com.sec.android.app.launcher/com.sec.android.app.launcher.activities.LauncherActivity$_3040#0
09-29 14:19:13.959  1225  1225 I Layer   : id=6646 Destroyed OneUiHome-BlurLayer#0
09-29 14:19:13.966  1959  4490 D InputDispatcher: Inject motion (16754): action=0x1, time=45608149000000, f=0x0, d=0
09-29 14:19:13.966  1959  2426 W SemWifiTransportLayerUtils: getApplicationCategory - IOException com.example.lunchtray
09-29 14:19:13.966  1959  2330 I InputDispatcher: Delivering touch to (16754): action: 0x1, f=0x0, d=0, '137ea93', t=1
09-29 14:19:13.966  1959  2426 W System.err: java.io.FileNotFoundException: https://play.google.com/store/apps/details?id=com.example.lunchtray&hl=en
09-29 14:19:13.966  1959  2426 W System.err: 	at com.android.okhttp.internal.huc.HttpURLConnectionImpl.getInputStream(HttpURLConnectionImpl.java:255)
09-29 14:19:13.966  1959  2426 W System.err: 	at com.android.okhttp.internal.huc.DelegatingHttpsURLConnection.getInputStream(DelegatingHttpsURLConnection.java:211)
09-29 14:19:13.966  1959  2426 W System.err: 	at com.android.okhttp.internal.huc.HttpsURLConnectionImpl.getInputStream(HttpsURLConnectionImpl.java:30)
09-29 14:19:13.966  1959  2426 W System.err: 	at com.samsung.android.server.wifi.tcp.SemWifiTransportLayerUtils.getApplicationCategory(SemWifiTransportLayerUtils.java:104)
09-29 14:19:13.966  1959  1977 I GestureDetector: obtain mCurrentMotionEventRaw. action: 1 id: -1009608680
09-29 14:19:13.966  1959  2426 W System.err: 	at com.samsung.android.server.wifi.tcp.SemWifiTransportLayerMonitor$TcpMonitorHandler.handleMessage(SemWifiTransportLayerMonitor.java:244)
09-29 14:19:13.966  1959  2426 W System.err: 	at android.os.Handler.dispatchMessage(Handler.java:106)
09-29 14:19:13.966  1959  2426 W System.err: 	at android.os.Looper.loopOnce(Looper.java:226)
09-29 14:19:13.966  1959  2426 W System.err: 	at android.os.Looper.loop(Looper.java:313)
09-29 14:19:13.966  1959  2426 W System.err: 	at android.os.HandlerThread.run(HandlerThread.java:67)
09-29 14:19:13.967  1959  1977 I GestureDetector: obtain mCurrentMotionEventRaw. action: 1 id: -1009608680
09-29 14:19:13.967 16754 16754 I ViewRootImpl@f9f7ae5[FragmentScenario$EmptyFragmentActivity]: ViewPostIme pointer 1
09-29 14:19:13.967  1959  2426 D SemWifiPackageInfo: isSkipCategory - skip:FAILED
09-29 14:19:13.967  1959  2426 D SemWifiTransportLayerMonitor.TcpMonitorHandler: MSG_SAVE_PACKAGE_INFO
09-29 14:19:13.967  1959  2426 D SemWifiTransportLayerFileManager: saveWifiPackageInfoToFile
09-29 14:19:13.967  1959  2426 D SemWifiTransportLayerFileManager: writeWifiPackageInfoList
09-29 14:19:14.139  1959  2422 D SemNscXgbMsL1: Probability - Cloud gaming: [0.019847594]
09-29 14:19:14.139  1959  2422 D SemNscXgbMsL1: Probability - Real time: [0.22553809]
09-29 14:19:14.139  1959  2422 D SemNscXgbMsL1: Probability - Non real time: [0.69052637]
09-29 14:19:14.139  1959  2422 D SemNscXgbMsL1: 1 sample inference time: 0.529635 msecs
09-29 14:19:14.140  1959  2422 D SemNscXgbL2Rt: L2 RT 1 sample inference time: 0.890885 msecs
09-29 14:19:14.141  1959  2422 D SemNscXgbL2Nrt: L2 NRT 1 sample inference time: 0.67349 msecs
09-29 14:19:14.206 16754 16778 I TestRunner: finished: navigate_to_checkout_from_accompaniment_menu(com.example.lunchtray.NavigationTests)
