09-29 14:19:19.441  1959  3763 V WindowManager:   fitSides= naviIconColor=0}
09-29 14:19:19.447 16754 16754 I ViewRootImpl@dc0ddec[FragmentScenario$EmptyFragmentActivity]: Relayout returned: old=(0,0,720,1560) new=(0,0,720,1560) req=(720,1560)0 dur=13 res=0x7 s={true 4131346432} ch=true fn=-1
09-29 14:19:19.449 16754 16786 D OpenGLRenderer: eglCreateWindowSurface
09-29 14:19:19.450 16754 16754 I ViewRootImpl@dc0ddec[FragmentScenario$EmptyFragmentActivity]: [DP] dp(1) 1 android.view.ViewRootImpl.reportNextDraw:11420 android.view.ViewRootImpl.performTraversals:4193 android.view.ViewRootImpl.doTraversal:2919
09-29 14:19:19.451 16754 16754 D ViewRootImpl@dc0ddec[FragmentScenario$EmptyFragmentActivity]: Creating frameDrawingCallback nextDrawUseBlastSync=false reportNextDraw=true hasBlurUpdates=false
09-29 14:19:19.451 16754 16754 D ViewRootImpl@dc0ddec[FragmentScenario$EmptyFragmentActivity]: Creating frameCompleteCallback
09-29 14:19:19.454 16754 16798 D ViewRootImpl@dc0ddec[FragmentScenario$EmptyFragmentActivity]: Received frameDrawingCallback frameNum=1. Creating transactionCompleteCallback=false
09-29 14:19:19.457 16754 16786 D ViewRootImpl@dc0ddec[FragmentScenario$EmptyFragmentActivity]: Received frameCompleteCallback  lastAcquiredFrameNum=1 lastAttemptedDrawFrameNum=1
09-29 14:19:19.459 16754 16754 I ViewRootImpl@dc0ddec[FragmentScenario$EmptyFragmentActivity]: [DP] pdf(0) 1 android.view.ViewRootImpl.lambda$addFrameCompleteCallbackIfNeeded$3$ViewRootImpl:4995 android.view.ViewRootImpl$$ExternalSyntheticLambda16.run:6 android.os.Handler.handleCallback:938
09-29 14:19:19.459 16754 16754 I ViewRootImpl@dc0ddec[FragmentScenario$EmptyFragmentActivity]: [DP] rdf()
09-29 14:19:19.459 16754 16754 D ViewRootImpl@dc0ddec[FragmentScenario$EmptyFragmentActivity]: reportDrawFinished (fn: -1)
09-29 14:19:19.460  1225  1225 I Layer   : id=6789 mRemovedFromDrawingState Surface(name=dc80c0c StatusBar)/@0xa84aeb6 - animation-leash of insets_animation#0 (127)
09-29 14:19:19.460  1225  1225 I Layer   : id=6790 mRemovedFromDrawingState Surface(name=d353133 NavigationBar0)/@0x5ff568d - animation-leash of insets_animation#1 (127)
09-29 14:19:19.461 16754 16754 D InsetsSourceConsumer: ensureControlAlpha: for ITYPE_NAVIGATION_BAR on com.example.lunchtray/androidx.fragment.app.testing.FragmentScenario$EmptyFragmentActivity
09-29 14:19:19.461  1225  1225 I SurfaceFlinger: id=6789 Removed Surface(name=dc80c0c StatusBar)/@0xa84aeb6 - animation-leash of insets_animation#0 (127)
09-29 14:19:19.461  1225  1225 I SurfaceFlinger: id=6790 Removed Surface(name=d353133 NavigationBar0)/@0x5ff568d - animation-leash of insets_animation#1 (127)
09-29 14:19:19.461  1225  1225 I Layer   : id=6789 Destroyed Surface(name=dc80c0c StatusBar)/@0xa84aeb6 - animation-leash of insets_animation#0
09-29 14:19:19.461  1225  1225 I Layer   : id=6790 Destroyed Surface(name=d353133 NavigationBar0)/@0x5ff568d - animation-leash of insets_animation#1
09-29 14:19:19.462 16754 16754 D InsetsSourceConsumer: ensureControlAlpha: for ITYPE_STATUS_BAR on com.example.lunchtray/androidx.fragment.app.testing.FragmentScenario$EmptyFragmentActivity
09-29 14:19:19.463  1959  2623 D InputDispatcher: Focus request (0): 6d54b27 com.example.lunchtray/androidx.fragment.app.testing.FragmentScenario$EmptyFragmentActivity but waiting because NOT_VISIBLE
09-29 14:19:19.464  1959  1976 W ziparchive: Unable to open '/data/app/~~7D76P2H1HWDlPQFjj9otvw==/com.example.lunchtray-7f989hBMTvJprbR3YAKmNg==/base.dm': No such file or directory
09-29 14:19:19.465  1959  1976 E libperflog: [LIBPERFLOG] socket_local_client fail = -1
09-29 14:19:19.465  1959  1976 I PkgPredictorService-SecIpmManagerServiceImpl: reportToNAP uid:10367 com.example.lunchtray/androidx.fragment.app.testing.FragmentScenario$EmptyFragmentActivity thisTime:234
09-29 14:19:19.465  1959  2623 I SemDvfsHyPerManager: acquire hyper - AMS_RESUME_TAIL/1959@15, type = -999
09-29 14:19:19.465  1959  2623 I SemDvfsHyPerManager: acquire hyper - AMS_ACT_LAZY/1959@16, type = -999
09-29 14:19:19.466  1159  1204 I HYPER-HAL: [RequestManager.cpp]acquire(): Acquired ID : 1949340  [1959 / 15]    HINT : AMS_RESUME_TAIL    list :
09-29 14:19:19.466  1959  2946 W libprocessgroup: Failed to find DoNothingOlaftask profile: Success
09-29 14:19:19.467  1959  1976 I ActivityTaskManager: Displayed com.example.lunchtray/androidx.fragment.app.testing.FragmentScenario$EmptyFragmentActivity: +234ms
09-29 14:19:19.467  1159  1204 I HYPER-HAL: [RequestManager.cpp]acquire(): Acquired ID : 1951316  [1959 / 16]    HINT : AMS_ACT_LAZY    list :
09-29 14:19:19.467  3727  3727 E pageboostd: Received HALT command code 2
09-29 14:19:19.468  3040  4075 I RecentModel: onTaskStackChangedBackground
09-29 14:19:19.468  1179  1215 E ANDR-PERF-OPTSHANDLER: Perflock resource /sys/module/lpm_levels/parameters/bias_hyst not supported
09-29 14:19:19.468  1179  1215 E ANDR-PERF-RESOURCEQS: Failed to apply optimization [1, 2]
09-29 14:19:19.468  1159  1204 I HYPER-HAL: [RequestManager.cpp]releaseLocked(): Released ID : 1953293
09-29 14:19:19.469  1179  1215 E ANDR-PERF-OPTSHANDLER: Perflock resource /proc/sys/kernel/sched_spill_nr_run not supported
09-29 14:19:19.469  1179  1215 E ANDR-PERF-RESOURCEQS: Failed to apply optimization [3, 11]
09-29 14:19:19.469  3040  4075 I RecentTasksList: getTaskKeys, numTasks :3 callback : com.android.quickstep.-$$Lambda$RecentsModel$k1Mm-BV64Bc89eJHYugywZmW_Js@70387cb
09-29 14:19:19.469  1159  1159 E HYPER-HAL: [SysfsControlManager.cpp]writeSysfs(): Couldn't Open Sysfs - /sys/devices/system/cpu/cpufreq/interactive/io_is_busy
09-29 14:19:19.469  1225  2020 I SurfaceFlinger: id=6796 createSurf (0x0),-1 flag=24000, Surface(name=6d54b27 com.example.lunchtray/androidx.fragment.app.testing.FragmentScenario$EmptyFragmentActivity)/@0x4be781f - animation-leash of starting_reveal#0
09-29 14:19:19.473  3040  3106 I RecentTasksList: loadTasksInBackground() task id : 1029
09-29 14:19:19.473  3040  3106 I RecentTasksList: loadTasksInBackground() task id : 1041
09-29 14:19:19.475 16754 16754 D ScrollView: initGoToTop
09-29 14:19:19.478  1959  8231 D InputDispatcher: Focus entered window (0): 6d54b27 com.example.lunchtray/androidx.fragment.app.testing.FragmentScenario$EmptyFragmentActivity
09-29 14:19:19.479  2532  3219 I ViewRootImpl@283ada7[lunchtray]: mWNT: t = android.view.SurfaceControl$Transaction@d1fec3e fN = 2 android.view.SyncRtSurfaceTransactionApplier.applyTransaction:94 android.view.SyncRtSurfaceTransactionApplier.lambda$scheduleApply$0$SyncRtSurfaceTransactionApplier:71 android.view.SyncRtSurfaceTransactionApplier$$ExternalSyntheticLambda0.onFrameDraw:4
09-29 14:19:19.479  2532  3219 I ViewRootImpl@283ada7[lunchtray]: mWNT: merge t to BBQ
09-29 14:19:19.480  2532  3219 I ViewRootImpl@283ada7[lunchtray]: mWNT: t = android.view.SurfaceControl$Transaction@686aa9f fN = 2 android.view.SyncRtSurfaceTransactionApplier.applyTransaction:94 android.view.SyncRtSurfaceTransactionApplier.lambda$scheduleApply$0$SyncRtSurfaceTransactionApplier:71 android.view.SyncRtSurfaceTransactionApplier$$ExternalSyntheticLambda0.onFrameDraw:4
09-29 14:19:19.480  2532  3219 I ViewRootImpl@283ada7[lunchtray]: mWNT: merge t to BBQ
09-29 14:19:19.484  1225  1225 D SurfaceFlinger: Display 0 HWC layers:
09-29 14:19:19.484  1225  1225 D SurfaceFlinger:      DEVICE | 0xf2e41a10 | 0100 | RGBx_8888    |  420.0    0.0 1140.0 1560.0 |    0    0  720 1560 | Wallpaper BBQ wrapper#0
09-29 14:19:19.484  1225  1225 D SurfaceFlinger:      DEVICE | 0xf1ab2890 | 0100 | RGBA_8888    |    0.0    0.0  720.0 1560.0 |    0    0  720 1560 | com.sec.android.app.launcher/com.sec[...].activities.LauncherActivity$_3040#0
09-29 14:19:19.484  1225  1225 D SurfaceFlinger:      DEVICE | 0xf16127c0 | 0102 | RGBA_8888    |    0.0    0.0  720.0 1560.0 |    7   16  713 1544 | com.example.lunchtray/androidx.fragm[...]nario$EmptyFragmentActivity$_16754#0
09-29 14:19:19.484  1225  1225 D SurfaceFlinger:      CLIENT | 0xf160fd50 | 0100 | RGBA_8888    |    0.0    0.0  720.0 1560.0 |    7   16  713 1544 | Splash Screen com.example.lunchtray$_2532#0
09-29 14:19:19.484  1225  1225 D SurfaceFlinger:      CLIENT | 0xf160f810 | 0100 | RGBA_8888    |    0.0    0.0  720.0   77.0 |    0    0  720   77 | StatusBar$_2532#0
09-29 14:19:19.484  1225  1225 D SurfaceFlinger:      CLIENT | 0xf2e427a0 | 0100 | RGBA_8888    |    0.0    0.0   67.0  218.0 |  653  717  720  935 | com.samsung.android.app.cocktailbars[...]arservice.CocktailBarService$_7087#0
09-29 14:19:19.484  1225  1225 D SurfaceFlinger:      CLIENT | 0xf2e41e00 | 0100 | RGBA_8888    |    0.0    0.0  720.0   84.
09-29 14:19:19.484  1225  1225 D SurfaceFlinger: 0 |    0 1476  720 1560 | NavigationBar0$_2532#0
09-29 14:19:19.484  1225  1225 D SurfaceFlinger:      CLIENT | 0xf2893010 | 0108 | RGBA_8888    |    0.0    0.0  720.0 1560.0 |    0    0  720 1560 | BlueLightFilter$_2532#0
09-29 14:19:19.484  1225  1225 D SurfaceFlinger:      CLIENT | 0xf16103e0 | 0140 | RGBA_8888    |    0.0    0.0  720.0  130.0 |    0    0  720  130 | ScreenDecorOverlay$_2532#0
09-29 14:19:19.484  1225  1225 D SurfaceFlinger:
09-29 14:19:19.494  2532  3218 I ViewRootImpl@283ada7[lunchtray]: mWNT: t = android.view.SurfaceControl$Transaction@54d47ec fN = 3 android.view.SyncRtSurfaceTransactionApplier.applyTransaction:94 android.view.SyncRtSurfaceTransactionApplier.lambda$scheduleApply$0$SyncRtSurfaceTransactionApplier:71 android.view.SyncRtSurfaceTransactionApplier$$ExternalSyntheticLambda0.onFrameDraw:4
09-29 14:19:19.494  2532  3218 I ViewRootImpl@283ada7[lunchtray]: mWNT: merge t to BBQ
09-29 14:19:19.511  2532  3219 I ViewRootImpl@283ada7[lunchtray]: mWNT: t = android.view.SurfaceControl$Transaction@a59b7b5 fN = 4 android.view.SyncRtSurfaceTransactionApplier.applyTransaction:94 android.view.SyncRtSurfaceTransactionApplier.lambda$scheduleApply$0$SyncRtSurfaceTransactionApplier:71 android.view.SyncRtSurfaceTransactionApplier$$ExternalSyntheticLambda0.onFrameDraw:4
09-29 14:19:19.511  2532  3219 I ViewRootImpl@283ada7[lunchtray]: mWNT: merge t to BBQ
09-29 14:19:19.527  2532  2677 D OpenGLRenderer: setSurface called with nullptr
09-29 14:19:19.527  2532  2677 D OpenGLRenderer: setSurface() destroyed EGLSurface
09-29 14:19:19.527  2532  2677 D OpenGLRenderer: destroyEglSurface
09-29 14:19:19.529  1959  8231 V WindowManager: Relayout Window{6dec6e3 u0 Splash Screen com.example.lunchtray}: viewVisibility=8 req=720x1560 d0
09-29 14:19:19.530  1225  2020 I SurfaceFlinger: id=6797 createSurf (0x0),-1 flag=24000, Surface(name=6dec6e3 Splash Screen com.example.lunchtray)/@0x9c6b28 - animation-leash of window_animation#0
09-29 14:19:19.535  1959  8231 V WindowManager: Relayout hash=6dec6e3, pid=2532: mAttrs={(0,0)(fillxfill) sim={adjust=pan} ty=APPLICATION_STARTING fmt=TRANSLUCENT wanim=0x1030001
09-29 14:19:19.535  1959  8231 V WindowManager:   fl=81030118
09-29 14:19:19.535  1959  8231 V WindowManager:   pfl=36000010
09-29 14:19:19.535  1959  8231 V WindowManager:   bhv=DEFAULT
09-29 14:19:19.535  1959  8231 V WindowManager:   fitSides= naviIconColor=0}
09-29 14:19:19.537  2532  2608 I ViewRootImpl@283ada7[lunchtray]: Relayout returned: old=(0,0,720,1560) new=(0,0,720,1560) req=(720,1560)8 dur=8 res=0x5 s={false 0} ch=true fn=5
09-29 14:19:19.537  2532  2608 I ViewRootImpl@283ada7[lunchtray]: dispatchDetachedFromWindow
09-29 14:19:19.538  1959  8231 D InputTransport: Input channel destroyed: '6dec6e3', fd=621
09-29 14:19:19.538  1959  8231 W InputManager-JNI: Input channel object '6dec6e3 Splash Screen com.example.lunchtray (client)' was disposed without first being removed with the input manager!
09-29 14:19:19.538  1959  8231 D InputTransport: Input channel destroyed: '6dec6e3', fd=646
09-29 14:19:19.540  2532  2608 D InputTransport: Input channel destroyed: '6dec6e3', fd=163
09-29 14:19:19.543  1225  1225 I Layer   : id=6796 mRemovedFromDrawingState Surface(name=6d54b27 com.example.lunchtray/androidx.fragment.app.testing.FragmentScenario$EmptyFragmentActivity)/@0x4be781f - animation-leash of starting_reveal#0 (127)
09-29 14:19:19.578  1959  8231 V WindowManager: Relayout Window{6d54b27 u0 com.example.lunchtray/androidx.fragment.app.testing.FragmentScenario$EmptyFragmentActivity}: viewVisibility=0 req=720x1560 d0
09-29 14:19:19.582  1959  8231 V WindowManager: Relayout hash=6d54b27, pid=16754: mAttrs={(0,0)(fillxfill) sim={adjust=resize forwardNavigation} ty=BASE_APPLICATION wanim=0x1030303
09-29 14:19:19.582  1959  8231 V WindowManager:   fl=81810100
09-29 14:19:19.582  1959  8231 V WindowManager:   pfl=12020040
09-29 14:19:19.582  1959  8231 V WindowManager:   bhv=DEFAULT
09-29 14:19:19.582  1959  8231 V WindowManager:   fitSides= naviIconColor=0}
09-29 14:19:19.587 16754 16754 I ViewRootImpl@dc0ddec[FragmentScenario$EmptyFragmentActivity]: Relayout returned: old=(0,0,720,1560) new=(0,0,720,1560) req=(720,1560)0 dur=10 res=0x1 s={true 4131346432} ch=false fn=2
09-29 14:19:19.589 16754 16754 D ScrollView:  onsize change changed
09-29 14:19:19.601 16754 16754 I ViewRootImpl@dc0ddec[FragmentScenario$EmptyFragmentActivity]: MSG_WINDOW_FOCUS_CHANGED 1 1
09-29 14:19:19.604 16754 16754 D InputMethodManager: startInputInner - Id : 0
09-29 14:19:19.604 16754 16754 I InputMethodManager: startInputInner - mService.startInputOrWindowGainedFocus
09-29 14:19:19.605  1959  8231 D InputMethodManagerService: mDesktopModeManager null!
09-29 14:19:19.605  1959  8231 V InputMethodManagerService: getDisplayIdOfInputMethodWindowToBeAdded : 0
09-29 14:19:19.606  1959  8231 D InputMethodManagerService: checkDisplayOfStartInputAndUpdateKeyboard display Id 0last 0
09-29 14:19:19.606  1959  8231 D InputTransport: Input channel constructed: 'ClientS', fd=621
09-29 14:19:19.606  1959  8231 D InputTransport: Input channel destroyed: 'ClientS', fd=621
09-29 14:19:19.606  4723  4723 I HBD     : HoneyBoardService onFinishInput
09-29 14:19:19.607  4723  4723 I HBD     : a IC have been unbinding,  InputConnectionWrapper{idHash=#77ca9ad mMissingMethods=}
09-29 14:19:19.607  4723  4723 I HBD     : HoneyBoardService [PF_CL][onFinishInput]  492292 ns
09-29 14:19:19.607  4723  4723 I HBD     : HoneyBoardService [IMI] onStartInput - caller pid : 16754 , caller uid : 10367
09-29 14:19:19.607  4723  4723 I HBD     : j updateConfigs
09-29 14:19:19.607  4723  4723 I HBD     : j isEnabledNightMode : true
09-29 14:19:19.608  4723  4723 I HBD     : a IC have been binding, InputConnectionWrapper{idHash=#d89c073 mMissingMethods=}
09-29 14:19:19.608  4723  4723 I HBD     : h [EditorInputType]setPrivateImeOptionsToTable privateImeOptions ( null )
09-29 14:19:19.608  4723  4723 I HBD     : b incognitoMode : false
09-29 14:19:19.608  1225  1262 I SurfaceFlinger: id=6798 createSurf (0x0),-1 flag=24004, Surface(name=d612f11 InputMethod)/@0x240ab13 - animation-leash of insets_animation#1
09-29 14:19:19.608  4723  4723 I HBD     : a needOff = true , isForceOff = false, isNullInputClass : true
09-29 14:19:19.608  4723  4723 I HBD     : h getDefaultInputRange : UNKNOWN
09-29 14:19:19.608  4723  4723 I HBD     : h getDefaultInputRange : UNKNOWN
09-29 14:19:19.608  4723  4723 I HBD     : h getDefaultInputRange : UNKNOWN
09-29 14:19:19.609  4723  4723 I HBD     : a needOff = true , isForceOff = false, isNullInputClass : true
09-29 14:19:19.609  4723  4723 I HBD     : a update cached prediction status : false
09-29 14:19:19.610  4723  4723 I HBD     : h getDefaultInputRange : UNKNOWN
09-29 14:19:19.610  4723  4723 I HBD     : a currentState : 0
09-29 14:19:19.610  1225  1225 I Layer   : id=6786 mRemovedFromDrawingState Splash Screen com.example.lunchtray$_2532#0 (128)
09-29 14:19:19.610  1225  1225 I Layer   : id=6785 mRemovedFromDrawingState 6dec6e3 Splash Screen com.example.lunchtray#0 (128)
09-29 14:19:19.610  1225  1225 I Layer   : id=6797 mRemovedFromDrawingState Surface(name=6dec6e3 Splash Screen com.example.lunchtray)/@0x9c6b28 - animation-leash of window_animation#0 (128)
09-29 14:19:19.610  1225  1225 I SurfaceFlinger: id=6785 Removed 6dec6e3 Splash Screen com.example.lunchtray#0 (128)
09-29 14:19:19.611  1225  1225 I SurfaceFlinger: id=6786 Removed Splash Screen com.example.lunchtray$_2532#0 (128)
09-29 14:19:19.611  1225  1225 I SurfaceFlinger: id=6797 Removed Surface(name=6dec6e3 Splash Screen com.example.lunchtray)/@0x9c6b28 - animation-leash of window_animation#0 (128)
09-29 14:19:19.611  1225  1225 I Layer   : id=6797 Destroyed Surface(name=6dec6e3 Splash Screen com.example.lunchtray)/@0x9c6b28 - animation-leash of window_animation#0
09-29 14:19:19.611  1225  1225 I Layer   : id=6785 Destroyed 6dec6e3 Splash Screen com.example.lunchtray#0
09-29 14:19:19.611  4723  4723 I HBD     : h load selected json path : /data/user/0/com.samsung.android.honeyboard/files/selected.json
09-29 14:19:19.611  4723  4723 I HBD     : h load selected json info : {"version":"1.0","currentLanguageOrder":0,"selected":[{"activeOptionList":["auto_spacing","writing_assistant"],"engName":"English","id":65537,"inputType":"qwerty","isUsed":true},{"activeOptionList":["auto_spacing"],"engName":"Arabic","id":5308416,"inputType":"qwerty","isUsed":true}]}
09-29 14:19:19.612  4723  4723 I HBD     : a [UpdatePolicy] [post] a: 0 cl: 65537 kit: [0/0] vt: 0 ir: 1
09-29 14:19:19.614  1225  1225 I Layer   : id=6786 Destroyed Splash Screen com.example.lunchtray$_2532#0
09-29 14:19:19.614  4723  4723 I HBD     : HoneyBoardService [PF_OP][onStartInput]  6357291 ns
09-29 14:19:19.617  1959  3763 D InputMethodManagerServicePhysicalKey: isConnectedDexOnPC false
09-29 14:19:19.617  1959  3763 D InputMethodManagerService: isImeSwitcherDisabledPackage : false
09-29 14:19:19.621  1225  1225 D SurfaceFlinger: Display 0 HWC layers:
09-29 14:19:19.621  1225  1225 D SurfaceFlinger:      DEVICE | 0xf2e41a10 | 0100 | RGBx_8888    |  420.0    0.0 1140.0 1560.0 |    0    0  720 1560 | Wallpaper BBQ wrapper#0
09-29 14:19:19.621  1225  1225 D SurfaceFlinger:      DEVICE | 0xf1ab2890 | 0100 | RGBA_8888    |    0.0    0.0  720.0 1560.0 |    0    0  720 1560 | com.sec.android.app.launcher/com.sec[...].activities.LauncherActivity$_3040#0
09-29 14:19:19.621  1225  1225 D SurfaceFlinger:      DEVICE | 0xf160e930 | 0102 | RGBA_8888    |    0.0    0.0  720.0 1560.0 |    0    1  720 1559 | com.example.lunchtray/androidx.fragm[...]nario$EmptyFragmentActivity$_16754#0
09-29 14:19:19.621  1225  1225 D SurfaceFlinger:      CLIENT | 0xf160f810 | 0100 | RGBA_8888    |    0.0    0.0  720.0   77.0 |    0    0  720   77 | StatusBar$_2532#0
09-29 14:19:19.621  1225  1225 D SurfaceFlinger:      CLIENT | 0xf2e427a0 | 0100 | RGBA_8888    |    0.0    0.0   67.0  218.0 |  653  717  720  935 | com.samsung.android.app.cocktailbars[...]arservice.CocktailBarService$_7087#0
09-29 14:19:19.621  1225  1225 D SurfaceFlinger:      CLIENT | 0xf2e41e00 | 0100 | RGBA_8888    |    0.0    0.0  720.0   84.0 |    0 1476  720 1560 | NavigationBar0$_2532#0
09-29 14:19:19.621  1225  1225 D SurfaceFlinger:      CLIENT | 0xf2893010 | 0108 | RGBA_8888    |    0.0    0.0  720.0 1560.0 |    0    0  720 15
09-29 14:19:19.622  1225  1225 D SurfaceFlinger: 60 | BlueLightFilter$_2532#0
09-29 14:19:19.622  1225  1225 D SurfaceFlinger:      CLIENT | 0xf16103e0 | 0140 | RGBA_8888    |    0.0    0.0  720.0  130.0 |    0    0  720  130 | ScreenDecorOverlay$_2532#0
09-29 14:19:19.622  1225  1225 D SurfaceFlinger:
09-29 14:19:19.627  1225  1225 I Layer   : id=6781 mRemovedFromDrawingState Surface(name=d612f11 InputMethod)/@0x240ab13 - animation-leash of insets_animation#0 (125)
09-29 14:19:19.627  1225  1225 I SurfaceFlinger: id=6781 Removed Surface(name=d612f11 InputMethod)/@0x240ab13 - animation-leash of insets_animation#0 (125)
09-29 14:19:19.627  1225  1225 I Layer   : id=6781 Destroyed Surface(name=d612f11 InputMethod)/@0x240ab13 - animation-leash of insets_animation#0
09-29 14:19:19.633  1225  1225 D SurfaceFlinger: Display 0 HWC layers:
09-29 14:19:19.633  1225  1225 D SurfaceFlinger:      DEVICE | 0xf2e46940 | 0102 | RGBA_8888    |    0.0    0.0  720.0 1560.0 |    0    0  720 1560 | com.example.lunchtray/androidx.fragm[...]nario$EmptyFragmentActivity$_16754#0
09-29 14:19:19.633  1225  1225 D SurfaceFlinger:      DEVICE | 0xf160f810 | 0100 | RGBA_8888    |    0.0    0.0  720.0   77.0 |    0    0  720   77 | StatusBar$_2532#0
09-29 14:19:19.633  1225  1225 D SurfaceFlinger:      DEVICE | 0xf2e427a0 | 0100 | RGBA_8888    |    0.0    0.0   67.0  218.0 |  653  717  720  935 | com.samsung.android.app.cocktailbars[...]arservice.CocktailBarService$_7087#0
09-29 14:19:19.633  1225  1225 D SurfaceFlinger:      CLIENT | 0xf2e41e00 | 0100 | RGBA_8888    |    0.0    0.0  720.0   84.0 |    0 1476  720 1560 | NavigationBar0$_2532#0
09-29 14:19:19.633  1225  1225 D SurfaceFlinger:      CLIENT | 0xf2893010 | 0108 | RGBA_8888    |    0.0    0.0  720.0 1560.0 |    0    0  720 1560 | BlueLightFilter$_2532#0
09-29 14:19:19.633  1225  1225 D SurfaceFlinger:      CLIENT | 0xf16103e0 | 0140 | RGBA_8888    |    0.0    0.0  720.0  130.0 |    0    0  720  130 | ScreenDecorOverlay$_2532#0
09-29 14:19:19.633  1225  1225 D SurfaceFlinger:
09-29 14:19:19.644 16754 16754 I ViewInteraction: Performing 'single click' action on view view.getId() is <2131230842/com.example.lunchtray:id/cancel_button>
09-29 14:19:19.645  3040  3040 I ViewRootImpl@b2bc37b[LauncherActivity]: handleAppVisibility mAppVisible=true visible=false
09-29 14:19:19.647  2532 16704 D WallpaperService: dispatchAppVisibility onVisibilityChanged(): false
09-29 14:19:19.647  2532  2532 D WallpaperService: reportVisibility onVisibilityChanged visible: false
09-29 14:19:19.647  2532  2671 I ImageWallpaper:  onVisibilityChanged false , 0
09-29 14:19:19.648  1959  8231 D InputDispatcher: Inject motion (16754): action=0x0, time=45613831000000, f=0x0, d=0
09-29 14:19:19.648  1959  2330 I InputDispatcher: Delivering touch to (2532): action: 0x4, f=0x0, d=0, 'd353133', t=0
09-29 14:19:19.648  1959  2330 I InputDispatcher: Delivering touch to (16754): action: 0x0, f=0x0, d=0, '6d54b27', t=0 +(0,0)*1.00
09-29 14:19:19.649  1959  1977 I GestureDetector: obtain mCurrentDownEvent. id: -714054187 caller: com.android.server.wm.SystemGesturesPointerEventListener.onPointerEvent:179 com.android.server.wm.PointerEventDispatcher.onInputEvent:71 android.view.InputEventReceiver.dispatchInputEvent:259
09-29 14:19:19.649  1959  1977 I GestureDetector: obtain mCurrentDownEvent. id: -714054187 caller: com.android.server.wm.SystemPerformancePointerEventListener.onPointerEvent:89 com.android.server.wm.PointerEventDispatcher.onInputEvent:71 android.view.InputEventReceiver.dispatchInputEvent:259
09-29 14:19:19.649 16754 16754 I ViewRootImpl@dc0ddec[FragmentScenario$EmptyFragmentActivity]: ViewPostIme pointer 0
09-29 14:19:19.659 16754 16754 D LifecycleMonitor: Lifecycle status change: androidx.test.core.app.InstrumentationActivityInvoker$BootstrapActivity@8966306 in: STOPPED
09-29 14:19:19.660 16754 16754 V ActivityScenario: Activity lifecycle changed event received but ignored because the intent does not match. startActivityIntent=Intent { act=android.intent.action.MAIN cat=[android.intent.category.LAUNCHER] cmp=com.example.lunchtray/androidx.fragment.app.testing.FragmentScenario$EmptyFragmentActivity (has extras) }, activity.getIntent()=Intent { act=android.intent.action.MAIN cat=[android.intent.category.LAUNCHER] flg=0x10008000 cmp=com.example.lunchtray/androidx.test.core.app.InstrumentationActivityInvoker$BootstrapActivity (has extras) }, activity=androidx.test.core.app.InstrumentationActivityInvoker$BootstrapActivity@8966306
09-29 14:19:19.660  1225  1225 I Layer   : id=6787 mRemovedFromDrawingState Surface(name=Task=1)/@0xc9465ec - animation-leash of app_transition#0 (124)
09-29 14:19:19.660 16754 16754 V ActivityScenario: Activity lifecycle changed event received but ignored because the intent does not match. startActivityIntent=Intent { act=android.intent.action.MAIN cat=[android.intent.category.LAUNCHER] cmp=com.example.lunchtray/androidx.fragment.app.testing.FragmentScenario$EmptyFragmentActivity (has extras) }, activity.getIntent()=Intent { act=android.intent.action.MAIN cat=[android.intent.category.LAUNCHER] flg=0x10008000 cmp=com.example.lunchtray/androidx.test.core.app.InstrumentationActivityInvoker$BootstrapActivity (has extras) }, activity=androidx.test.core.app.InstrumentationActivityInvoker$BootstrapActivity@8966306
09-29 14:19:19.660  1225  1225 I Layer   : id=6788 mRemovedFromDrawingState Surface(name=Task=1041)/@0x7d77736 - animation-leash of app_transition#0 (124)
09-29 14:19:19.661  1225  1225 I SurfaceFlinger: id=6788 Removed Surface(name=Task=1041)/@0x7d77736 - animation-leash of app_transition#0 (124)
09-29 14:19:19.661  1225  1225 I SurfaceFlinger: id=6787 Removed Surface(name=Task=1)/@0xc9465ec - animation-leash of app_transition#0 (124)
09-29 14:19:19.661 16754 16754 V ActivityScenario: Activity lifecycle changed event received but ignored because the intent does not match. startActivityIntent=Intent { act=android.intent.action.MAIN cat=[android.intent.category.LAUNCHER] cmp=com.example.lunchtray/androidx.fragment.app.testing.FragmentScenario$EmptyFragmentActivity (has extras) }, activity.getIntent()=Intent { act=android.intent.action.MAIN cat=[android.intent.category.LAUNCHER] flg=0x10008000 cmp=com.example.lunchtray/androidx.test.core.app.InstrumentationActivityInvoker$BootstrapActivity (has extras) }, activity=androidx.test.core.app.InstrumentationActivityInvoker$BootstrapActivity@8966306
09-29 14:19:19.661  1225  1225 I Layer   : id=6787 Destroyed Surface(name=Task=1)/@0xc9465ec - animation-leash of app_transition#0
09-29 14:19:19.661  1225  1225 I Layer   : id=6788 Destroyed Surface(name=Task=1041)/@0x7d77736 - animation-leash of app_transition#0
09-29 14:19:19.661 16754 16754 V ActivityScenario: Activity lifecycle changed event received but ignored because the intent does not match. startActivityIntent=Intent { act=android.intent.action.MAIN cat=[android.intent.category.LAUNCHER] cmp=com.example.lunchtray/androidx.fragment.app.testing.FragmentScenario$EmptyFragmentActivity (has extras) }, activity.getIntent()=Intent { act=android.intent.action.MAIN cat=[android.intent.category.LAUNCHER] flg=0x10008000 cmp=com.example.lunchtray/androidx.test.core.app.InstrumentationActivityInvoker$BootstrapActivity (has extras) }, activity=androidx.test.core.app.InstrumentationActivityInvoker$BootstrapActivity@8966306
09-29 14:19:19.661 16754 16754 V ActivityScenario: Activity lifecycle changed event received but ignored because the intent does not match. startActivityIntent=Intent { act=android.intent.action.MAIN cat=[android.intent.category.LAUNCHER] cmp=com.example.lunchtray/androidx.fragment.app.testing.FragmentScenario$EmptyFragmentActivity (has extras) }, activity.getIntent()=Intent { act=android.intent.action.MAIN cat=[android.intent.category.LAUNCHER] flg=0x10008000 cmp=com.example.lunchtray/androidx.test.core.app.InstrumentationActivityInvoker$BootstrapActivity (has extras) }, activity=androidx.test.core.app.InstrumentationActivityInvoker$BootstrapActivity@8966306
09-29 14:19:19.662 16754 16754 V ActivityScenario: Activity lifecycle changed event received but ignored because the intent does not match. startActivityIntent=Intent { act=android.intent.action.MAIN cat=[android.intent.category.LAUNCHER] cmp=com.example.lunchtray/androidx.fragment.app.testing.FragmentScenario$EmptyFragmentActivity (has extras) }, activity.getIntent()=Intent { act=android.intent.action.MAIN cat=[android.intent.category.LAUNCHER] flg=0x10008000 cmp=com.example.lunchtray/androidx.test.core.app.InstrumentationActivityInvoker$BootstrapActivity (has extras) }, activity=androidx.test.core.app.InstrumentationActivityInvoker$BootstrapActivity@8966306
09-29 14:19:19.662 16754 16754 V ActivityScenario: Activity lifecycle changed event received but ignored because the intent does not match. startActivityIntent=Intent { act=android.intent.action.MAIN cat=[android.intent.category.LAUNCHER] cmp=com.example.lunchtray/androidx.fragment.app.testing.FragmentScenario$EmptyFragmentActivity (has extras) }, activity.getIntent()=Intent { act=android.intent.action.MAIN cat=[android.intent.category.LAUNCHER] flg=0x10008000 cmp=com.example.lunchtray/androidx.test.core.app.InstrumentationActivityInvoker$BootstrapActivity (has extras) }, activity=androidx.test.core.app.InstrumentationActivityInvoker$BootstrapActivity@8966306
09-29 14:19:19.663 16754 16754 V ActivityScenario: Activity lifecycle changed event received but ignored because the intent does not match. startActivityIntent=Intent { act=android.intent.action.MAIN cat=[android.intent.category.LAUNCHER] cmp=com.example.lunchtray/androidx.fragment.app.testing.FragmentScenario$EmptyFragmentActivity (has extras) }, activity.getIntent()=Intent { act=android.intent.action.MAIN cat=[android.intent.category.LAUNCHER] flg=0x10008000 cmp=com.example.lunchtray/androidx.test.core.app.InstrumentationActivityInvoker$BootstrapActivity (has extras) }, activity=androidx.test.core.app.InstrumentationActivityInvoker$BootstrapActivity@8966306
09-29 14:19:19.665  1959  8231 V WindowManager: Relayout Window{e5aac27 u0 com.sec.android.app.launcher/com.sec.android.app.launcher.activities.LauncherActivity}: viewVisibility=8 req=720x1560 d0
09-29 14:19:19.669  1959  8231 V WindowManager: Relayout hash=e5aac27, pid=3040: mAttrs={(0,0)(fillxfill) sim={adjust=nothing forwardNavigation} layoutInDisplayCutoutMode=shortEdges ty=BASE_APPLICATION fmt=TRANSPARENT wanim=0x10302f2
09-29 14:19:19.669  1959  8231 V WindowManager:   fl=81910100
09-29 14:19:19.669  1959  8231 V WindowManager:   pfl=1e020040
09-29 14:19:19.669  1959  8231 V WindowManager:   vsysui=1700
09-29 14:19:19.669  1959  8231 V WindowManager:   bhv=SHOW_TRANSIENT_BARS_BY_SWIPE
09-29 14:19:19.669  1959  8231 V WindowManager:   fitSides= naviIconColor=0}
09-29 14:19:19.671  3040  3040 I ViewRootImpl@b2bc37b[LauncherActivity]: Relayout returned: old=(0,0,720,1560) new=(0,0,720,1560) req=(720,1560)8 dur=5 res=0x5 s={false 0} ch=true fn=19
09-29 14:19:19.671  3040  3040 I ViewRootImpl@b2bc37b[LauncherActivity]: stopped(true) old=false
09-29 14:19:19.672  3040  3040 I BaseActivity: removeActivityFlags, flags : 17
09-29 14:19:19.672  1225  1262 I SurfaceFlinger: id=6776 Removed OneUiHome-BlurLayer#0 (122)
09-29 14:19:19.672  3040  3040 W LauncherAppWidgetHost: setShouldListenFlag, mFlags:7 flag:start on:false isFront:false
09-29 14:19:19.672  3040  3106 I IMM_LC  : hsifw() - flags=0, caller=android.view.inputmethod.InputMethodManager.hideSoftInputFromWindow:1858 android.view.inputmethod.InputMethodManager.hideSoftInputFromWindow:1827 com.android.launcher3.util.UiThreadHelper$UiCallbacks.handleMessage:103 android.os.Handler.dispatchMessage:102 android.os.Looper.loopOnce:226
09-29 14:19:19.673  3040  3106 I IMM_LC  : hideSoftInputFromWindow - mService.hideSoftInput
09-29 14:19:19.673  1959  3763 I AppWidgetServiceImpl: stopListening callbacks : null
09-29 14:19:19.673  3040  3040 W LauncherAppWidgetHost: stopListening, mFlags:2 isFront:false
09-29 14:19:19.673  3040  3040 W Launcher.NotificationListener: removeNotificationsChangedListener
09-29 14:19:19.673  3040  3040 I BadgeCountUpdaterImpl: onNotificationsChangedDisConnected
09-29 14:19:19.673  3040  3040 I Launcher.NotificationListener: unregisterObserver, this is not notificationService!!
09-29 14:19:19.674  3040  3106 I LiveIconUpdateEventHandler: LiveIcon onStop
09-29 14:19:19.674  3040  3106 I LiveIconUpdateEventHandler: cancelMinuteChangeAlarm
09-29 14:19:19.675  7087  7087 I Utils   : isCurrentUser current = 0, ownerId = 0
09-29 14:19:19.675  7087  7087 I TrayVisibilityController: getComputedTrayVisible : keyguardState = 1
09-29 14:19:19.675  7087  7087 I TrayVisibilityController: updateTrayVisible: State=1 visible=1 mCurrentVisible=1 specificMode=0
09-29 14:19:19.675  7087  7087 I TrayStateController: onNotifyUpdateTray: state=0
09-29 14:19:19.675  3040  3106 I LiveIconUpdateEventHandler: cancelDateChangeAlarm
09-29 14:19:19.677  3040  3106 I LiveIconUpdateEventHandler: unregisterReceiver
09-29 14:19:19.690  1959  3763 D InputDispatcher: Inject motion (16754): action=0x1, time=45613873000000, f=0x0, d=0
09-29 14:19:19.690  1959  2330 I InputDispatcher: Delivering touch to (16754): action: 0x1, f=0x0, d=0, '6d54b27', t=1
09-29 14:19:19.691  1959  1977 I GestureDetector: obtain mCurrentMotionEventRaw. action: 1 id: -151615873
09-29 14:19:19.691  1959  1977 I GestureDetector: obtain mCurrentMotionEventRaw. action: 1 id: -151615873
09-29 14:19:19.691 16754 16754 I ViewRootImpl@dc0ddec[FragmentScenario$EmptyFragmentActivity]: ViewPostIme pointer 1
09-29 14:19:19.693  1225  1225 I Layer   : id=6773 mRemovedFromDrawingState com.sec.android.app.launcher/com.sec.android.app.launcher.activities.LauncherActivity$_3040#0 (122)
09-29 14:19:19.693  1225  1225 I Layer   : id=6776 mRemovedFromDrawingState OneUiHome-BlurLayer#0 (122)
09-29 14:19:19.694  1225  1225 I SurfaceFlinger: id=6773 Removed com.sec.android.app.launcher/com.sec.android.app.launcher.activities.LauncherActivity$_3040#0 (122)
09-29 14:19:19.694  1225  1225 I Layer   : id=6773 Destroyed com.sec.android.app.launcher/com.sec.android.app.launcher.activities.LauncherActivity$_3040#0
09-29 14:19:19.694  1225  1225 I Layer   : id=6776 Destroyed OneUiHome-BlurLayer#0
09-29 14:19:19.918 16754 16778 I TestRunner: finished: navigate_to_start_order_from_side_menu(com.example.lunchtray.NavigationTests)
