09-29 14:19:19.209 16754 16778 I TestRunner: started: navigate_to_start_order_from_side_menu(com.example.lunchtray.NavigationTests)
09-29 14:19:19.218 16754 16778 W Settings: Setting always_finish_activities has moved from android.provider.Settings.System to android.provider.Settings.Global, returning read-only value.
09-29 14:19:19.230 16754 16786 D OpenGLRenderer: setSurface called with nullptr
09-29 14:19:19.231  1959  3690 D PkgPredictorService-IpmAdcpController: create a new DexPreloadTask pkg:com.example.lunchtray  path:/data/app/~~7D76P2H1HWDlPQFjj9otvw==/com.example.lunchtray-7f989hBMTvJprbR3YAKmNg==
09-29 14:19:19.231 16754 16786 D OpenGLRenderer: setSurface called with nullptr
09-29 14:19:19.231  1959  2946 I SemDvfsHyPerManager: acquire hyper - AMS_APP_SWITCH/1959@17, type = -999
09-29 14:19:19.232  1159  1204 I HYPER-HAL: [RequestManager.cpp]acquire(): Acquired ID : 1953293  [1959 / 17]    HINT : AMS_ACT_SWITCH    list :
09-29 14:19:19.232 16754 16786 D OpenGLRenderer: setSurface called with nullptr
09-29 14:19:19.232  1959  2946 W libprocessgroup: Failed to find DoSomethingOlaftask profile: Success
09-29 14:19:19.232  1179  1215 E ANDR-PERF-OPTSHANDLER: Perflock resource /sys/module/lpm_levels/parameters/bias_hyst not supported
09-29 14:19:19.233  1179  1215 E ANDR-PERF-RESOURCEQS: Failed to apply optimization [1, 2]
09-29 14:19:19.233  1225  2021 I SurfaceFlinger: id=6783 createSurf (0x0),-1 flag=24004, Task=1041#0
09-29 14:19:19.233 16754 16786 D OpenGLRenderer: setSurface called with nullptr
09-29 14:19:19.235 16754 16786 D OpenGLRenderer: setSurface called with nullptr
09-29 14:19:19.235 16754 16786 D OpenGLRenderer: setSurface called with nullptr
09-29 14:19:19.236  1225  1262 I SurfaceFlinger: id=6784 createSurf (0x0),-1 flag=80004, ActivityRecord{2cf9d47 u0 com.example.lunchtray/androidx.test.core.app.InstrumentationActivityInvoker$BootstrapActivity t1041}#0
09-29 14:19:19.243  1959  3763 I SemDvfsHyPerManager: acquire hyper - AMS_APP_LAUNCH/1959@14, type = -999
09-29 14:19:19.243  1159  1204 I HYPER-HAL: [RequestManager.cpp]acquire(): Acquired ID : 1947365  [1959 / 14]    HINT : AMS_APP_LAUNCH    list :
09-29 14:19:19.245  3040  3040 I BaseActivity: removeActivityFlags, flags : 16
09-29 14:19:19.245  3040  3040 I BaseActivity: removeActivityFlags, flags : 6
09-29 14:19:19.245  1959  4473 D InputTransport: Input channel constructed: '6dec6e3', fd=621
09-29 14:19:19.245  1959  4473 D InputTransport: Input channel constructed: '6dec6e3', fd=646
09-29 14:19:19.245  3040  3040 I DragController: endDrag
09-29 14:19:19.245  3040  3040 W LauncherAppWidgetHost: setShouldListenFlag, mFlags:15 flag:resume on:false isFront:false
09-29 14:19:19.245  1959  4473 D InputTransport: Input channel constructed: '6dec6e3', fd=660
09-29 14:19:19.246  3040  3040 I SPayUpdater: updateSpayHandler launcher activity is paused false
09-29 14:19:19.246  1225  2021 I SurfaceFlinger: id=6785 createSurf (0x0),-1 flag=80004, 6dec6e3 Splash Screen com.example.lunchtray#0
09-29 14:19:19.247  1959  4473 D InputTransport: Input channel destroyed: '6dec6e3', fd=660
09-29 14:19:19.248  2532  2608 I ViewRootImpl@283ada7[lunchtray]: setView = android.widget.FrameLayout@c2f92f2 TM=true
09-29 14:19:19.250  1179  1215 E ANDR-PERF-UTIL: Failed to update node /proc/16754/sched_boost with value 3
09-29 14:19:19.250  1179  1215 E ANDR-PERF-OPTSHANDLER: can't boost task 16754
09-29 14:19:19.250  1179  1215 E ANDR-PERF-RESOURCEQS: Failed to apply optimization [3, 32]
09-29 14:19:19.253  1959  2623 D InputDispatcher: Focused application set to (0): 2cf9d47
09-29 14:19:19.262  1959  4473 V WindowManager: Relayout Window{6dec6e3 u0 Splash Screen com.example.lunchtray}: viewVisibility=0 req=720x1560 d0
09-29 14:19:19.262  1225  2021 I SurfaceFlinger: id=6786 createSurf (720x1560),-3 flag=40004, Splash Screen com.example.lunchtray$_2532#0
09-29 14:19:19.265  1159 16902 I HYPER-HAL: [RequestManager.cpp]releaseLocked(): Released ID : 1965176
09-29 14:19:19.266  1159 16898 I HYPER-HAL: [RequestManager.cpp]releaseLocked(): Released ID : 1949340
09-29 14:19:19.269  1959  4473 V WindowManager: Relayout hash=6dec6e3, pid=2532: mAttrs={(0,0)(fillxfill) sim={adjust=pan} ty=APPLICATION_STARTING fmt=TRANSLUCENT wanim=0x1030001
09-29 14:19:19.269  1959  4473 V WindowManager:   fl=81030118
09-29 14:19:19.269  1959  4473 V WindowManager:   pfl=36000010
09-29 14:19:19.269  1959  4473 V WindowManager:   bhv=DEFAULT
09-29 14:19:19.269  1959  4473 V WindowManager:   fitSides= naviIconColor=0}
09-29 14:19:19.271  2532  2608 I ViewRootImpl@283ada7[lunchtray]: Relayout returned: old=(0,0,720,1560) new=(0,0,720,1560) req=(720,1560)0 dur=21 res=0x7 s={true 3273874432} ch=true fn=-1
09-29 14:19:19.272  2532  2677 D OpenGLRenderer: eglCreateWindowSurface
09-29 14:19:19.272  2532  2608 I ViewRootImpl@283ada7[lunchtray]: [DP] dp(1) 0 android.view.ViewRootImpl.reportNextDraw:11420 android.view.ViewRootImpl.performTraversals:4193 android.view.ViewRootImpl.doTraversal:2919
09-29 14:19:19.272  2532  2608 D ViewRootImpl@283ada7[lunchtray]: Creating frameDrawingCallback nextDrawUseBlastSync=false reportNextDraw=true hasBlurUpdates=false
09-29 14:19:19.272  2532  2608 D ViewRootImpl@283ada7[lunchtray]: Creating frameCompleteCallback
09-29 14:19:19.273  2532  3218 D ViewRootImpl@283ada7[lunchtray]: Received frameDrawingCallback frameNum=1. Creating transactionCompleteCallback=false
09-29 14:19:19.277 16754 16754 D LifecycleMonitor: Lifecycle status change: androidx.test.core.app.InstrumentationActivityInvoker$BootstrapActivity@8966306 in: PRE_ON_CREATE
09-29 14:19:19.277 16754 16754 V ActivityScenario: Activity lifecycle changed event received but ignored because the intent does not match. startActivityIntent=Intent { act=android.intent.action.MAIN cat=[android.intent.category.LAUNCHER] cmp=com.example.lunchtray/androidx.fragment.app.testing.FragmentScenario$EmptyFragmentActivity (has extras) }, activity.getIntent()=Intent { act=android.intent.action.MAIN cat=[android.intent.category.LAUNCHER] flg=0x10008000 cmp=com.example.lunchtray/androidx.test.core.app.InstrumentationActivityInvoker$BootstrapActivity (has extras) }, activity=androidx.test.core.app.InstrumentationActivityInvoker$BootstrapActivity@8966306
09-29 14:19:19.278 16754 16754 V ActivityScenario: Activity lifecycle changed event received but ignored because the intent does not match. startActivityIntent=Intent { act=android.intent.action.MAIN cat=[android.intent.category.LAUNCHER] cmp=com.example.lunchtray/androidx.fragment.app.testing.FragmentScenario$EmptyFragmentActivity (has extras) }, activity.getIntent()=Intent { act=android.intent.action.MAIN cat=[android.intent.category.LAUNCHER] flg=0x10008000 cmp=com.example.lunchtray/androidx.test.core.app.InstrumentationActivityInvoker$BootstrapActivity (has extras) }, activity=androidx.test.core.app.InstrumentationActivityInvoker$BootstrapActivity@8966306
09-29 14:19:19.278  1959  4473 D InputDispatcher: Focus left window (0): e5aac27 com.sec.android.app.launcher/com.sec.android.app.launcher.activities.LauncherActivity
09-29 14:19:19.279 16754 16754 V ActivityScenario: Activity lifecycle changed event received but ignored because the intent does not match. startActivityIntent=Intent { act=android.intent.action.MAIN cat=[android.intent.category.LAUNCHER] cmp=com.example.lunchtray/androidx.fragment.app.testing.FragmentScenario$EmptyFragmentActivity (has extras) }, activity.getIntent()=Intent { act=android.intent.action.MAIN cat=[android.intent.category.LAUNCHER] flg=0x10008000 cmp=com.example.lunchtray/androidx.test.core.app.InstrumentationActivityInvoker$BootstrapActivity (has extras) }, activity=androidx.test.core.app.InstrumentationActivityInvoker$BootstrapActivity@8966306
09-29 14:19:19.279 16754 16754 V ActivityScenario: Activity lifecycle changed event received but ignored because the intent does not match. startActivityIntent=Intent { act=android.intent.action.MAIN cat=[android.intent.category.LAUNCHER] cmp=com.example.lunchtray/androidx.fragment.app.testing.FragmentScenario$EmptyFragmentActivity (has extras) }, activity.getIntent()=Intent { act=android.intent.action.MAIN cat=[android.intent.category.LAUNCHER] flg=0x10008000 cmp=com.example.lunchtray/androidx.test.core.app.InstrumentationActivityInvoker$BootstrapActivity (has extras) }, activity=androidx.test.core.app.InstrumentationActivityInvoker$BootstrapActivity@8966306
09-29 14:19:19.280 16754 16754 V ActivityScenario: Activity lifecycle changed event received but ignored because the intent does not match. startActivityIntent=Intent { act=android.intent.action.MAIN cat=[android.intent.category.LAUNCHER] cmp=com.example.lunchtray/androidx.fragment.app.testing.FragmentScenario$EmptyFragmentActivity (has extras) }, activity.getIntent()=Intent { act=android.intent.action.MAIN cat=[android.intent.category.LAUNCHER] flg=0x10008000 cmp=com.example.lunchtray/androidx.test.core.app.InstrumentationActivityInvoker$BootstrapActivity (has extras) }, activity=androidx.test.core.app.InstrumentationActivityInvoker$BootstrapActivity@8966306
09-29 14:19:19.280  2532  2677 D ViewRootImpl@283ada7[lunchtray]: Received frameCompleteCallback  lastAcquiredFrameNum=1 lastAttemptedDrawFrameNum=1
09-29 14:19:19.280  3040  3040 I ViewRootImpl@b2bc37b[LauncherActivity]: MSG_WINDOW_FOCUS_CHANGED 0 1
09-29 14:19:19.280  3040  3040 I BaseActivity: removeActivityFlags, flags : 8
09-29 14:19:19.280 16754 16754 V ActivityScenario: Activity lifecycle changed event received but ignored because the intent does not match. startActivityIntent=Intent { act=android.intent.action.MAIN cat=[android.intent.category.LAUNCHER] cmp=com.example.lunchtray/androidx.fragment.app.testing.FragmentScenario$EmptyFragmentActivity (has extras) }, activity.getIntent()=Intent { act=android.intent.action.MAIN cat=[android.intent.category.LAUNCHER] flg=0x10008000 cmp=com.example.lunchtray/androidx.test.core.app.InstrumentationActivityInvoker$BootstrapActivity (has extras) }, activity=androidx.test.core.app.InstrumentationActivityInvoker$BootstrapActivity@8966306
09-29 14:19:19.281 16754 16754 V ActivityScenario: Activity lifecycle changed event received but ignored because the intent does not match. startActivityIntent=Intent { act=android.intent.action.MAIN cat=[android.intent.category.LAUNCHER] cmp=com.example.lunchtray/androidx.fragment.app.testing.FragmentScenario$EmptyFragmentActivity (has extras) }, activity.getIntent()=Intent { act=android.intent.action.MAIN cat=[android.intent.category.LAUNCHER] flg=0x10008000 cmp=com.example.lunchtray/androidx.test.core.app.InstrumentationActivityInvoker$BootstrapActivity (has extras) }, activity=androidx.test.core.app.InstrumentationActivityInvoker$BootstrapActivity@8966306
09-29 14:19:19.281  2532  2608 I ViewRootImpl@283ada7[lunchtray]: [DP] pdf(0) 0 android.view.ViewRootImpl.lambda$addFrameCompleteCallbackIfNeeded$3$ViewRootImpl:4995 android.view.ViewRootImpl$$ExternalSyntheticLambda16.run:6 android.os.Handler.handleCallback:938
09-29 14:19:19.281  2532  2608 I ViewRootImpl@283ada7[lunchtray]: [DP] rdf()
09-29 14:19:19.281  2532  2608 D ViewRootImpl@283ada7[lunchtray]: reportDrawFinished (fn: -1)
09-29 14:19:19.281 16754 16754 V ActivityScenario: Activity lifecycle changed event received but ignored because the intent does not match. startActivityIntent=Intent { act=android.intent.action.MAIN cat=[android.intent.category.LAUNCHER] cmp=com.example.lunchtray/androidx.fragment.app.testing.FragmentScenario$EmptyFragmentActivity (has extras) }, activity.getIntent()=Intent { act=android.intent.action.MAIN cat=[android.intent.category.LAUNCHER] flg=0x10008000 cmp=com.example.lunchtray/androidx.test.core.app.InstrumentationActivityInvoker$BootstrapActivity (has extras) }, activity=androidx.test.core.app.InstrumentationActivityInvoker$BootstrapActivity@8966306
09-29 14:19:19.282 22811 23361 I Rubin   : [143] LoggingEventHelper.notifyUpdatedWithValue(LoggingEventHelper.java:58) : Notify AppUsageLogger's database is updated.
09-29 14:19:19.286  2532  2532 D FullscreenTaskListener: Fullscreen Task Appeared: #1041, caller=com.android.wm.shell.ShellTaskOrganizer.onTaskAppeared:387 com.android.wm.shell.ShellTaskOrganizer.onTaskAppeared:376 android.window.TaskOrganizer$1.lambda$onTaskAppeared$4$TaskOrganizer$1:297
09-29 14:19:19.287  1225  1262 I SurfaceFlinger: id=6787 createSurf (0x0),-1 flag=24000, Surface(name=Task=1)/@0xc9465ec - animation-leash of app_transition#0
09-29 14:19:19.289  1225  1262 I SurfaceFlinger: id=6788 createSurf (0x0),-1 flag=24004, Surface(name=Task=1041)/@0x7d77736 - animation-leash of app_transition#0
09-29 14:19:19.292  1225  1262 I SurfaceFlinger: id=6789 createSurf (0x0),-1 flag=24000, Surface(name=dc80c0c StatusBar)/@0xa84aeb6 - animation-leash of insets_animation#0
09-29 14:19:19.294  1225  2021 I SurfaceFlinger: id=6790 createSurf (0x0),-1 flag=24000, Surface(name=d353133 NavigationBar0)/@0x5ff568d - animation-leash of insets_animation#1
09-29 14:19:19.294  3040  3040 I BadgeRenderer: Invalid count : 0
09-29 14:19:19.297  3040  3064 I TouchInteractionService: onSystemUiStateChanged, stateFlags : 131072
09-29 14:19:19.298  3040  3040 I TouchInteractionService: onSystemUiFlagsChanged, userUnlocked
09-29 14:19:19.300  2532  2608 D InsetsSourceConsumer: ensureControlAlpha: for ITYPE_NAVIGATION_BAR on Splash Screen com.example.lunchtray
09-29 14:19:19.301  2532  2608 D InsetsSourceConsumer: ensureControlAlpha: for ITYPE_STATUS_BAR on Splash Screen com.example.lunchtray
09-29 14:19:19.303 22811 23361 I Rubin   : [143] ExercisingWithCmhMonitor.isSatisfiedByCmh(ExercisingWithCmhMonitor.java:121) : isSatisfiedByCmh is false
09-29 14:19:19.309  7087  7087 I Utils   : HomePackage : com.sec.android.app.launcher, resumePackageName : com.example.lunchtray
09-29 14:19:19.310  1225  1225 I Layer   : id=6774 mRemovedFromDrawingState Surface(name=dc80c0c StatusBar)/@0xa84aeb6 - animation-leash of insets_animation#1 (124)
09-29 14:19:19.310  1225  1225 I Layer   : id=6775 mRemovedFromDrawingState Surface(name=d353133 NavigationBar0)/@0x5ff568d - animation-leash of insets_animation#0 (124)
09-29 14:19:19.311  1225  1225 I SurfaceFlinger: id=6774 Removed Surface(name=dc80c0c StatusBar)/@0xa84aeb6 - animation-leash of insets_animation#1 (124)
09-29 14:19:19.311  1225  1225 I SurfaceFlinger: id=6775 Removed Surface(name=d353133 NavigationBar0)/@0x5ff568d - animation-leash of insets_animation#0 (124)
09-29 14:19:19.311  1225  1225 I Layer   : id=6774 Destroyed Surface(name=dc80c0c StatusBar)/@0xa84aeb6 - animation-leash of insets_animation#1
09-29 14:19:19.311  1225  1225 I Layer   : id=6775 Destroyed Surface(name=d353133 NavigationBar0)/@0x5ff568d - animation-leash of insets_animation#0
09-29 14:19:19.318 16754 16754 I DecorView: [INFO] isPopOver=false, config=true
09-29 14:19:19.319 16754 16754 I DecorView: updateCaptionType >> DecorView@1847890[], isFloating=false, isApplication=true, hasWindowControllerCallback=true, hasWindowDecorCaption=false
09-29 14:19:19.319 16754 16754 D DecorView: setCaptionType = 0, this = DecorView@1847890[]
09-29 14:19:19.324 16754 16754 I DecorView: getCurrentDensityDpi: from real metrics. densityDpi=280 msg=resources_loaded
09-29 14:19:19.325 16754 16754 D LifecycleMonitor: Lifecycle status change: androidx.test.core.app.InstrumentationActivityInvoker$BootstrapActivity@8966306 in: CREATED
09-29 14:19:19.325 16754 16754 V ActivityScenario: Activity lifecycle changed event received but ignored because the intent does not match. startActivityIntent=Intent { act=android.intent.action.MAIN cat=[android.intent.category.LAUNCHER] cmp=com.example.lunchtray/androidx.fragment.app.testing.FragmentScenario$EmptyFragmentActivity (has extras) }, activity.getIntent()=Intent { act=android.intent.action.MAIN cat=[android.intent.category.LAUNCHER] flg=0x10008000 cmp=com.example.lunchtray/androidx.test.core.app.InstrumentationActivityInvoker$BootstrapActivity (has extras) }, activity=androidx.test.core.app.InstrumentationActivityInvoker$BootstrapActivity@8966306
09-29 14:19:19.326 16754 16754 V ActivityScenario: Activity lifecycle changed event received but ignored because the intent does not match. startActivityIntent=Intent { act=android.intent.action.MAIN cat=[android.intent.category.LAUNCHER] cmp=com.example.lunchtray/androidx.fragment.app.testing.FragmentScenario$EmptyFragmentActivity (has extras) }, activity.getIntent()=Intent { act=android.intent.action.MAIN cat=[android.intent.category.LAUNCHER] flg=0x10008000 cmp=com.example.lunchtray/androidx.test.core.app.InstrumentationActivityInvoker$BootstrapActivity (has extras) }, activity=androidx.test.core.app.InstrumentationActivityInvoker$BootstrapActivity@8966306
09-29 14:19:19.326 16754 16754 V ActivityScenario: Activity lifecycle changed event received but ignored because the intent does not match. startActivityIntent=Intent { act=android.intent.action.MAIN cat=[android.intent.category.LAUNCHER] cmp=com.example.lunchtray/androidx.fragment.app.testing.FragmentScenario$EmptyFragmentActivity (has extras) }, activity.getIntent()=Intent { act=android.intent.action.MAIN cat=[android.intent.category.LAUNCHER] flg=0x10008000 cmp=com.example.lunchtray/androidx.test.core.app.InstrumentationActivityInvoker$BootstrapActivity (has extras) }, activity=androidx.test.core.app.InstrumentationActivityInvoker$BootstrapActivity@8966306
09-29 14:19:19.326 16754 16754 V ActivityScenario: Activity lifecycle changed event received but ignored because the intent does not match. startActivityIntent=Intent { act=android.intent.action.MAIN cat=[android.intent.category.LAUNCHER] cmp=com.example.lunchtray/androidx.fragment.app.testing.FragmentScenario$EmptyFragmentActivity (has extras) }, activity.getIntent()=Intent { act=android.intent.action.MAIN cat=[android.intent.category.LAUNCHER] flg=0x10008000 cmp=com.example.lunchtray/androidx.test.core.app.InstrumentationActivityInvoker$BootstrapActivity (has extras) }, activity=androidx.test.core.app.InstrumentationActivityInvoker$BootstrapActivity@8966306
09-29 14:19:19.326 16754 16754 V ActivityScenario: Activity lifecycle changed event received but ignored because the intent does not match. startActivityIntent=Intent { act=android.intent.action.MAIN cat=[android.intent.category.LAUNCHER] cmp=com.example.lunchtray/androidx.fragment.app.testing.FragmentScenario$EmptyFragmentActivity (has extras) }, activity.getIntent()=Intent { act=android.intent.action.MAIN cat=[android.intent.category.LAUNCHER] flg=0x10008000 cmp=com.example.lunchtray/androidx.test.core.app.InstrumentationActivityInvoker$BootstrapActivity (has extras) }, activity=androidx.test.core.app.InstrumentationActivityInvoker$BootstrapActivity@8966306
09-29 14:19:19.327 16754 16754 V ActivityScenario: Activity lifecycle changed event received but ignored because the intent does not match. startActivityIntent=Intent { act=android.intent.action.MAIN cat=[android.intent.category.LAUNCHER] cmp=com.example.lunchtray/androidx.fragment.app.testing.FragmentScenario$EmptyFragmentActivity (has extras) }, activity.getIntent()=Intent { act=android.intent.action.MAIN cat=[android.intent.category.LAUNCHER] flg=0x10008000 cmp=com.example.lunchtray/androidx.test.core.app.InstrumentationActivityInvoker$BootstrapActivity (has extras) }, activity=androidx.test.core.app.InstrumentationActivityInvoker$BootstrapActivity@8966306
09-29 14:19:19.327 16754 16754 V ActivityScenario: Activity lifecycle changed event received but ignored because the intent does not match. startActivityIntent=Intent { act=android.intent.action.MAIN cat=[android.intent.category.LAUNCHER] cmp=com.example.lunchtray/androidx.fragment.app.testing.FragmentScenario$EmptyFragmentActivity (has extras) }, activity.getIntent()=Intent { act=android.intent.action.MAIN cat=[android.intent.category.LAUNCHER] flg=0x10008000 cmp=com.example.lunchtray/androidx.test.core.app.InstrumentationActivityInvoker$BootstrapActivity (has extras) }, activity=androidx.test.core.app.InstrumentationActivityInvoker$BootstrapActivity@8966306
09-29 14:19:19.327 16754 16754 V ActivityScenario: Activity lifecycle changed event received but ignored because the intent does not match. startActivityIntent=Intent { act=android.intent.action.MAIN cat=[android.intent.category.LAUNCHER] cmp=com.example.lunchtray/androidx.fragment.app.testing.FragmentScenario$EmptyFragmentActivity (has extras) }, activity.getIntent()=Intent { act=android.intent.action.MAIN cat=[android.intent.category.LAUNCHER] flg=0x10008000 cmp=com.example.lunchtray/androidx.test.core.app.InstrumentationActivityInvoker$BootstrapActivity (has extras) }, activity=androidx.test.core.app.InstrumentationActivityInvoker$BootstrapActivity@8966306
09-29 14:19:19.330 16754 16754 D LifecycleMonitor: Lifecycle status change: androidx.test.core.app.InstrumentationActivityInvoker$BootstrapActivity@8966306 in: STARTED
09-29 14:19:19.330  1225  1225 D SurfaceFlinger: Display 0 HWC layers:
09-29 14:19:19.330  1225  1225 D SurfaceFlinger:      DEVICE | 0xf2e41a10 | 0100 | RGBx_8888    |  420.0    0.0 1140.0 1560.0 |    0    0  720 1560 | Wallpaper BBQ wrapper#0
09-29 14:19:19.330  1225  1225 D SurfaceFlinger:      DEVICE | 0xf1ab2890 | 0100 | RGBA_8888    |    0.0    0.0  720.0 1560.0 |    0    0  720 1560 | com.sec.android.app.launcher/com.sec[...].activities.LauncherActivity$_3040#0
09-29 14:19:19.330  1225  1225 D SurfaceFlinger:      DEVICE | 0xf160fd50 | 0100 | RGBA_8888    |    0.0    0.0  720.0 1560.0 |   45   97  675 1463 | Splash Screen com.example.lunchtray$_2532#0
09-29 14:19:19.330  1225  1225 D SurfaceFlinger:      CLIENT | 0xf160f810 | 0100 | RGBA_8888    |    0.0    0.0  720.0   77.0 |    0    0  720   77 | StatusBar$_2532#0
09-29 14:19:19.330  1225  1225 D SurfaceFlinger:      CLIENT | 0xf2e427a0 | 0100 | RGBA_8888    |    0.0    0.0   67.0  218.0 |  653  717  720  935 | com.samsung.android.app.cocktailbars[...]arservice.CocktailBarService$_7087#0
09-29 14:19:19.330  1225  1225 D SurfaceFlinger:      CLIENT | 0xf2e41e00 | 0100 | RGBA_8888    |    0.0    0.0  720.0   84.0 |    0 1476  720 1560 | NavigationBar0$_2532#0
09-29 14:19:19.330  1225  1225 D SurfaceFlinger:      CLIENT | 0xf2893010 | 0108 | RGBA_8888    |    0.0    0.0  720.0 1560.0 |    0    0  720 1560 | BlueLightFilter$_2532#0
09-29 14:19:19.330  1225  1225 D SurfaceFlinger:
09-29 14:19:19.330  1225  1225 D SurfaceFlinger: CLIENT | 0xf16103e0 | 0140 | RGBA_8888    |    0.0    0.0  720.0  130.0 |    0    0  720  130 | ScreenDecorOverlay$_2532#0
09-29 14:19:19.330  1225  1225 D SurfaceFlinger:
09-29 14:19:19.331 16754 16754 V ActivityScenario: Activity lifecycle changed event received but ignored because the intent does not match. startActivityIntent=Intent { act=android.intent.action.MAIN cat=[android.intent.category.LAUNCHER] cmp=com.example.lunchtray/androidx.fragment.app.testing.FragmentScenario$EmptyFragmentActivity (has extras) }, activity.getIntent()=Intent { act=android.intent.action.MAIN cat=[android.intent.category.LAUNCHER] flg=0x10008000 cmp=com.example.lunchtray/androidx.test.core.app.InstrumentationActivityInvoker$BootstrapActivity (has extras) }, activity=androidx.test.core.app.InstrumentationActivityInvoker$BootstrapActivity@8966306
09-29 14:19:19.331 16754 16754 V ActivityScenario: Activity lifecycle changed event received but ignored because the intent does not match. startActivityIntent=Intent { act=android.intent.action.MAIN cat=[android.intent.category.LAUNCHER] cmp=com.example.lunchtray/androidx.fragment.app.testing.FragmentScenario$EmptyFragmentActivity (has extras) }, activity.getIntent()=Intent { act=android.intent.action.MAIN cat=[android.intent.category.LAUNCHER] flg=0x10008000 cmp=com.example.lunchtray/androidx.test.core.app.InstrumentationActivityInvoker$BootstrapActivity (has extras) }, activity=androidx.test.core.app.InstrumentationActivityInvoker$BootstrapActivity@8966306
09-29 14:19:19.331 16754 16754 V ActivityScenario: Activity lifecycle changed event received but ignored because the intent does not match. startActivityIntent=Intent { act=android.intent.action.MAIN cat=[android.intent.category.LAUNCHER] cmp=com.example.lunchtray/androidx.fragment.app.testing.FragmentScenario$EmptyFragmentActivity (has extras) }, activity.getIntent()=Intent { act=android.intent.action.MAIN cat=[android.intent.category.LAUNCHER] flg=0x10008000 cmp=com.example.lunchtray/androidx.test.core.app.InstrumentationActivityInvoker$BootstrapActivity (has extras) }, activity=androidx.test.core.app.InstrumentationActivityInvoker$BootstrapActivity@8966306
09-29 14:19:19.331 16754 16754 V ActivityScenario: Activity lifecycle changed event received but ignored because the intent does not match. startActivityIntent=Intent { act=android.intent.action.MAIN cat=[android.intent.category.LAUNCHER] cmp=com.example.lunchtray/androidx.fragment.app.testing.FragmentScenario$EmptyFragmentActivity (has extras) }, activity.getIntent()=Intent { act=android.intent.action.MAIN cat=[android.intent.category.LAUNCHER] flg=0x10008000 cmp=com.example.lunchtray/androidx.test.core.app.InstrumentationActivityInvoker$BootstrapActivity (has extras) }, activity=androidx.test.core.app.InstrumentationActivityInvoker$BootstrapActivity@8966306
09-29 14:19:19.332 16754 16754 V ActivityScenario: Activity lifecycle changed event received but ignored because the intent does not match. startActivityIntent=Intent { act=android.intent.action.MAIN cat=[android.intent.category.LAUNCHER] cmp=com.example.lunchtray/androidx.fragment.app.testing.FragmentScenario$EmptyFragmentActivity (has extras) }, activity.getIntent()=Intent { act=android.intent.action.MAIN cat=[android.intent.category.LAUNCHER] flg=0x10008000 cmp=com.example.lunchtray/androidx.test.core.app.InstrumentationActivityInvoker$BootstrapActivity (has extras) }, activity=androidx.test.core.app.InstrumentationActivityInvoker$BootstrapActivity@8966306
09-29 14:19:19.332 16754 16754 V ActivityScenario: Activity lifecycle changed event received but ignored because the intent does not match. startActivityIntent=Intent { act=android.intent.action.MAIN cat=[android.intent.category.LAUNCHER] cmp=com.example.lunchtray/androidx.fragment.app.testing.FragmentScenario$EmptyFragmentActivity (has extras) }, activity.getIntent()=Intent { act=android.intent.action.MAIN cat=[android.intent.category.LAUNCHER] flg=0x10008000 cmp=com.example.lunchtray/androidx.test.core.app.InstrumentationActivityInvoker$BootstrapActivity (has extras) }, activity=androidx.test.core.app.InstrumentationActivityInvoker$BootstrapActivity@8966306
09-29 14:19:19.332 16754 16754 V ActivityScenario: Activity lifecycle changed event received but ignored because the intent does not match. startActivityIntent=Intent { act=android.intent.action.MAIN cat=[android.intent.category.LAUNCHER] cmp=com.example.lunchtray/androidx.fragment.app.testing.FragmentScenario$EmptyFragmentActivity (has extras) }, activity.getIntent()=Intent { act=android.intent.action.MAIN cat=[android.intent.category.LAUNCHER] flg=0x10008000 cmp=com.example.lunchtray/androidx.test.core.app.InstrumentationActivityInvoker$BootstrapActivity (has extras) }, activity=androidx.test.core.app.InstrumentationActivityInvoker$BootstrapActivity@8966306
09-29 14:19:19.332 16754 16754 V ActivityScenario: Activity lifecycle changed event received but ignored because the intent does not match. startActivityIntent=Intent { act=android.intent.action.MAIN cat=[android.intent.category.LAUNCHER] cmp=com.example.lunchtray/androidx.fragment.app.testing.FragmentScenario$EmptyFragmentActivity (has extras) }, activity.getIntent()=Intent { act=android.intent.action.MAIN cat=[android.intent.category.LAUNCHER] flg=0x10008000 cmp=com.example.lunchtray/androidx.test.core.app.InstrumentationActivityInvoker$BootstrapActivity (has extras) }, activity=androidx.test.core.app.InstrumentationActivityInvoker$BootstrapActivity@8966306
09-29 14:19:19.339  1225  1262 I SurfaceFlinger: id=6791 createSurf (0x0),-1 flag=80004, ActivityRecord{73a54b u0 com.example.lunchtray/androidx.fragment.app.testing.FragmentScenario$EmptyFragmentActivity t1041}#0
09-29 14:19:19.345  2532  2548 I ViewRootImpl@283ada7[lunchtray]: Resizing android.view.ViewRootImpl@2e8efc0: frame=[0,0][720,1560] reportDraw=false forceLayout=false backDropFrame=Rect(0, 0 - 720, 1560)
09-29 14:19:19.346  2532  2608 I ViewRootImpl@283ada7[lunchtray]: handleResized, msg = 4 frames=ClientWindowFrames{frame=[0,0][720,1560] display=[0,0][720,1560] backdrop=[0,0][720,1560]} forceNextWindowRelayout=false displayId=0 frameChanged=false backdropFrameChanged=false configChanged=false displayChanged=false mNextDrawUseBlastSync=false mergedConfiguration={mGlobalConfig={1.1 603mcc1mnc [en_US,fr_FR,ar_DZ] ldltr sw411dp w411dp h799dp 280dpi nrml long port night finger -keyb/v/h -nav/h winConfig={ mBounds=Rect(0, 0 - 720, 1560) mAppBounds=Rect(0, 65 - 720, 1476) mMaxBounds=Rect(0, 0 - 720, 1560) mWindowingMode=fullscreen mDisplayWindowingMode=fullscreen mActivityType=undefined mAlwaysOnTop=undefined mRotation=ROTATION_0 mPopOver=undefined mFreeformTaskPinningState=undefined} s.1686 fontWeightAdjustment=0 ff=0 bf=0 bts=0 enb/d themeSeq=0} mOverrideConfig={1.1 603mcc1mnc [en_US,fr_FR,ar_DZ] ldltr sw411dp w411dp h799dp 280dpi nrml long port night finger -keyb/v/h -nav/h winConfig={ mBounds=Rect(0, 0 - 720, 1560) mAppBounds=Rect(0, 65 - 720, 1476) mMaxBounds=Rect(0, 0 - 720, 1560) mWindowingMode=fullscreen mDisplayWindowingMode=fullscreen mActivityType=standard mAlwaysOnTop=undefined mRotation=ROTATION_0 mPopOver=off mFreeformTaskPinningState=unpinned} s.1 fontWeightAdjustment=0 ff=0 bf=0 bts=0 enb/d themeSeq=0}}
09-29 14:19:19.346 16754 16754 D LifecycleMonitor: Lifecycle status change: androidx.test.core.app.InstrumentationActivityInvoker$BootstrapActivity@8966306 in: RESUMED
09-29 14:19:19.347 16754 16754 V ActivityScenario: Activity lifecycle changed event received but ignored because the intent does not match. startActivityIntent=Intent { act=android.intent.action.MAIN cat=[android.intent.category.LAUNCHER] cmp=com.example.lunchtray/androidx.fragment.app.testing.FragmentScenario$EmptyFragmentActivity (has extras) }, activity.getIntent()=Intent { act=android.intent.action.MAIN cat=[android.intent.category.LAUNCHER] flg=0x10008000 cmp=com.example.lunchtray/androidx.test.core.app.InstrumentationActivityInvoker$BootstrapActivity (has extras) }, activity=androidx.test.core.app.InstrumentationActivityInvoker$BootstrapActivity@8966306
09-29 14:19:19.347 16754 16754 V ActivityScenario: Activity lifecycle changed event received but ignored because the intent does not match. startActivityIntent=Intent { act=android.intent.action.MAIN cat=[android.intent.category.LAUNCHER] cmp=com.example.lunchtray/androidx.fragment.app.testing.FragmentScenario$EmptyFragmentActivity (has extras) }, activity.getIntent()=Intent { act=android.intent.action.MAIN cat=[android.intent.category.LAUNCHER] flg=0x10008000 cmp=com.example.lunchtray/androidx.test.core.app.InstrumentationActivityInvoker$BootstrapActivity (has extras) }, activity=androidx.test.core.app.InstrumentationActivityInvoker$BootstrapActivity@8966306
09-29 14:19:19.348 16754 16754 V ActivityScenario: Activity lifecycle changed event received but ignored because the intent does not match. startActivityIntent=Intent { act=android.intent.action.MAIN cat=[android.intent.category.LAUNCHER] cmp=com.example.lunchtray/androidx.fragment.app.testing.FragmentScenario$EmptyFragmentActivity (has extras) }, activity.getIntent()=Intent { act=android.intent.action.MAIN cat=[android.intent.category.LAUNCHER] flg=0x10008000 cmp=com.example.lunchtray/androidx.test.core.app.InstrumentationActivityInvoker$BootstrapActivity (has extras) }, activity=androidx.test.core.app.InstrumentationActivityInvoker$BootstrapActivity@8966306
09-29 14:19:19.348 16754 16754 V ActivityScenario: Activity lifecycle changed event received but ignored because the intent does not match. startActivityIntent=Intent { act=android.intent.action.MAIN cat=[android.intent.category.LAUNCHER] cmp=com.example.lunchtray/androidx.fragment.app.testing.FragmentScenario$EmptyFragmentActivity (has extras) }, activity.getIntent()=Intent { act=android.intent.action.MAIN cat=[android.intent.category.LAUNCHER] flg=0x10008000 cmp=com.example.lunchtray/androidx.test.core.app.InstrumentationActivityInvoker$BootstrapActivity (has extras) }, activity=androidx.test.core.app.InstrumentationActivityInvoker$BootstrapActivity@8966306
09-29 14:19:19.349 16754 16754 V ActivityScenario: Activity lifecycle changed event received but ignored because the intent does not match. startActivityIntent=Intent { act=android.intent.action.MAIN cat=[android.intent.category.LAUNCHER] cmp=com.example.lunchtray/androidx.fragment.app.testing.FragmentScenario$EmptyFragmentActivity (has extras) }, activity.getIntent()=Intent { act=android.intent.action.MAIN cat=[android.intent.category.LAUNCHER] flg=0x10008000 cmp=com.example.lunchtray/androidx.test.core.app.InstrumentationActivityInvoker$BootstrapActivity (has extras) }, activity=androidx.test.core.app.InstrumentationActivityInvoker$BootstrapActivity@8966306
09-29 14:19:19.349 16754 16754 V ActivityScenario: Activity lifecycle changed event received but ignored because the intent does not match. startActivityIntent=Intent { act=android.intent.action.MAIN cat=[android.intent.category.LAUNCHER] cmp=com.example.lunchtray/androidx.fragment.app.testing.FragmentScenario$EmptyFragmentActivity (has extras) }, activity.getIntent()=Intent { act=android.intent.action.MAIN cat=[android.intent.category.LAUNCHER] flg=0x10008000 cmp=com.example.lunchtray/androidx.test.core.app.InstrumentationActivityInvoker$BootstrapActivity (has extras) }, activity=androidx.test.core.app.InstrumentationActivityInvoker$BootstrapActivity@8966306
09-29 14:19:19.350 16754 16754 V ActivityScenario: Activity lifecycle changed event received but ignored because the intent does not match. startActivityIntent=Intent { act=android.intent.action.MAIN cat=[android.intent.category.LAUNCHER] cmp=com.example.lunchtray/androidx.fragment.app.testing.FragmentScenario$EmptyFragmentActivity (has extras) }, activity.getIntent()=Intent { act=android.intent.action.MAIN cat=[android.intent.category.LAUNCHER] flg=0x10008000 cmp=com.example.lunchtray/androidx.test.core.app.InstrumentationActivityInvoker$BootstrapActivity (has extras) }, activity=androidx.test.core.app.InstrumentationActivityInvoker$BootstrapActivity@8966306
09-29 14:19:19.350 16754 16754 V ActivityScenario: Activity lifecycle changed event received but ignored because the intent does not match. startActivityIntent=Intent { act=android.intent.action.MAIN cat=[android.intent.category.LAUNCHER] cmp=com.example.lunchtray/androidx.fragment.app.testing.FragmentScenario$EmptyFragmentActivity (has extras) }, activity.getIntent()=Intent { act=android.intent.action.MAIN cat=[android.intent.category.LAUNCHER] flg=0x10008000 cmp=com.example.lunchtray/androidx.test.core.app.InstrumentationActivityInvoker$BootstrapActivity (has extras) }, activity=androidx.test.core.app.InstrumentationActivityInvoker$BootstrapActivity@8966306
09-29 14:19:19.352 16754 16754 D LifecycleMonitor: Lifecycle status change: androidx.test.core.app.InstrumentationActivityInvoker$BootstrapActivity@8966306 in: PAUSED
09-29 14:19:19.353 16754 16754 V ActivityScenario: Activity lifecycle changed event received but ignored because the intent does not match. startActivityIntent=Intent { act=android.intent.action.MAIN cat=[android.intent.category.LAUNCHER] cmp=com.example.lunchtray/androidx.fragment.app.testing.FragmentScenario$EmptyFragmentActivity (has extras) }, activity.getIntent()=Intent { act=android.intent.action.MAIN cat=[android.intent.category.LAUNCHER] flg=0x10008000 cmp=com.example.lunchtray/androidx.test.core.app.InstrumentationActivityInvoker$BootstrapActivity (has extras) }, activity=androidx.test.core.app.InstrumentationActivityInvoker$BootstrapActivity@8966306
09-29 14:19:19.353 16754 16754 V ActivityScenario: Activity lifecycle changed event received but ignored because the intent does not match. startActivityIntent=Intent { act=android.intent.action.MAIN cat=[android.intent.category.LAUNCHER] cmp=com.example.lunchtray/androidx.fragment.app.testing.FragmentScenario$EmptyFragmentActivity (has extras) }, activity.getIntent()=Intent { act=android.intent.action.MAIN cat=[android.intent.category.LAUNCHER] flg=0x10008000 cmp=com.example.lunchtray/androidx.test.core.app.InstrumentationActivityInvoker$BootstrapActivity (has extras) }, activity=androidx.test.core.app.InstrumentationActivityInvoker$BootstrapActivity@8966306
09-29 14:19:19.353 16754 16754 V ActivityScenario: Activity lifecycle changed event received but ignored because the intent does not match. startActivityIntent=Intent { act=android.intent.action.MAIN cat=[android.intent.category.LAUNCHER] cmp=com.example.lunchtray/androidx.fragment.app.testing.FragmentScenario$EmptyFragmentActivity (has extras) }, activity.getIntent()=Intent { act=android.intent.action.MAIN cat=[android.intent.category.LAUNCHER] flg=0x10008000 cmp=com.example.lunchtray/androidx.test.core.app.InstrumentationActivityInvoker$BootstrapActivity (has extras) }, activity=androidx.test.core.app.InstrumentationActivityInvoker$BootstrapActivity@8966306
09-29 14:19:19.353 16754 16754 V ActivityScenario: Activity lifecycle changed event received but ignored because the intent does not match. startActivityIntent=Intent { act=android.intent.action.MAIN cat=[android.intent.category.LAUNCHER] cmp=com.example.lunchtray/androidx.fragment.app.testing.FragmentScenario$EmptyFragmentActivity (has extras) }, activity.getIntent()=Intent { act=android.intent.action.MAIN cat=[android.intent.category.LAUNCHER] flg=0x10008000 cmp=com.example.lunchtray/androidx.test.core.app.InstrumentationActivityInvoker$BootstrapActivity (has extras) }, activity=androidx.test.core.app.InstrumentationActivityInvoker$BootstrapActivity@8966306
09-29 14:19:19.354 16754 16754 V ActivityScenario: Activity lifecycle changed event received but ignored because the intent does not match. startActivityIntent=Intent { act=android.intent.action.MAIN cat=[android.intent.category.LAUNCHER] cmp=com.example.lunchtray/androidx.fragment.app.testing.FragmentScenario$EmptyFragmentActivity (has extras) }, activity.getIntent()=Intent { act=android.intent.action.MAIN cat=[android.intent.category.LAUNCHER] flg=0x10008000 cmp=com.example.lunchtray/androidx.test.core.app.InstrumentationActivityInvoker$BootstrapActivity (has extras) }, activity=androidx.test.core.app.InstrumentationActivityInvoker$BootstrapActivity@8966306
09-29 14:19:19.354 16754 16754 V ActivityScenario: Activity lifecycle changed event received but ignored because the intent does not match. startActivityIntent=Intent { act=android.intent.action.MAIN cat=[android.intent.category.LAUNCHER] cmp=com.example.lunchtray/androidx.fragment.app.testing.FragmentScenario$EmptyFragmentActivity (has extras) }, activity.getIntent()=Intent { act=android.intent.action.MAIN cat=[android.intent.category.LAUNCHER] flg=0x10008000 cmp=com.example.lunchtray/androidx.test.core.app.InstrumentationActivityInvoker$BootstrapActivity (has extras) }, activity=androidx.test.core.app.InstrumentationActivityInvoker$BootstrapActivity@8966306
09-29 14:19:19.354 16754 16754 V ActivityScenario: Activity lifecycle changed event received but ignored because the intent does not match. startActivityIntent=Intent { act=android.intent.action.MAIN cat=[android.intent.category.LAUNCHER] cmp=com.example.lunchtray/androidx.fragment.app.testing.FragmentScenario$EmptyFragmentActivity (has extras) }, activity.getIntent()=Intent { act=android.intent.action.MAIN cat=[android.intent.category.LAUNCHER] flg=0x10008000 cmp=com.example.lunchtray/androidx.test.core.app.InstrumentationActivityInvoker$BootstrapActivity (has extras) }, activity=androidx.test.core.app.InstrumentationActivityInvoker$BootstrapActivity@8966306
09-29 14:19:19.354 16754 16754 V ActivityScenario: Activity lifecycle changed event received but ignored because the intent does not match. startActivityIntent=Intent { act=android.intent.action.MAIN cat=[android.intent.category.LAUNCHER] cmp=com.example.lunchtray/androidx.fragment.app.testing.FragmentScenario$EmptyFragmentActivity (has extras) }, activity.getIntent()=Intent { act=android.intent.action.MAIN cat=[android.intent.category.LAUNCHER] flg=0x10008000 cmp=com.example.lunchtray/androidx.test.core.app.InstrumentationActivityInvoker$BootstrapActivity (has extras) }, activity=androidx.test.core.app.InstrumentationActivityInvoker$BootstrapActivity@8966306
09-29 14:19:19.359  1959  2623 D InputDispatcher: Focused application set to (0): 73a54b
09-29 14:19:19.373 16754 16754 D LifecycleMonitor: Lifecycle status change: androidx.fragment.app.testing.FragmentScenario$EmptyFragmentActivity@cb1509a in: PRE_ON_CREATE
09-29 14:19:19.373 16754 16754 V ActivityScenario: Activity lifecycle changed event received but ignored because the reported transition was not ON_CREATE while the last known transition was DESTROYED
09-29 14:19:19.373 16754 16754 V ActivityScenario: Activity lifecycle changed event received but ignored because the reported transition was not ON_CREATE while the last known transition was DESTROYED
09-29 14:19:19.374 16754 16754 V ActivityScenario: Activity lifecycle changed event received but ignored because the reported transition was not ON_CREATE while the last known transition was DESTROYED
09-29 14:19:19.374  7087  7087 I Utils   : HomePackage : com.sec.android.app.launcher, resumePackageName : com.example.lunchtray
09-29 14:19:19.374 16754 16754 V ActivityScenario: Activity lifecycle changed event received but ignored because the reported transition was not ON_CREATE while the last known transition was DESTROYED
09-29 14:19:19.374 16754 16754 V ActivityScenario: Activity lifecycle changed event received but ignored because the reported transition was not ON_CREATE while the last known transition was DESTROYED
09-29 14:19:19.374 16754 16754 V ActivityScenario: Activity lifecycle changed event received but ignored because the reported transition was not ON_CREATE while the last known transition was DESTROYED
09-29 14:19:19.375 16754 16754 V ActivityScenario: Activity lifecycle changed event received but ignored because the reported transition was not ON_CREATE while the last known transition was DESTROYED
09-29 14:19:19.375 16754 16754 V ActivityScenario: Activity lifecycle changed event received but ignored because the reported transition was not ON_CREATE while the last known transition was PRE_ON_CREATE
09-29 14:19:19.386 16754 16754 I DecorView: [INFO] isPopOver=false, config=true
09-29 14:19:19.386 16754 16754 I DecorView: updateCaptionType >> DecorView@1701ba7[], isFloating=false, isApplication=true, hasWindowControllerCallback=true, hasWindowDecorCaption=false
09-29 14:19:19.386 16754 16754 D DecorView: setCaptionType = 0, this = DecorView@1701ba7[]
09-29 14:19:19.389 16754 16754 I DecorView: getCurrentDensityDpi: from real metrics. densityDpi=280 msg=resources_loaded
09-29 14:19:19.392 16754 16754 D LifecycleMonitor: Lifecycle status change: androidx.fragment.app.testing.FragmentScenario$EmptyFragmentActivity@cb1509a in: CREATED
09-29 14:19:19.392 16754 16754 V ActivityScenario: Update currentActivityStage to CREATED, currentActivity=androidx.fragment.app.testing.FragmentScenario$EmptyFragmentActivity@cb1509a
09-29 14:19:19.392 16754 16754 V ActivityScenario: Update currentActivityStage to CREATED, currentActivity=androidx.fragment.app.testing.FragmentScenario$EmptyFragmentActivity@cb1509a
09-29 14:19:19.392 16754 16754 V ActivityScenario: Update currentActivityStage to CREATED, currentActivity=androidx.fragment.app.testing.FragmentScenario$EmptyFragmentActivity@cb1509a
09-29 14:19:19.393 16754 16754 V ActivityScenario: Update currentActivityStage to CREATED, currentActivity=androidx.fragment.app.testing.FragmentScenario$EmptyFragmentActivity@cb1509a
09-29 14:19:19.393 16754 16754 V ActivityScenario: Update currentActivityStage to CREATED, currentActivity=androidx.fragment.app.testing.FragmentScenario$EmptyFragmentActivity@cb1509a
09-29 14:19:19.393 16754 16754 V ActivityScenario: Update currentActivityStage to CREATED, currentActivity=androidx.fragment.app.testing.FragmentScenario$EmptyFragmentActivity@cb1509a
09-29 14:19:19.393 16754 16754 V ActivityScenario: Update currentActivityStage to CREATED, currentActivity=androidx.fragment.app.testing.FragmentScenario$EmptyFragmentActivity@cb1509a
09-29 14:19:19.393 16754 16754 V ActivityScenario: Update currentActivityStage to CREATED, currentActivity=androidx.fragment.app.testing.FragmentScenario$EmptyFragmentActivity@cb1509a
09-29 14:19:19.397 16754 16754 D LifecycleMonitor: Lifecycle status change: androidx.fragment.app.testing.FragmentScenario$EmptyFragmentActivity@cb1509a in: STARTED
09-29 14:19:19.398 16754 16754 V ActivityScenario: Update currentActivityStage to STARTED, currentActivity=androidx.fragment.app.testing.FragmentScenario$EmptyFragmentActivity@cb1509a
09-29 14:19:19.398 16754 16754 V ActivityScenario: Update currentActivityStage to STARTED, currentActivity=androidx.fragment.app.testing.FragmentScenario$EmptyFragmentActivity@cb1509a
09-29 14:19:19.398 16754 16754 V ActivityScenario: Update currentActivityStage to STARTED, currentActivity=androidx.fragment.app.testing.FragmentScenario$EmptyFragmentActivity@cb1509a
09-29 14:19:19.399 16754 16754 V ActivityScenario: Update currentActivityStage to STARTED, currentActivity=androidx.fragment.app.testing.FragmentScenario$EmptyFragmentActivity@cb1509a
09-29 14:19:19.399 16754 16754 V ActivityScenario: Update currentActivityStage to STARTED, currentActivity=androidx.fragment.app.testing.FragmentScenario$EmptyFragmentActivity@cb1509a
09-29 14:19:19.399 16754 16754 V ActivityScenario: Update currentActivityStage to STARTED, currentActivity=androidx.fragment.app.testing.FragmentScenario$EmptyFragmentActivity@cb1509a
09-29 14:19:19.400 16754 16754 V ActivityScenario: Update currentActivityStage to STARTED, currentActivity=androidx.fragment.app.testing.FragmentScenario$EmptyFragmentActivity@cb1509a
09-29 14:19:19.400 16754 16754 V ActivityScenario: Update currentActivityStage to STARTED, currentActivity=androidx.fragment.app.testing.FragmentScenario$EmptyFragmentActivity@cb1509a
09-29 14:19:19.403 16754 16754 D LifecycleMonitor: Lifecycle status change: androidx.fragment.app.testing.FragmentScenario$EmptyFragmentActivity@cb1509a in: RESUMED
09-29 14:19:19.403 16754 16754 V ActivityScenario: Update currentActivityStage to RESUMED, currentActivity=androidx.fragment.app.testing.FragmentScenario$EmptyFragmentActivity@cb1509a
09-29 14:19:19.403 16754 16754 V ActivityScenario: Update currentActivityStage to RESUMED, currentActivity=androidx.fragment.app.testing.FragmentScenario$EmptyFragmentActivity@cb1509a
09-29 14:19:19.403 16754 16754 V ActivityScenario: Update currentActivityStage to RESUMED, currentActivity=androidx.fragment.app.testing.FragmentScenario$EmptyFragmentActivity@cb1509a
09-29 14:19:19.404 16754 16754 V ActivityScenario: Update currentActivityStage to RESUMED, currentActivity=androidx.fragment.app.testing.FragmentScenario$EmptyFragmentActivity@cb1509a
09-29 14:19:19.404 16754 16754 V ActivityScenario: Update currentActivityStage to RESUMED, currentActivity=androidx.fragment.app.testing.FragmentScenario$EmptyFragmentActivity@cb1509a
09-29 14:19:19.404 16754 16754 V ActivityScenario: Update currentActivityStage to RESUMED, currentActivity=androidx.fragment.app.testing.FragmentScenario$EmptyFragmentActivity@cb1509a
09-29 14:19:19.404 16754 16754 V ActivityScenario: Update currentActivityStage to RESUMED, currentActivity=androidx.fragment.app.testing.FragmentScenario$EmptyFragmentActivity@cb1509a
09-29 14:19:19.404 16754 16754 V ActivityScenario: Update currentActivityStage to RESUMED, currentActivity=androidx.fragment.app.testing.FragmentScenario$EmptyFragmentActivity@cb1509a
09-29 14:19:19.412  1959  3763 D InputTransport: Input channel constructed: '6d54b27', fd=660
09-29 14:19:19.412  1959  3763 D InputTransport: Input channel constructed: '6d54b27', fd=663
09-29 14:19:19.412  1959  3763 D InputTransport: Input channel constructed: '6d54b27', fd=667
09-29 14:19:19.413  1225  2020 I SurfaceFlinger: id=6792 createSurf (0x0),-1 flag=80004, 6d54b27 com.example.lunchtray/androidx.fragment.app.testing.FragmentScenario$EmptyFragmentActivity#0
09-29 14:19:19.414  1959  3763 D InputTransport: Input channel destroyed: '6d54b27', fd=667
09-29 14:19:19.416 16754 16754 I ViewRootImpl@dc0ddec[FragmentScenario$EmptyFragmentActivity]: setView = com.android.internal.policy.DecorView@1701ba7 TM=true
09-29 14:19:19.432  1959  3763 V WindowManager: Relayout Window{6d54b27 u0 com.example.lunchtray/androidx.fragment.app.testing.FragmentScenario$EmptyFragmentActivity}: viewVisibility=0 req=720x1560 d0
09-29 14:19:19.433  1225  1262 I SurfaceFlinger: id=6793 createSurf (1x1),-3 flag=40004, com.example.lunchtray/androidx.fragment.app.testing.FragmentScenario$EmptyFragmentActivity$_16754#0
09-29 14:19:19.437  1225  1262 I SurfaceFlinger: id=6794 createSurf (0x0),-1 flag=24000, Surface(name=dc80c0c StatusBar)/@0xa84aeb6 - animation-leash of insets_animation#1
09-29 14:19:19.438  1225  2020 I SurfaceFlinger: id=6795 createSurf (0x0),-1 flag=24000, Surface(name=d353133 NavigationBar0)/@0x5ff568d - animation-leash of insets_animation#0
09-29 14:19:19.441  1959  3763 V WindowManager: Relayout hash=6d54b27, pid=16754: mAttrs={(0,0)(fillxfill) sim={adjust=pan forwardNavigation} ty=BASE_APPLICATION wanim=0x1030303
09-29 14:19:19.441  1959  3763 V WindowManager:   fl=81810100
09-29 14:19:19.441  1959  3763 V WindowManager:   pfl=12020040
09-29 14:19:19.441  1959  3763 V WindowManager:   bhv=DEFAULT
