09-29 14:19:20.337 16754 16778 I TestRunner: started: navigate_to_side_menu_from_entree_menu(com.example.lunchtray.NavigationTests)
09-29 14:19:20.339 16754 16754 D LifecycleMonitor: Lifecycle status change: androidx.fragment.app.testing.FragmentScenario$EmptyFragmentActivity@cb1509a in: DESTROYED
09-29 14:19:20.339 16754 16754 V ActivityScenario: Update currentActivityStage to DESTROYED, currentActivity=null
09-29 14:19:20.340 16754 16754 V ActivityScenario: Update currentActivityStage to DESTROYED, currentActivity=null
09-29 14:19:20.340 16754 16754 V ActivityScenario: Update currentActivityStage to DESTROYED, currentActivity=null
09-29 14:19:20.340 16754 16754 V ActivityScenario: Update currentActivityStage to DESTROYED, currentActivity=null
09-29 14:19:20.341 16754 16754 V ActivityScenario: Update currentActivityStage to DESTROYED, currentActivity=null
09-29 14:19:20.341 16754 16754 V ActivityScenario: Update currentActivityStage to DESTROYED, currentActivity=null
09-29 14:19:20.341 16754 16754 V ActivityScenario: Update currentActivityStage to DESTROYED, currentActivity=null
09-29 14:19:20.341 16754 16754 V ActivityScenario: Update currentActivityStage to DESTROYED, currentActivity=null
09-29 14:19:20.343 16754 16786 D OpenGLRenderer: setSurface called with nullptr
09-29 14:19:20.344 16754 16754 I ViewRootImpl@dc0ddec[FragmentScenario$EmptyFragmentActivity]: dispatchDetachedFromWindow
09-29 14:19:20.344  1959  8231 D InputTransport: Input channel destroyed: '6d54b27', fd=660
09-29 14:19:20.344  1959  8231 W InputManager-JNI: Input channel object '6d54b27 com.example.lunchtray/androidx.fragment.app.testing.FragmentScenario$EmptyFragmentActivity (client)' was disposed without first being removed with the input manager!
09-29 14:19:20.344  1959  8231 D InputTransport: Input channel destroyed: '6d54b27', fd=663
09-29 14:19:20.348 16754 16754 D InputTransport: Input channel destroyed: '6d54b27', fd=93
09-29 14:19:20.351  1225  1262 I SurfaceFlinger: id=6808 createSurf (0x0),-1 flag=24004, Task=1041#1
09-29 14:19:20.356  3040  3040 I RecentsView: onTaskRemoved() taskId : 1041
09-29 14:19:20.356 16754 16778 W Settings: Setting always_finish_activities has moved from android.provider.Settings.System to android.provider.Settings.Global, returning read-only value.
09-29 14:19:20.357  3040  3040 I RecentsView: onTaskRemoved() taskId : 1041
09-29 14:19:20.360  1225  1225 I Layer   : id=6793 mRemovedFromDrawingState com.example.lunchtray/androidx.fragment.app.testing.FragmentScenario$EmptyFragmentActivity$_16754#0 (119)
09-29 14:19:20.360  1225  1225 I Layer   : id=6792 mRemovedFromDrawingState 6d54b27 com.example.lunchtray/androidx.fragment.app.testing.FragmentScenario$EmptyFragmentActivity#0 (119)
09-29 14:19:20.360  1225  1225 I Layer   : id=6791 mRemovedFromDrawingState ActivityRecord{73a54b u0 com.example.lunchtray/androidx.fragment.app.testing.FragmentScenario$EmptyFragmentActivity t1041}#0 (119)
09-29 14:19:20.360  1225  1225 I Layer   : id=6783 mRemovedFromDrawingState Task=1041#0 (119)
09-29 14:19:20.360  1225  1225 I Layer   : id=6808 mRemovedFromDrawingState Task=1041#1 (119)
09-29 14:19:20.360  1225  1225 I SurfaceFlinger: id=6791 Removed ActivityRecord{73a54b u0 com.example.lunchtray/androidx.fragment.app.testing.FragmentScenario$EmptyFragmentActivity t1041}#0 (119)
09-29 14:19:20.360  1225  1225 I SurfaceFlinger: id=6808 Removed Task=1041#1 (119)
09-29 14:19:20.360  1225  1225 I SurfaceFlinger: id=6792 Removed 6d54b27 com.example.lunchtray/androidx.fragment.app.testing.FragmentScenario$EmptyFragmentActivity#0 (119)
09-29 14:19:20.360  1225  1225 I SurfaceFlinger: id=6793 Removed com.example.lunchtray/androidx.fragment.app.testing.FragmentScenario$EmptyFragmentActivity$_16754#0 (119)
09-29 14:19:20.361  1225  1225 I Layer   : id=6808 Destroyed Task=1041#1
09-29 14:19:20.361  1225  1225 I Layer   : id=6792 Destroyed 6d54b27 com.example.lunchtray/androidx.fragment.app.testing.FragmentScenario$EmptyFragmentActivity#0
09-29 14:19:20.361  1225  1225 I Layer   : id=6793 Destroyed com.example.lunchtray/androidx.fragment.app.testing.FragmentScenario$EmptyFragmentActivity$_16754#0
09-29 14:19:20.361  1225  1225 I Layer   : id=6791 Destroyed ActivityRecord{73a54b u0 com.example.lunchtray/androidx.fragment.app.testing.FragmentScenario$EmptyFragmentActivity t1041}#0
09-29 14:19:20.369  1959  3690 D PkgPredictorService-IpmAdcpController: create a new DexPreloadTask pkg:com.example.lunchtray  path:/data/app/~~7D76P2H1HWDlPQFjj9otvw==/com.example.lunchtray-7f989hBMTvJprbR3YAKmNg==
09-29 14:19:20.369  1959  2946 I SemDvfsHyPerManager: acquire hyper - AMS_APP_SWITCH/1959@17, type = -999
09-29 14:19:20.369  1159  1204 I HYPER-HAL: [RequestManager.cpp]acquire(): Acquired ID : 1953293  [1959 / 17]    HINT : AMS_ACT_SWITCH    list :
09-29 14:19:20.370  1959  2946 W libprocessgroup: Failed to find DoSomethingOlaftask profile: Success
09-29 14:19:20.370  1179  1215 E ANDR-PERF-OPTSHANDLER: Perflock resource /sys/module/lpm_levels/parameters/bias_hyst not supported
09-29 14:19:20.370  1179  1215 E ANDR-PERF-RESOURCEQS: Failed to apply optimization [1, 2]
09-29 14:19:20.370  1225  2020 I SurfaceFlinger: id=6809 createSurf (0x0),-1 flag=24004, Task=1042#0
09-29 14:19:20.373  1225  2020 I SurfaceFlinger: id=6810 createSurf (0x0),-1 flag=80004, ActivityRecord{738dbdf u0 com.example.lunchtray/androidx.test.core.app.InstrumentationActivityInvoker$BootstrapActivity t1042}#0
09-29 14:19:20.381  1959  2623 I SemDvfsHyPerManager: acquire hyper - AMS_APP_LAUNCH/1959@14, type = -999
09-29 14:19:20.382  1159  1204 I HYPER-HAL: [RequestManager.cpp]acquire(): Acquired ID : 1947365  [1959 / 14]    HINT : AMS_APP_LAUNCH    list :
09-29 14:19:20.384  3040  3040 I BaseActivity: removeActivityFlags, flags : 16
09-29 14:19:20.384  3040  3040 I BaseActivity: removeActivityFlags, flags : 6
09-29 14:19:20.384  3040  3040 I DragController: endDrag
09-29 14:19:20.384  3040  3040 W LauncherAppWidgetHost: setShouldListenFlag, mFlags:15 flag:resume on:false isFront:false
09-29 14:19:20.384  3040  3040 I SPayUpdater: updateSpayHandler launcher activity is paused false
09-29 14:19:20.387  1179  1215 E ANDR-PERF-UTIL: Failed to update node /proc/16754/sched_boost with value 3
09-29 14:19:20.387  1179  1215 E ANDR-PERF-OPTSHANDLER: can't boost task 16754
09-29 14:19:20.387  1179  1215 E ANDR-PERF-RESOURCEQS: Failed to apply optimization [3, 32]
09-29 14:19:20.391  1959  8231 D InputDispatcher: Focused application set to (0): 738dbdf
09-29 14:19:20.400  1959  2623 D InputTransport: Input channel constructed: '4cb318 ', fd=621
09-29 14:19:20.400  1959  2623 D InputTransport: Input channel constructed: '4cb318 ', fd=646
09-29 14:19:20.400  1959  2623 D InputTransport: Input channel constructed: '4cb318 ', fd=663
09-29 14:19:20.401  1225  2020 I SurfaceFlinger: id=6811 createSurf (0x0),-1 flag=80004, 4cb318 Splash Screen com.example.lunchtray#0
09-29 14:19:20.403  1959  2623 D InputTransport: Input channel destroyed: '4cb318 ', fd=663
09-29 14:19:20.404  2532  2608 I ViewRootImpl@f1e3d33[lunchtray]: setView = android.widget.FrameLayout@e3de0ee TM=true
09-29 14:19:20.406  1959  4453 V WindowManager: Relayout Window{4cb318 u0 Splash Screen com.example.lunchtray}: viewVisibility=0 req=720x1560 d0
09-29 14:19:20.406  1225  2020 I SurfaceFlinger: id=6812 createSurf (1x1),-3 flag=40004, Splash Screen com.example.lunchtray$_2532#0
09-29 14:19:20.410 16754 16754 D LifecycleMonitor: Lifecycle status change: androidx.test.core.app.InstrumentationActivityInvoker$BootstrapActivity@93529ce in: PRE_ON_CREATE
09-29 14:19:20.411  1959  4453 V WindowManager: Relayout hash=4cb318, pid=2532: mAttrs={(0,0)(fillxfill) sim={adjust=pan} ty=APPLICATION_STARTING fmt=TRANSLUCENT wanim=0x1030001
09-29 14:19:20.411  1959  4453 V WindowManager:   fl=81030118
09-29 14:19:20.411  1959  4453 V WindowManager:   pfl=36000010
09-29 14:19:20.411  1959  4453 V WindowManager:   bhv=DEFAULT
09-29 14:19:20.411  1959  4453 V WindowManager:   fitSides= naviIconColor=0}
09-29 14:19:20.411 16754 16754 V ActivityScenario: Activity lifecycle changed event received but ignored because the intent does not match. startActivityIntent=Intent { act=android.intent.action.MAIN cat=[android.intent.category.LAUNCHER] cmp=com.example.lunchtray/androidx.fragment.app.testing.FragmentScenario$EmptyFragmentActivity (has extras) }, activity.getIntent()=Intent { act=android.intent.action.MAIN cat=[android.intent.category.LAUNCHER] flg=0x10008000 cmp=com.example.lunchtray/androidx.test.core.app.InstrumentationActivityInvoker$BootstrapActivity (has extras) }, activity=androidx.test.core.app.InstrumentationActivityInvoker$BootstrapActivity@93529ce
09-29 14:19:20.411 16754 16754 V ActivityScenario: Activity lifecycle changed event received but ignored because the intent does not match. startActivityIntent=Intent { act=android.intent.action.MAIN cat=[android.intent.category.LAUNCHER] cmp=com.example.lunchtray/androidx.fragment.app.testing.FragmentScenario$EmptyFragmentActivity (has extras) }, activity.getIntent()=Intent { act=android.intent.action.MAIN cat=[android.intent.category.LAUNCHER] flg=0x10008000 cmp=com.example.lunchtray/androidx.test.core.app.InstrumentationActivityInvoker$BootstrapActivity (has extras) }, activity=androidx.test.core.app.InstrumentationActivityInvoker$BootstrapActivity@93529ce
09-29 14:19:20.412  1959  3763 D InputDispatcher: Focus left window (0): e5aac27 com.sec.android.app.launcher/com.sec.android.app.launcher.activities.LauncherActivity
09-29 14:19:20.412 16754 16754 V ActivityScenario: Activity lifecycle changed event received but ignored because the intent does not match. startActivityIntent=Intent { act=android.intent.action.MAIN cat=[android.intent.category.LAUNCHER] cmp=com.example.lunchtray/androidx.fragment.app.testing.FragmentScenario$EmptyFragmentActivity (has extras) }, activity.getIntent()=Intent { act=android.intent.action.MAIN cat=[android.intent.category.LAUNCHER] flg=0x10008000 cmp=com.example.lunchtray/androidx.test.core.app.InstrumentationActivityInvoker$BootstrapActivity (has extras) }, activity=androidx.test.core.app.InstrumentationActivityInvoker$BootstrapActivity@93529ce
09-29 14:19:20.412  3040  3040 I ViewRootImpl@b2bc37b[LauncherActivity]: MSG_WINDOW_FOCUS_CHANGED 0 1
09-29 14:19:20.412  3040  3040 I BaseActivity: removeActivityFlags, flags : 8
09-29 14:19:20.413 16754 16754 V ActivityScenario: Activity lifecycle changed event received but ignored because the intent does not match. startActivityIntent=Intent { act=android.intent.action.MAIN cat=[android.intent.category.LAUNCHER] cmp=com.example.lunchtray/androidx.fragment.app.testing.FragmentScenario$EmptyFragmentActivity (has extras) }, activity.getIntent()=Intent { act=android.intent.action.MAIN cat=[android.intent.category.LAUNCHER] flg=0x10008000 cmp=com.example.lunchtray/androidx.test.core.app.InstrumentationActivityInvoker$BootstrapActivity (has extras) }, activity=androidx.test.core.app.InstrumentationActivityInvoker$BootstrapActivity@93529ce
09-29 14:19:20.413 16754 16754 V ActivityScenario: Activity lifecycle changed event received but ignored because the intent does not match. startActivityIntent=Intent { act=android.intent.action.MAIN cat=[android.intent.category.LAUNCHER] cmp=com.example.lunchtray/androidx.fragment.app.testing.FragmentScenario$EmptyFragmentActivity (has extras) }, activity.getIntent()=Intent { act=android.intent.action.MAIN cat=[android.intent.category.LAUNCHER] flg=0x10008000 cmp=com.example.lunchtray/androidx.test.core.app.InstrumentationActivityInvoker$BootstrapActivity (has extras) }, activity=androidx.test.core.app.InstrumentationActivityInvoker$BootstrapActivity@93529ce
09-29 14:19:20.413 16754 16754 V ActivityScenario: Activity lifecycle changed event received but ignored because the intent does not match. startActivityIntent=Intent { act=android.intent.action.MAIN cat=[android.intent.category.LAUNCHER] cmp=com.example.lunchtray/androidx.fragment.app.testing.FragmentScenario$EmptyFragmentActivity (has extras) }, activity.getIntent()=Intent { act=android.intent.action.MAIN cat=[android.intent.category.LAUNCHER] flg=0x10008000 cmp=com.example.lunchtray/androidx.test.core.app.InstrumentationActivityInvoker$BootstrapActivity (has extras) }, activity=androidx.test.core.app.InstrumentationActivityInvoker$BootstrapActivity@93529ce
09-29 14:19:20.414  2532  2608 I ViewRootImpl@f1e3d33[lunchtray]: Relayout returned: old=(0,0,720,1560) new=(0,0,720,1560) req=(720,1560)0 dur=7 res=0x7 s={true 3273874432} ch=true fn=-1
09-29 14:19:20.414 16754 16754 V ActivityScenario: Activity lifecycle changed event received but ignored because the intent does not match. startActivityIntent=Intent { act=android.intent.action.MAIN cat=[android.intent.category.LAUNCHER] cmp=com.example.lunchtray/androidx.fragment.app.testing.FragmentScenario$EmptyFragmentActivity (has extras) }, activity.getIntent()=Intent { act=android.intent.action.MAIN cat=[android.intent.category.LAUNCHER] flg=0x10008000 cmp=com.example.lunchtray/androidx.test.core.app.InstrumentationActivityInvoker$BootstrapActivity (has extras) }, activity=androidx.test.core.app.InstrumentationActivityInvoker$BootstrapActivity@93529ce
09-29 14:19:20.414 16754 16754 V ActivityScenario: Activity lifecycle changed event received but ignored because the intent does not match. startActivityIntent=Intent { act=android.intent.action.MAIN cat=[android.intent.category.LAUNCHER] cmp=com.example.lunchtray/androidx.fragment.app.testing.FragmentScenario$EmptyFragmentActivity (has extras) }, activity.getIntent()=Intent { act=android.intent.action.MAIN cat=[android.intent.category.LAUNCHER] flg=0x10008000 cmp=com.example.lunchtray/androidx.test.core.app.InstrumentationActivityInvoker$BootstrapActivity (has extras) }, activity=androidx.test.core.app.InstrumentationActivityInvoker$BootstrapActivity@93529ce
09-29 14:19:20.415  2532  2677 D OpenGLRenderer: eglCreateWindowSurface
09-29 14:19:20.415 16754 16754 V ActivityScenario: Activity lifecycle changed event received but ignored because the intent does not match. startActivityIntent=Intent { act=android.intent.action.MAIN cat=[android.intent.category.LAUNCHER] cmp=com.example.lunchtray/androidx.fragment.app.testing.FragmentScenario$EmptyFragmentActivity (has extras) }, activity.getIntent()=Intent { act=android.intent.action.MAIN cat=[android.intent.category.LAUNCHER] flg=0x10008000 cmp=com.example.lunchtray/androidx.test.core.app.InstrumentationActivityInvoker$BootstrapActivity (has extras) }, activity=androidx.test.core.app.InstrumentationActivityInvoker$BootstrapActivity@93529ce
09-29 14:19:20.415  2532  2608 I ViewRootImpl@f1e3d33[lunchtray]: [DP] dp(1) 0 android.view.ViewRootImpl.reportNextDraw:11420 android.view.ViewRootImpl.performTraversals:4193 android.view.ViewRootImpl.doTraversal:2919
09-29 14:19:20.415  2532  2608 D ViewRootImpl@f1e3d33[lunchtray]: Creating frameDrawingCallback nextDrawUseBlastSync=false reportNextDraw=true hasBlurUpdates=false
09-29 14:19:20.415  2532  2608 D ViewRootImpl@f1e3d33[lunchtray]: Creating frameCompleteCallback
09-29 14:19:20.416  2532  3218 D ViewRootImpl@f1e3d33[lunchtray]: Received frameDrawingCallback frameNum=1. Creating transactionCompleteCallback=false
09-29 14:19:20.421  2532  2677 D ViewRootImpl@f1e3d33[lunchtray]: Received frameCompleteCallback  lastAcquiredFrameNum=1 lastAttemptedDrawFrameNum=1
09-29 14:19:20.423 22811 23361 I Rubin   : [143] LoggingEventHelper.notifyUpdatedWithValue(LoggingEventHelper.java:58) : Notify AppUsageLogger's database is updated.
09-29 14:19:20.423  2532  2608 I ViewRootImpl@f1e3d33[lunchtray]: [DP] pdf(0) 0 android.view.ViewRootImpl.lambda$addFrameCompleteCallbackIfNeeded$3$ViewRootImpl:4995 android.view.ViewRootImpl$$ExternalSyntheticLambda16.run:6 android.os.Handler.handleCallback:938
09-29 14:19:20.423  2532  2608 I ViewRootImpl@f1e3d33[lunchtray]: [DP] rdf()
09-29 14:19:20.423  2532  2608 D ViewRootImpl@f1e3d33[lunchtray]: reportDrawFinished (fn: -1)
09-29 14:19:20.428  2532  2532 D FullscreenTaskListener: Fullscreen Task Appeared: #1042, caller=com.android.wm.shell.ShellTaskOrganizer.onTaskAppeared:387 com.android.wm.shell.ShellTaskOrganizer.onTaskAppeared:376 android.window.TaskOrganizer$1.lambda$onTaskAppeared$4$TaskOrganizer$1:297
09-29 14:19:20.428  3040  3040 I BadgeRenderer: Invalid count : 0
09-29 14:19:20.428  1225  2021 I SurfaceFlinger: id=6813 createSurf (0x0),-1 flag=24000, Surface(name=Task=1)/@0xc9465ec - animation-leash of app_transition#0
09-29 14:19:20.429 16754 16754 I DecorView: [INFO] isPopOver=false, config=true
09-29 14:19:20.429 16754 16754 I DecorView: updateCaptionType >> DecorView@17e14da[], isFloating=false, isApplication=true, hasWindowControllerCallback=true, hasWindowDecorCaption=false
09-29 14:19:20.429 16754 16754 D DecorView: setCaptionType = 0, this = DecorView@17e14da[]
09-29 14:19:20.432  1225  2021 I SurfaceFlinger: id=6814 createSurf (0x0),-1 flag=24004, Surface(name=Task=1042)/@0x2cc003a - animation-leash of app_transition#0
09-29 14:19:20.436  1225  2021 I SurfaceFlinger: id=6815 createSurf (0x0),-1 flag=24000, Surface(name=dc80c0c StatusBar)/@0xa84aeb6 - animation-leash of insets_animation#1
09-29 14:19:20.437 16754 16754 I DecorView: getCurrentDensityDpi: from real metrics. densityDpi=280 msg=resources_loaded
09-29 14:19:20.437  1225  2021 I SurfaceFlinger: id=6816 createSurf (0x0),-1 flag=24000, Surface(name=d353133 NavigationBar0)/@0x5ff568d - animation-leash of insets_animation#0
09-29 14:19:20.438 16754 16754 D LifecycleMonitor: Lifecycle status change: androidx.test.core.app.InstrumentationActivityInvoker$BootstrapActivity@93529ce in: CREATED
09-29 14:19:20.438 16754 16754 V ActivityScenario: Activity lifecycle changed event received but ignored because the intent does not match. startActivityIntent=Intent { act=android.intent.action.MAIN cat=[android.intent.category.LAUNCHER] cmp=com.example.lunchtray/androidx.fragment.app.testing.FragmentScenario$EmptyFragmentActivity (has extras) }, activity.getIntent()=Intent { act=android.intent.action.MAIN cat=[android.intent.category.LAUNCHER] flg=0x10008000 cmp=com.example.lunchtray/androidx.test.core.app.InstrumentationActivityInvoker$BootstrapActivity (has extras) }, activity=androidx.test.core.app.InstrumentationActivityInvoker$BootstrapActivity@93529ce
09-29 14:19:20.439 16754 16754 V ActivityScenario: Activity lifecycle changed event received but ignored because the intent does not match. startActivityIntent=Intent { act=android.intent.action.MAIN cat=[android.intent.category.LAUNCHER] cmp=com.example.lunchtray/androidx.fragment.app.testing.FragmentScenario$EmptyFragmentActivity (has extras) }, activity.getIntent()=Intent { act=android.intent.action.MAIN cat=[android.intent.category.LAUNCHER] flg=0x10008000 cmp=com.example.lunchtray/androidx.test.core.app.InstrumentationActivityInvoker$BootstrapActivity (has extras) }, activity=androidx.test.core.app.InstrumentationActivityInvoker$BootstrapActivity@93529ce
09-29 14:19:20.439 16754 16754 V ActivityScenario: Activity lifecycle changed event received but ignored because the intent does not match. startActivityIntent=Intent { act=android.intent.action.MAIN cat=[android.intent.category.LAUNCHER] cmp=com.example.lunchtray/androidx.fragment.app.testing.FragmentScenario$EmptyFragmentActivity (has extras) }, activity.getIntent()=Intent { act=android.intent.action.MAIN cat=[android.intent.category.LAUNCHER] flg=0x10008000 cmp=com.example.lunchtray/androidx.test.core.app.InstrumentationActivityInvoker$BootstrapActivity (has extras) }, activity=androidx.test.core.app.InstrumentationActivityInvoker$BootstrapActivity@93529ce
09-29 14:19:20.440 16754 16754 V ActivityScenario: Activity lifecycle changed event received but ignored because the intent does not match. startActivityIntent=Intent { act=android.intent.action.MAIN cat=[android.intent.category.LAUNCHER] cmp=com.example.lunchtray/androidx.fragment.app.testing.FragmentScenario$EmptyFragmentActivity (has extras) }, activity.getIntent()=Intent { act=android.intent.action.MAIN cat=[android.intent.category.LAUNCHER] flg=0x10008000 cmp=com.example.lunchtray/androidx.test.core.app.InstrumentationActivityInvoker$BootstrapActivity (has extras) }, activity=androidx.test.core.app.InstrumentationActivityInvoker$BootstrapActivity@93529ce
09-29 14:19:20.440  3040  3064 I TouchInteractionService: onSystemUiStateChanged, stateFlags : 131072
09-29 14:19:20.441  3040  3040 I TouchInteractionService: onSystemUiFlagsChanged, userUnlocked
09-29 14:19:20.441 16754 16754 V ActivityScenario: Activity lifecycle changed event received but ignored because the intent does not match. startActivityIntent=Intent { act=android.intent.action.MAIN cat=[android.intent.category.LAUNCHER] cmp=com.example.lunchtray/androidx.fragment.app.testing.FragmentScenario$EmptyFragmentActivity (has extras) }, activity.getIntent()=Intent { act=android.intent.action.MAIN cat=[android.intent.category.LAUNCHER] flg=0x10008000 cmp=com.example.lunchtray/androidx.test.core.app.InstrumentationActivityInvoker$BootstrapActivity (has extras) }, activity=androidx.test.core.app.InstrumentationActivityInvoker$BootstrapActivity@93529ce
09-29 14:19:20.441 16754 16754 V ActivityScenario: Activity lifecycle changed event received but ignored because the intent does not match. startActivityIntent=Intent { act=android.intent.action.MAIN cat=[android.intent.category.LAUNCHER] cmp=com.example.lunchtray/androidx.fragment.app.testing.FragmentScenario$EmptyFragmentActivity (has extras) }, activity.getIntent()=Intent { act=android.intent.action.MAIN cat=[android.intent.category.LAUNCHER] flg=0x10008000 cmp=com.example.lunchtray/androidx.test.core.app.InstrumentationActivityInvoker$BootstrapActivity (has extras) }, activity=androidx.test.core.app.InstrumentationActivityInvoker$BootstrapActivity@93529ce
09-29 14:19:20.442 16754 16754 V ActivityScenario: Activity lifecycle changed event received but ignored because the intent does not match. startActivityIntent=Intent { act=android.intent.action.MAIN cat=[android.intent.category.LAUNCHER] cmp=com.example.lunchtray/androidx.fragment.app.testing.FragmentScenario$EmptyFragmentActivity (has extras) }, activity.getIntent()=Intent { act=android.intent.action.MAIN cat=[android.intent.category.LAUNCHER] flg=0x10008000 cmp=com.example.lunchtray/androidx.test.core.app.InstrumentationActivityInvoker$BootstrapActivity (has extras) }, activity=androidx.test.core.app.InstrumentationActivityInvoker$BootstrapActivity@93529ce
09-29 14:19:20.442 16754 16754 V ActivityScenario: Activity lifecycle changed event received but ignored because the intent does not match. startActivityIntent=Intent { act=android.intent.action.MAIN cat=[android.intent.category.LAUNCHER] cmp=com.example.lunchtray/androidx.fragment.app.testing.FragmentScenario$EmptyFragmentActivity (has extras) }, activity.getIntent()=Intent { act=android.intent.action.MAIN cat=[android.intent.category.LAUNCHER] flg=0x10008000 cmp=com.example.lunchtray/androidx.test.core.app.InstrumentationActivityInvoker$BootstrapActivity (has extras) }, activity=androidx.test.core.app.InstrumentationActivityInvoker$BootstrapActivity@93529ce
09-29 14:19:20.443  1159 16915 I HYPER-HAL: [RequestManager.cpp]releaseLocked(): Released ID : 1965176
09-29 14:19:20.443 16754 16754 V ActivityScenario: Activity lifecycle changed event received but ignored because the intent does not match. startActivityIntent=Intent { act=android.intent.action.MAIN cat=[android.intent.category.LAUNCHER] cmp=com.example.lunchtray/androidx.fragment.app.testing.FragmentScenario$EmptyFragmentActivity (has extras) }, activity.getIntent()=Intent { act=android.intent.action.MAIN cat=[android.intent.category.LAUNCHER] flg=0x10008000 cmp=com.example.lunchtray/androidx.test.core.app.InstrumentationActivityInvoker$BootstrapActivity (has extras) }, activity=androidx.test.core.app.InstrumentationActivityInvoker$BootstrapActivity@93529ce
09-29 14:19:20.443  2532  2608 D InsetsSourceConsumer: ensureControlAlpha: for ITYPE_NAVIGATION_BAR on Splash Screen com.example.lunchtray
09-29 14:19:20.444  1225  1225 I Layer   : id=6800 mRemovedFromDrawingState Surface(name=dc80c0c StatusBar)/@0xa84aeb6 - animation-leash of insets_animation#0 (123)
09-29 14:19:20.444  1225  1225 I Layer   : id=6801 mRemovedFromDrawingState Surface(name=d353133 NavigationBar0)/@0x5ff568d - animation-leash of insets_animation#1 (123)
09-29 14:19:20.445  1225  1225 I SurfaceFlinger: id=6800 Removed Surface(name=dc80c0c StatusBar)/@0xa84aeb6 - animation-leash of insets_animation#0 (123)
09-29 14:19:20.445  1225  1225 I SurfaceFlinger: id=6801 Removed Surface(name=d353133 NavigationBar0)/@0x5ff568d - animation-leash of insets_animation#1 (123)
09-29 14:19:20.445  2532  2608 D InsetsSourceConsumer: ensureControlAlpha: for ITYPE_STATUS_BAR on Splash Screen com.example.lunchtray
09-29 14:19:20.445  1225  1225 I Layer   : id=6800 Destroyed Surface(name=dc80c0c StatusBar)/@0xa84aeb6 - animation-leash of insets_animation#0
09-29 14:19:20.445  1225  1225 I Layer   : id=6801 Destroyed Surface(name=d353133 NavigationBar0)/@0x5ff568d - animation-leash of insets_animation#1
09-29 14:19:20.447 16754 16754 D LifecycleMonitor: Lifecycle status change: androidx.test.core.app.InstrumentationActivityInvoker$BootstrapActivity@93529ce in: STARTED
09-29 14:19:20.447 22811 23361 I Rubin   : [143] ExercisingWithCmhMonitor.isSatisfiedByCmh(ExercisingWithCmhMonitor.java:121) : isSatisfiedByCmh is false
09-29 14:19:20.448 16754 16754 V ActivityScenario: Activity lifecycle changed event received but ignored because the intent does not match. startActivityIntent=Intent { act=android.intent.action.MAIN cat=[android.intent.category.LAUNCHER] cmp=com.example.lunchtray/androidx.fragment.app.testing.FragmentScenario$EmptyFragmentActivity (has extras) }, activity.getIntent()=Intent { act=android.intent.action.MAIN cat=[android.intent.category.LAUNCHER] flg=0x10008000 cmp=com.example.lunchtray/androidx.test.core.app.InstrumentationActivityInvoker$BootstrapActivity (has extras) }, activity=androidx.test.core.app.InstrumentationActivityInvoker$BootstrapActivity@93529ce
09-29 14:19:20.448 16754 16754 V ActivityScenario: Activity lifecycle changed event received but ignored because the intent does not match. startActivityIntent=Intent { act=android.intent.action.MAIN cat=[android.intent.category.LAUNCHER] cmp=com.example.lunchtray/androidx.fragment.app.testing.FragmentScenario$EmptyFragmentActivity (has extras) }, activity.getIntent()=Intent { act=android.intent.action.MAIN cat=[android.intent.category.LAUNCHER] flg=0x10008000 cmp=com.example.lunchtray/androidx.test.core.app.InstrumentationActivityInvoker$BootstrapActivity (has extras) }, activity=androidx.test.core.app.InstrumentationActivityInvoker$BootstrapActivity@93529ce
09-29 14:19:20.449 16754 16754 V ActivityScenario: Activity lifecycle changed event received but ignored because the intent does not match. startActivityIntent=Intent { act=android.intent.action.MAIN cat=[android.intent.category.LAUNCHER] cmp=com.example.lunchtray/androidx.fragment.app.testing.FragmentScenario$EmptyFragmentActivity (has extras) }, activity.getIntent()=Intent { act=android.intent.action.MAIN cat=[android.intent.category.LAUNCHER] flg=0x10008000 cmp=com.example.lunchtray/androidx.test.core.app.InstrumentationActivityInvoker$BootstrapActivity (has extras) }, activity=androidx.test.core.app.InstrumentationActivityInvoker$BootstrapActivity@93529ce
09-29 14:19:20.449 16754 16754 V ActivityScenario: Activity lifecycle changed event received but ignored because the intent does not match. startActivityIntent=Intent { act=android.intent.action.MAIN cat=[android.intent.category.LAUNCHER] cmp=com.example.lunchtray/androidx.fragment.app.testing.FragmentScenario$EmptyFragmentActivity (has extras) }, activity.getIntent()=Intent { act=android.intent.action.MAIN cat=[android.intent.category.LAUNCHER] flg=0x10008000 cmp=com.example.lunchtray/androidx.test.core.app.InstrumentationActivityInvoker$BootstrapActivity (has extras) }, activity=androidx.test.core.app.InstrumentationActivityInvoker$BootstrapActivity@93529ce
09-29 14:19:20.450 16754 16754 V ActivityScenario: Activity lifecycle changed event received but ignored because the intent does not match. startActivityIntent=Intent { act=android.intent.action.MAIN cat=[android.intent.category.LAUNCHER] cmp=com.example.lunchtray/androidx.fragment.app.testing.FragmentScenario$EmptyFragmentActivity (has extras) }, activity.getIntent()=Intent { act=android.intent.action.MAIN cat=[android.intent.category.LAUNCHER] flg=0x10008000 cmp=com.example.lunchtray/androidx.test.core.app.InstrumentationActivityInvoker$BootstrapActivity (has extras) }, activity=androidx.test.core.app.InstrumentationActivityInvoker$BootstrapActivity@93529ce
09-29 14:19:20.450 16754 16754 V ActivityScenario: Activity lifecycle changed event received but ignored because the intent does not match. startActivityIntent=Intent { act=android.intent.action.MAIN cat=[android.intent.category.LAUNCHER] cmp=com.example.lunchtray/androidx.fragment.app.testing.FragmentScenario$EmptyFragmentActivity (has extras) }, activity.getIntent()=Intent { act=android.intent.action.MAIN cat=[android.intent.category.LAUNCHER] flg=0x10008000 cmp=com.example.lunchtray/androidx.test.core.app.InstrumentationActivityInvoker$BootstrapActivity (has extras) }, activity=androidx.test.core.app.InstrumentationActivityInvoker$BootstrapActivity@93529ce
09-29 14:19:20.450 16754 16754 V ActivityScenario: Activity lifecycle changed event received but ignored because the intent does not match. startActivityIntent=Intent { act=android.intent.action.MAIN cat=[android.intent.category.LAUNCHER] cmp=com.example.lunchtray/androidx.fragment.app.testing.FragmentScenario$EmptyFragmentActivity (has extras) }, activity.getIntent()=Intent { act=android.intent.action.MAIN cat=[android.intent.category.LAUNCHER] flg=0x10008000 cmp=com.example.lunchtray/androidx.test.core.app.InstrumentationActivityInvoker$BootstrapActivity (has extras) }, activity=androidx.test.core.app.InstrumentationActivityInvoker$BootstrapActivity@93529ce
09-29 14:19:20.451 16754 16754 V ActivityScenario: Activity lifecycle changed event received but ignored because the intent does not match. startActivityIntent=Intent { act=android.intent.action.MAIN cat=[android.intent.category.LAUNCHER] cmp=com.example.lunchtray/androidx.fragment.app.testing.FragmentScenario$EmptyFragmentActivity (has extras) }, activity.getIntent()=Intent { act=android.intent.action.MAIN cat=[android.intent.category.LAUNCHER] flg=0x10008000 cmp=com.example.lunchtray/androidx.test.core.app.InstrumentationActivityInvoker$BootstrapActivity (has extras) }, activity=androidx.test.core.app.InstrumentationActivityInvoker$BootstrapActivity@93529ce
09-29 14:19:20.452 16754 16754 V ActivityScenario: Activity lifecycle changed event received but ignored because the intent does not match. startActivityIntent=Intent { act=android.intent.action.MAIN cat=[android.intent.category.LAUNCHER] cmp=com.example.lunchtray/androidx.fragment.app.testing.FragmentScenario$EmptyFragmentActivity (has extras) }, activity.getIntent()=Intent { act=android.intent.action.MAIN cat=[android.intent.category.LAUNCHER] flg=0x10008000 cmp=com.example.lunchtray/androidx.test.core.app.InstrumentationActivityInvoker$BootstrapActivity (has extras) }, activity=androidx.test.core.app.InstrumentationActivityInvoker$BootstrapActivity@93529ce
09-29 14:19:20.454  7087  7087 I Utils   : HomePackage : com.sec.android.app.launcher, resumePackageName : com.example.lunchtray
09-29 14:19:20.459  1225  2021 I SurfaceFlinger: id=6817 createSurf (0x0),-1 flag=80004, ActivityRecord{5ae5c92 u0 com.example.lunchtray/androidx.fragment.app.testing.FragmentScenario$EmptyFragmentActivity t1042}#0
09-29 14:19:20.466  2532  8327 I ViewRootImpl@f1e3d33[lunchtray]: Resizing android.view.ViewRootImpl@f5798f: frame=[0,0][720,1560] reportDraw=false forceLayout=false backDropFrame=Rect(0, 0 - 720, 1560)
09-29 14:19:20.466  2532  2608 I ViewRootImpl@f1e3d33[lunchtray]: handleResized, msg = 4 frames=ClientWindowFrames{frame=[0,0][720,1560] display=[0,0][720,1560] backdrop=[0,0][720,1560]} forceNextWindowRelayout=false displayId=0 frameChanged=false backdropFrameChanged=false configChanged=false displayChanged=false mNextDrawUseBlastSync=false mergedConfiguration={mGlobalConfig={1.1 603mcc1mnc [en_US,fr_FR,ar_DZ] ldltr sw411dp w411dp h799dp 280dpi nrml long port night finger -keyb/v/h -nav/h winConfig={ mBounds=Rect(0, 0 - 720, 1560) mAppBounds=Rect(0, 65 - 720, 1476) mMaxBounds=Rect(0, 0 - 720, 1560) mWindowingMode=fullscreen mDisplayWindowingMode=fullscreen mActivityType=undefined mAlwaysOnTop=undefined mRotation=ROTATION_0 mPopOver=undefined mFreeformTaskPinningState=undefined} s.1686 fontWeightAdjustment=0 ff=0 bf=0 bts=0 enb/d themeSeq=0} mOverrideConfig={1.1 603mcc1mnc [en_US,fr_FR,ar_DZ] ldltr sw411dp w411dp h799dp 280dpi nrml long port night finger -keyb/v/h -nav/h winConfig={ mBounds=Rect(0, 0 - 720, 1560) mAppBounds=Rect(0, 65 - 720, 1476) mMaxBounds=Rect(0, 0 - 720, 1560) mWindowingMode=fullscreen mDisplayWindowingMode=fullscreen mActivityType=standard mAlwaysOnTop=undefined mRotation=ROTATION_0 mPopOver=off mFreeformTaskPinningState=unpinned} s.1 fontWeightAdjustment=0 ff=0 bf=0 bts=0 enb/d themeSeq=0}}
09-29 14:19:20.467 16754 16754 D LifecycleMonitor: Lifecycle status change: androidx.test.core.app.InstrumentationActivityInvoker$BootstrapActivity@93529ce in: RESUMED
09-29 14:19:20.468 16754 16754 V ActivityScenario: Activity lifecycle changed event received but ignored because the intent does not match. startActivityIntent=Intent { act=android.intent.action.MAIN cat=[android.intent.category.LAUNCHER] cmp=com.example.lunchtray/androidx.fragment.app.testing.FragmentScenario$EmptyFragmentActivity (has extras) }, activity.getIntent()=Intent { act=android.intent.action.MAIN cat=[android.intent.category.LAUNCHER] flg=0x10008000 cmp=com.example.lunchtray/androidx.test.core.app.InstrumentationActivityInvoker$BootstrapActivity (has extras) }, activity=androidx.test.core.app.InstrumentationActivityInvoker$BootstrapActivity@93529ce
09-29 14:19:20.468 16754 16754 V ActivityScenario: Activity lifecycle changed event received but ignored because the intent does not match. startActivityIntent=Intent { act=android.intent.action.MAIN cat=[android.intent.category.LAUNCHER] cmp=com.example.lunchtray/androidx.fragment.app.testing.FragmentScenario$EmptyFragmentActivity (has extras) }, activity.getIntent()=Intent { act=android.intent.action.MAIN cat=[android.intent.category.LAUNCHER] flg=0x10008000 cmp=com.example.lunchtray/androidx.test.core.app.InstrumentationActivityInvoker$BootstrapActivity (has extras) }, activity=androidx.test.core.app.InstrumentationActivityInvoker$BootstrapActivity@93529ce
09-29 14:19:20.469 16754 16754 V ActivityScenario: Activity lifecycle changed event received but ignored because the intent does not match. startActivityIntent=Intent { act=android.intent.action.MAIN cat=[android.intent.category.LAUNCHER] cmp=com.example.lunchtray/androidx.fragment.app.testing.FragmentScenario$EmptyFragmentActivity (has extras) }, activity.getIntent()=Intent { act=android.intent.action.MAIN cat=[android.intent.category.LAUNCHER] flg=0x10008000 cmp=com.example.lunchtray/androidx.test.core.app.InstrumentationActivityInvoker$BootstrapActivity (has extras) }, activity=androidx.test.core.app.InstrumentationActivityInvoker$BootstrapActivity@93529ce
09-29 14:19:20.469 16754 16754 V ActivityScenario: Activity lifecycle changed event received but ignored because the intent does not match. startActivityIntent=Intent { act=android.intent.action.MAIN cat=[android.intent.category.LAUNCHER] cmp=com.example.lunchtray/androidx.fragment.app.testing.FragmentScenario$EmptyFragmentActivity (has extras) }, activity.getIntent()=Intent { act=android.intent.action.MAIN cat=[android.intent.category.LAUNCHER] flg=0x10008000 cmp=com.example.lunchtray/androidx.test.core.app.InstrumentationActivityInvoker$BootstrapActivity (has extras) }, activity=androidx.test.core.app.InstrumentationActivityInvoker$BootstrapActivity@93529ce
09-29 14:19:20.470  1159 16911 I HYPER-HAL: [RequestManager.cpp]releaseLocked(): Released ID : 1949340
09-29 14:19:20.470 16754 16754 V ActivityScenario: Activity lifecycle changed event received but ignored because the intent does not match. startActivityIntent=Intent { act=android.intent.action.MAIN cat=[android.intent.category.LAUNCHER] cmp=com.example.lunchtray/androidx.fragment.app.testing.FragmentScenario$EmptyFragmentActivity (has extras) }, activity.getIntent()=Intent { act=android.intent.action.MAIN cat=[android.intent.category.LAUNCHER] flg=0x10008000 cmp=com.example.lunchtray/androidx.test.core.app.InstrumentationActivityInvoker$BootstrapActivity (has extras) }, activity=androidx.test.core.app.InstrumentationActivityInvoker$BootstrapActivity@93529ce
09-29 14:19:20.470 16754 16754 V ActivityScenario: Activity lifecycle changed event received but ignored because the intent does not match. startActivityIntent=Intent { act=android.intent.action.MAIN cat=[android.intent.category.LAUNCHER] cmp=com.example.lunchtray/androidx.fragment.app.testing.FragmentScenario$EmptyFragmentActivity (has extras) }, activity.getIntent()=Intent { act=android.intent.action.MAIN cat=[android.intent.category.LAUNCHER] flg=0x10008000 cmp=com.example.lunchtray/androidx.test.core.app.InstrumentationActivityInvoker$BootstrapActivity (has extras) }, activity=androidx.test.core.app.InstrumentationActivityInvoker$BootstrapActivity@93529ce
09-29 14:19:20.471 16754 16754 V ActivityScenario: Activity lifecycle changed event received but ignored because the intent does not match. startActivityIntent=Intent { act=android.intent.action.MAIN cat=[android.intent.category.LAUNCHER] cmp=com.example.lunchtray/androidx.fragment.app.testing.FragmentScenario$EmptyFragmentActivity (has extras) }, activity.getIntent()=Intent { act=android.intent.action.MAIN cat=[android.intent.category.LAUNCHER] flg=0x10008000 cmp=com.example.lunchtray/androidx.test.core.app.InstrumentationActivityInvoker$BootstrapActivity (has extras) }, activity=androidx.test.core.app.InstrumentationActivityInvoker$BootstrapActivity@93529ce
09-29 14:19:20.471 16754 16754 V ActivityScenario: Activity lifecycle changed event received but ignored because the intent does not match. startActivityIntent=Intent { act=android.intent.action.MAIN cat=[android.intent.category.LAUNCHER] cmp=com.example.lunchtray/androidx.fragment.app.testing.FragmentScenario$EmptyFragmentActivity (has extras) }, activity.getIntent()=Intent { act=android.intent.action.MAIN cat=[android.intent.category.LAUNCHER] flg=0x10008000 cmp=com.example.lunchtray/androidx.test.core.app.InstrumentationActivityInvoker$BootstrapActivity (has extras) }, activity=androidx.test.core.app.InstrumentationActivityInvoker$BootstrapActivity@93529ce
09-29 14:19:20.472 16754 16754 V ActivityScenario: Activity lifecycle changed event received but ignored because the intent does not match. startActivityIntent=Intent { act=android.intent.action.MAIN cat=[android.intent.category.LAUNCHER] cmp=com.example.lunchtray/androidx.fragment.app.testing.FragmentScenario$EmptyFragmentActivity (has extras) }, activity.getIntent()=Intent { act=android.intent.action.MAIN cat=[android.intent.category.LAUNCHER] flg=0x10008000 cmp=com.example.lunchtray/androidx.test.core.app.InstrumentationActivityInvoker$BootstrapActivity (has extras) }, activity=androidx.test.core.app.InstrumentationActivityInvoker$BootstrapActivity@93529ce
09-29 14:19:20.474 16754 16754 D LifecycleMonitor: Lifecycle status change: androidx.test.core.app.InstrumentationActivityInvoker$BootstrapActivity@93529ce in: PAUSED
09-29 14:19:20.475 16754 16754 V ActivityScenario: Activity lifecycle changed event received but ignored because the intent does not match. startActivityIntent=Intent { act=android.intent.action.MAIN cat=[android.intent.category.LAUNCHER] cmp=com.example.lunchtray/androidx.fragment.app.testing.FragmentScenario$EmptyFragmentActivity (has extras) }, activity.getIntent()=Intent { act=android.intent.action.MAIN cat=[android.intent.category.LAUNCHER] flg=0x10008000 cmp=com.example.lunchtray/androidx.test.core.app.InstrumentationActivityInvoker$BootstrapActivity (has extras) }, activity=androidx.test.core.app.InstrumentationActivityInvoker$BootstrapActivity@93529ce
09-29 14:19:20.475 16754 16754 V ActivityScenario: Activity lifecycle changed event received but ignored because the intent does not match. startActivityIntent=Intent { act=android.intent.action.MAIN cat=[android.intent.category.LAUNCHER] cmp=com.example.lunchtray/androidx.fragment.app.testing.FragmentScenario$EmptyFragmentActivity (has extras) }, activity.getIntent()=Intent { act=android.intent.action.MAIN cat=[android.intent.category.LAUNCHER] flg=0x10008000 cmp=com.example.lunchtray/androidx.test.core.app.InstrumentationActivityInvoker$BootstrapActivity (has extras) }, activity=androidx.test.core.app.InstrumentationActivityInvoker$BootstrapActivity@93529ce
09-29 14:19:20.475 16754 16754 V ActivityScenario: Activity lifecycle changed event received but ignored because the intent does not match. startActivityIntent=Intent { act=android.intent.action.MAIN cat=[android.intent.category.LAUNCHER] cmp=com.example.lunchtray/androidx.fragment.app.testing.FragmentScenario$EmptyFragmentActivity (has extras) }, activity.getIntent()=Intent { act=android.intent.action.MAIN cat=[android.intent.category.LAUNCHER] flg=0x10008000 cmp=com.example.lunchtray/androidx.test.core.app.InstrumentationActivityInvoker$BootstrapActivity (has extras) }, activity=androidx.test.core.app.InstrumentationActivityInvoker$BootstrapActivity@93529ce
09-29 14:19:20.475 16754 16754 V ActivityScenario: Activity lifecycle changed event received but ignored because the intent does not match. startActivityIntent=Intent { act=android.intent.action.MAIN cat=[android.intent.category.LAUNCHER] cmp=com.example.lunchtray/androidx.fragment.app.testing.FragmentScenario$EmptyFragmentActivity (has extras) }, activity.getIntent()=Intent { act=android.intent.action.MAIN cat=[android.intent.category.LAUNCHER] flg=0x10008000 cmp=com.example.lunchtray/androidx.test.core.app.InstrumentationActivityInvoker$BootstrapActivity (has extras) }, activity=androidx.test.core.app.InstrumentationActivityInvoker$BootstrapActivity@93529ce
09-29 14:19:20.476 16754 16754 V ActivityScenario: Activity lifecycle changed event received but ignored because the intent does not match. startActivityIntent=Intent { act=android.intent.action.MAIN cat=[android.intent.category.LAUNCHER] cmp=com.example.lunchtray/androidx.fragment.app.testing.FragmentScenario$EmptyFragmentActivity (has extras) }, activity.getIntent()=Intent { act=android.intent.action.MAIN cat=[android.intent.category.LAUNCHER] flg=0x10008000 cmp=com.example.lunchtray/androidx.test.core.app.InstrumentationActivityInvoker$BootstrapActivity (has extras) }, activity=androidx.test.core.app.InstrumentationActivityInvoker$BootstrapActivity@93529ce
09-29 14:19:20.476 16754 16754 V ActivityScenario: Activity lifecycle changed event received but ignored because the intent does not match. startActivityIntent=Intent { act=android.intent.action.MAIN cat=[android.intent.category.LAUNCHER] cmp=com.example.lunchtray/androidx.fragment.app.testing.FragmentScenario$EmptyFragmentActivity (has extras) }, activity.getIntent()=Intent { act=android.intent.action.MAIN cat=[android.intent.category.LAUNCHER] flg=0x10008000 cmp=com.example.lunchtray/androidx.test.core.app.InstrumentationActivityInvoker$BootstrapActivity (has extras) }, activity=androidx.test.core.app.InstrumentationActivityInvoker$BootstrapActivity@93529ce
09-29 14:19:20.477 16754 16754 V ActivityScenario: Activity lifecycle changed event received but ignored because the intent does not match. startActivityIntent=Intent { act=android.intent.action.MAIN cat=[android.intent.category.LAUNCHER] cmp=com.example.lunchtray/androidx.fragment.app.testing.FragmentScenario$EmptyFragmentActivity (has extras) }, activity.getIntent()=Intent { act=android.intent.action.MAIN cat=[android.intent.category.LAUNCHER] flg=0x10008000 cmp=com.example.lunchtray/androidx.test.core.app.InstrumentationActivityInvoker$BootstrapActivity (has extras) }, activity=androidx.test.core.app.InstrumentationActivityInvoker$BootstrapActivity@93529ce
09-29 14:19:20.477 16754 16754 V ActivityScenario: Activity lifecycle changed event received but ignored because the intent does not match. startActivityIntent=Intent { act=android.intent.action.MAIN cat=[android.intent.category.LAUNCHER] cmp=com.example.lunchtray/androidx.fragment.app.testing.FragmentScenario$EmptyFragmentActivity (has extras) }, activity.getIntent()=Intent { act=android.intent.action.MAIN cat=[android.intent.category.LAUNCHER] flg=0x10008000 cmp=com.example.lunchtray/androidx.test.core.app.InstrumentationActivityInvoker$BootstrapActivity (has extras) }, activity=androidx.test.core.app.InstrumentationActivityInvoker$BootstrapActivity@93529ce
09-29 14:19:20.478 16754 16754 V ActivityScenario: Activity lifecycle changed event received but ignored because the intent does not match. startActivityIntent=Intent { act=android.intent.action.MAIN cat=[android.intent.category.LAUNCHER] cmp=com.example.lunchtray/androidx.fragment.app.testing.FragmentScenario$EmptyFragmentActivity (has extras) }, activity.getIntent()=Intent { act=android.intent.action.MAIN cat=[android.intent.category.LAUNCHER] flg=0x10008000 cmp=com.example.lunchtray/androidx.test.core.app.InstrumentationActivityInvoker$BootstrapActivity (has extras) }, activity=androidx.test.core.app.InstrumentationActivityInvoker$BootstrapActivity@93529ce
09-29 14:19:20.483  1959  8231 D InputDispatcher: Focused application set to (0): 5ae5c92
09-29 14:19:20.484  1225  1225 D SurfaceFlinger: Display 0 HWC layers:
09-29 14:19:20.484  1225  1225 D SurfaceFlinger:      DEVICE | 0xf2e41a10 | 0100 | RGBx_8888    |  420.0    0.0 1140.0 1560.0 |    0    0  720 1560 | Wallpaper BBQ wrapper#0
09-29 14:19:20.484  1225  1225 D SurfaceFlinger:      DEVICE | 0xf1610a00 | 0100 | RGBA_8888    |    0.0    0.0  720.0 1560.0 |    0    0  720 1560 | com.sec.android.app.launcher/com.sec[...].activities.LauncherActivity$_3040#0
09-29 14:19:20.484  1225  1225 D SurfaceFlinger:      DEVICE | 0xf1611db0 | 0100 | RGBA_8888    |    0.0    0.0  720.0 1560.0 |   50  109  670 1451 | Splash Screen com.example.lunchtray$_2532#0
09-29 14:19:20.484  1225  1225 D SurfaceFlinger:      CLIENT | 0xf160f810 | 0100 | RGBA_8888    |    0.0    0.0  720.0   77.0 |    0    0  720   77 | StatusBar$_2532#0
09-29 14:19:20.484  1225  1225 D SurfaceFlinger:      CLIENT | 0xf2e427a0 | 0100 | RGBA_8888    |    0.0    0.0   67.0  218.0 |  653  717  720  935 | com.samsung.android.app.cocktailbars[...]arservice.CocktailBarService$_7087#0
09-29 14:19:20.484  1225  1225 D SurfaceFlinger:      CLIENT | 0xf2e41e00 | 0100 | RGBA_8888    |    0.0    0.0  720.0   84.0 |    0 1476  720 1560 | NavigationBar0$_2532#0
09-29 14:19:20.484  1225  1225 D SurfaceFlinger:      CLIENT | 0xf2893010 | 0108 | RGBA_8888    |    0.0    0.0  720.0 1560.0 |    0    0  720 1560 | BlueLightFilter$_2532#0
09-29 14:19:20.484  1225  1225 D SurfaceFlinger:
09-29 14:19:20.484  1225  1225 D SurfaceFlinger: CLIENT | 0xf16103e0 | 0140 | RGBA_8888    |    0.0    0.0  720.0  130.0 |    0    0  720  130 | ScreenDecorOverlay$_2532#0
09-29 14:19:20.484  1225  1225 D SurfaceFlinger:
09-29 14:19:20.496 16754 16754 D LifecycleMonitor: Lifecycle status change: androidx.fragment.app.testing.FragmentScenario$EmptyFragmentActivity@82f7a94 in: PRE_ON_CREATE
09-29 14:19:20.497 16754 16754 V ActivityScenario: Activity lifecycle changed event received but ignored because the reported transition was not ON_CREATE while the last known transition was DESTROYED
09-29 14:19:20.497 16754 16754 V ActivityScenario: Activity lifecycle changed event received but ignored because the reported transition was not ON_CREATE while the last known transition was DESTROYED
09-29 14:19:20.497  7087  7087 I Utils   : HomePackage : com.sec.android.app.launcher, resumePackageName : com.example.lunchtray
09-29 14:19:20.497 16754 16754 V ActivityScenario: Activity lifecycle changed event received but ignored because the reported transition was not ON_CREATE while the last known transition was DESTROYED
09-29 14:19:20.498 16754 16754 V ActivityScenario: Activity lifecycle changed event received but ignored because the reported transition was not ON_CREATE while the last known transition was DESTROYED
09-29 14:19:20.498 16754 16754 V ActivityScenario: Activity lifecycle changed event received but ignored because the reported transition was not ON_CREATE while the last known transition was DESTROYED
09-29 14:19:20.498 16754 16754 V ActivityScenario: Activity lifecycle changed event received but ignored because the reported transition was not ON_CREATE while the last known transition was DESTROYED
09-29 14:19:20.498 16754 16754 V ActivityScenario: Activity lifecycle changed event received but ignored because the reported transition was not ON_CREATE while the last known transition was DESTROYED
09-29 14:19:20.498 16754 16754 V ActivityScenario: Activity lifecycle changed event received but ignored because the reported transition was not ON_CREATE while the last known transition was DESTROYED
09-29 14:19:20.498 16754 16754 V ActivityScenario: Activity lifecycle changed event received but ignored because the reported transition was not ON_CREATE while the last known transition was PRE_ON_CREATE
09-29 14:19:20.507 16754 16754 I DecorView: [INFO] isPopOver=false, config=true
