09-29 14:19:14.932  1959  1977 I GestureDetector: obtain mCurrentDownEvent. id: -20315679 caller: com.android.server.wm.SystemPerformancePointerEventListener.onPointerEvent:89 com.android.server.wm.PointerEventDispatcher.onInputEvent:71 android.view.InputEventReceiver.dispatchInputEvent:259
09-29 14:19:14.932 16754 16754 I ViewRootImpl@3188be1[FragmentScenario$EmptyFragmentActivity]: ViewPostIme pointer 0
09-29 14:19:14.935  1959  3763 V WindowManager: Relayout hash=a6f44c0, pid=2532: mAttrs={(0,0)(fillxfill) sim={adjust=pan} ty=APPLICATION_STARTING fmt=TRANSLUCENT wanim=0x1030001
09-29 14:19:14.935  1959  3763 V WindowManager:   fl=81030118
09-29 14:19:14.935  1959  3763 V WindowManager:   pfl=36000010
09-29 14:19:14.935  1959  3763 V WindowManager:   bhv=DEFAULT
09-29 14:19:14.935  1959  3763 V WindowManager:   fitSides= naviIconColor=0}
09-29 14:19:14.937  2532  2608 I ViewRootImpl@4e16432[lunchtray]: Relayout returned: old=(0,0,720,1560) new=(0,0,720,1560) req=(720,1560)8 dur=8 res=0x5 s={false 0} ch=true fn=5
09-29 14:19:14.937  2532  2608 I ViewRootImpl@4e16432[lunchtray]: dispatchDetachedFromWindow
09-29 14:19:14.938  1959  3763 D InputTransport: Input channel destroyed: 'a6f44c0', fd=621
09-29 14:19:14.938  1959  3763 W InputManager-JNI: Input channel object 'a6f44c0 Splash Screen com.example.lunchtray (client)' was disposed without first being removed with the input manager!
09-29 14:19:14.938  1959  3763 D InputTransport: Input channel destroyed: 'a6f44c0', fd=646
09-29 14:19:14.940  2532  2608 D InputTransport: Input channel destroyed: 'a6f44c0', fd=235
09-29 14:19:14.942  1225  1225 I Layer   : id=6692 mRemovedFromDrawingState Surface(name=7efe223 com.example.lunchtray/androidx.fragment.app.testing.FragmentScenario$EmptyFragmentActivity)/@0xe3d729b - animation-leash of starting_reveal#0 (126)
09-29 14:19:14.972  1959  3763 D InputDispatcher: Inject motion (16754): action=0x1, time=45609155000000, f=0x0, d=0
09-29 14:19:14.972  1959  2330 I InputDispatcher: Delivering touch to (16754): action: 0x1, f=0x0, d=0, '7efe223', t=1 +(-3,-7)*1.01
09-29 14:19:14.972  1959  1977 I GestureDetector: obtain mCurrentMotionEventRaw. action: 1 id: -782355134
09-29 14:19:14.972 16754 16754 I ViewRootImpl@3188be1[FragmentScenario$EmptyFragmentActivity]: ViewPostIme pointer 1
09-29 14:19:14.972  1959  1977 I GestureDetector: obtain mCurrentMotionEventRaw. action: 1 id: -782355134
09-29 14:19:15.008  1225  1225 I Layer   : id=6682 mRemovedFromDrawingState Splash Screen com.example.lunchtray$_2532#0 (126)
09-29 14:19:15.009  1225  1225 I Layer   : id=6681 mRemovedFromDrawingState a6f44c0 Splash Screen com.example.lunchtray#0 (126)
09-29 14:19:15.009  1225  1225 I Layer   : id=6694 mRemovedFromDrawingState Surface(name=a6f44c0 Splash Screen com.example.lunchtray)/@0xd8bfb4 - animation-leash of window_animation#0 (126)
09-29 14:19:15.009  1225  1225 I SurfaceFlinger: id=6681 Removed a6f44c0 Splash Screen com.example.lunchtray#0 (126)
09-29 14:19:15.009  1225  1225 I SurfaceFlinger: id=6682 Removed Splash Screen com.example.lunchtray$_2532#0 (126)
09-29 14:19:15.009  1225  1225 I SurfaceFlinger: id=6694 Removed Surface(name=a6f44c0 Splash Screen com.example.lunchtray)/@0xd8bfb4 - animation-leash of window_animation#0 (126)
09-29 14:19:15.009  1225  1225 I Layer   : id=6694 Destroyed Surface(name=a6f44c0 Splash Screen com.example.lunchtray)/@0xd8bfb4 - animation-leash of window_animation#0
09-29 14:19:15.009  1225  1225 I Layer   : id=6681 Destroyed a6f44c0 Splash Screen com.example.lunchtray#0
09-29 14:19:15.011  1225  1225 I Layer   : id=6682 Destroyed Splash Screen com.example.lunchtray$_2532#0
09-29 14:19:15.018  1225  1225 D SurfaceFlinger: Display 0 HWC layers:
09-29 14:19:15.018  1225  1225 D SurfaceFlinger:      DEVICE | 0xf2e41a10 | 0100 | RGBx_8888    |  420.0    0.0 1140.0 1560.0 |    0    0  720 1560 | Wallpaper BBQ wrapper#0
09-29 14:19:15.018  1225  1225 D SurfaceFlinger:      DEVICE | 0xf1611250 | 0100 | RGBA_8888    |    0.0    0.0  720.0 1560.0 |    0    0  720 1560 | com.sec.android.app.launcher/com.sec[...].activities.LauncherActivity$_3040#0
09-29 14:19:15.018  1225  1225 D SurfaceFlinger:      DEVICE | 0xf1611790 | 0102 | RGBA_8888    |    0.0    0.0  720.0 1560.0 |    1    2  719 1558 | com.example.lunchtray/androidx.fragm[...]nario$EmptyFragmentActivity$_16754#0
09-29 14:19:15.018  1225  1225 D SurfaceFlinger:      CLIENT | 0xf160f810 | 0100 | RGBA_8888    |    0.0    0.0  720.0   77.0 |    0    0  720   77 | StatusBar$_2532#0
09-29 14:19:15.018  1225  1225 D SurfaceFlinger:      CLIENT | 0xf2e427a0 | 0100 | RGBA_8888    |    0.0    0.0   67.0  218.0 |  653  717  720  935 | com.samsung.android.app.cocktailbars[...]arservice.CocktailBarService$_7087#0
09-29 14:19:15.018  1225  1225 D SurfaceFlinger:      CLIENT | 0xf2e41e00 | 0100 | RGBA_8888    |    0.0    0.0  720.0   84.0 |    0 1476  720 1560 | NavigationBar0$_2532#0
09-29 14:19:15.018  1225  1225 D SurfaceFlinger:      CLIENT | 0xf2893010 | 0108 | RGBA_8888    |    0.0    0.0  720.0 1560.0 |    0    0  720 15
09-29 14:19:15.018  1225  1225 D SurfaceFlinger: 60 | BlueLightFilter$_2532#0
09-29 14:19:15.018  1225  1225 D SurfaceFlinger:      CLIENT | 0xf16103e0 | 0140 | RGBA_8888    |    0.0    0.0  720.0  130.0 |    0    0  720  130 | ScreenDecorOverlay$_2532#0
09-29 14:19:15.018  1225  1225 D SurfaceFlinger:
09-29 14:19:15.064  1225  1225 D SurfaceFlinger: Display 0 HWC layers:
09-29 14:19:15.064  1225  1225 D SurfaceFlinger:      DEVICE | 0xf1611790 | 0102 | RGBA_8888    |    0.0    0.0  720.0 1560.0 |    0    0  720 1560 | com.example.lunchtray/androidx.fragm[...]nario$EmptyFragmentActivity$_16754#0
09-29 14:19:15.064  1225  1225 D SurfaceFlinger:      DEVICE | 0xf160f810 | 0100 | RGBA_8888    |    0.0    0.0  720.0   77.0 |    0    0  720   77 | StatusBar$_2532#0
09-29 14:19:15.064  1225  1225 D SurfaceFlinger:      DEVICE | 0xf2e427a0 | 0100 | RGBA_8888    |    0.0    0.0   67.0  218.0 |  653  717  720  935 | com.samsung.android.app.cocktailbars[...]arservice.CocktailBarService$_7087#0
09-29 14:19:15.064  1225  1225 D SurfaceFlinger:      CLIENT | 0xf2e41e00 | 0100 | RGBA_8888    |    0.0    0.0  720.0   84.0 |    0 1476  720 1560 | NavigationBar0$_2532#0
09-29 14:19:15.064  1225  1225 D SurfaceFlinger:      CLIENT | 0xf2893010 | 0108 | RGBA_8888    |    0.0    0.0  720.0 1560.0 |    0    0  720 1560 | BlueLightFilter$_2532#0
09-29 14:19:15.064  1225  1225 D SurfaceFlinger:      CLIENT | 0xf16103e0 | 0140 | RGBA_8888    |    0.0    0.0  720.0  130.0 |    0    0  720  130 | ScreenDecorOverlay$_2532#0
09-29 14:19:15.064  1225  1225 D SurfaceFlinger:
09-29 14:19:15.077  3040  3040 I ViewRootImpl@b2bc37b[LauncherActivity]: handleAppVisibility mAppVisible=true visible=false
09-29 14:19:15.085 16754 16754 D LifecycleMonitor: Lifecycle status change: androidx.test.core.app.InstrumentationActivityInvoker$BootstrapActivity@c404739 in: STOPPED
09-29 14:19:15.086 16754 16754 V ActivityScenario: Activity lifecycle changed event received but ignored because the intent does not match. startActivityIntent=Intent { act=android.intent.action.MAIN cat=[android.intent.category.LAUNCHER] cmp=com.example.lunchtray/androidx.fragment.app.testing.FragmentScenario$EmptyFragmentActivity (has extras) }, activity.getIntent()=Intent { act=android.intent.action.MAIN cat=[android.intent.category.LAUNCHER] flg=0x10008000 cmp=com.example.lunchtray/androidx.test.core.app.InstrumentationActivityInvoker$BootstrapActivity (has extras) }, activity=androidx.test.core.app.InstrumentationActivityInvoker$BootstrapActivity@c404739
09-29 14:19:15.086 16754 16754 V ActivityScenario: Activity lifecycle changed event received but ignored because the intent does not match. startActivityIntent=Intent { act=android.intent.action.MAIN cat=[android.intent.category.LAUNCHER] cmp=com.example.lunchtray/androidx.fragment.app.testing.FragmentScenario$EmptyFragmentActivity (has extras) }, activity.getIntent()=Intent { act=android.intent.action.MAIN cat=[android.intent.category.LAUNCHER] flg=0x10008000 cmp=com.example.lunchtray/androidx.test.core.app.InstrumentationActivityInvoker$BootstrapActivity (has extras) }, activity=androidx.test.core.app.InstrumentationActivityInvoker$BootstrapActivity@c404739
09-29 14:19:15.087 16754 16754 V ActivityScenario: Activity lifecycle changed event received but ignored because the intent does not match. startActivityIntent=Intent { act=android.intent.action.MAIN cat=[android.intent.category.LAUNCHER] cmp=com.example.lunchtray/androidx.fragment.app.testing.FragmentScenario$EmptyFragmentActivity (has extras) }, activity.getIntent()=Intent { act=android.intent.action.MAIN cat=[android.intent.category.LAUNCHER] flg=0x10008000 cmp=com.example.lunchtray/androidx.test.core.app.InstrumentationActivityInvoker$BootstrapActivity (has extras) }, activity=androidx.test.core.app.InstrumentationActivityInvoker$BootstrapActivity@c404739
09-29 14:19:15.087 16754 16754 V ActivityScenario: Activity lifecycle changed event received but ignored because the intent does not match. startActivityIntent=Intent { act=android.intent.action.MAIN cat=[android.intent.category.LAUNCHER] cmp=com.example.lunchtray/androidx.fragment.app.testing.FragmentScenario$EmptyFragmentActivity (has extras) }, activity.getIntent()=Intent { act=android.intent.action.MAIN cat=[android.intent.category.LAUNCHER] flg=0x10008000 cmp=com.example.lunchtray/androidx.test.core.app.InstrumentationActivityInvoker$BootstrapActivity (has extras) }, activity=androidx.test.core.app.InstrumentationActivityInvoker$BootstrapActivity@c404739
09-29 14:19:15.092  7087  7087 I Utils   : isCurrentUser current = 0, ownerId = 0
09-29 14:19:15.092  7087  7087 I TrayVisibilityController: getComputedTrayVisible : keyguardState = 1
09-29 14:19:15.092  7087  7087 I TrayVisibilityController: updateTrayVisible: State=1 visible=1 mCurrentVisible=1 specificMode=0
09-29 14:19:15.092  7087  7087 I TrayStateController: onNotifyUpdateTray: state=0
09-29 14:19:15.095  2532  8327 D WallpaperService: dispatchAppVisibility onVisibilityChanged(): false
09-29 14:19:15.095  2532  2532 D WallpaperService: reportVisibility onVisibilityChanged visible: false
09-29 14:19:15.095  2532  2671 I ImageWallpaper:  onVisibilityChanged false , 0
09-29 14:19:15.100  1959  3763 V WindowManager: Relayout Window{e5aac27 u0 com.sec.android.app.launcher/com.sec.android.app.launcher.activities.LauncherActivity}: viewVisibility=8 req=720x1560 d0
09-29 14:19:15.104  1959  3763 V WindowManager: Relayout hash=e5aac27, pid=3040: mAttrs={(0,0)(fillxfill) sim={adjust=nothing forwardNavigation} layoutInDisplayCutoutMode=shortEdges ty=BASE_APPLICATION fmt=TRANSPARENT wanim=0x10302f2
09-29 14:19:15.104  1959  3763 V WindowManager:   fl=81910100
09-29 14:19:15.104  1959  3763 V WindowManager:   pfl=1e020040
09-29 14:19:15.104  1959  3763 V WindowManager:   vsysui=1700
09-29 14:19:15.104  1959  3763 V WindowManager:   bhv=SHOW_TRANSIENT_BARS_BY_SWIPE
09-29 14:19:15.104  1959  3763 V WindowManager:   fitSides= naviIconColor=0}
09-29 14:19:15.105  3040  3040 I ViewRootImpl@b2bc37b[LauncherActivity]: Relayout returned: old=(0,0,720,1560) new=(0,0,720,1560) req=(720,1560)8 dur=8 res=0x5 s={false 0} ch=true fn=18
09-29 14:19:15.105  3040  3040 I ViewRootImpl@b2bc37b[LauncherActivity]: stopped(true) old=false
09-29 14:19:15.106  3040  3040 I BaseActivity: removeActivityFlags, flags : 17
09-29 14:19:15.106  1225  2021 I SurfaceFlinger: id=6672 Removed OneUiHome-BlurLayer#0 (123)
09-29 14:19:15.107  3040  3040 W LauncherAppWidgetHost: setShouldListenFlag, mFlags:7 flag:start on:false isFront:false
09-29 14:19:15.107  3040  3106 I IMM_LC  : hsifw() - flags=0, caller=android.view.inputmethod.InputMethodManager.hideSoftInputFromWindow:1858 android.view.inputmethod.InputMethodManager.hideSoftInputFromWindow:1827 com.android.launcher3.util.UiThreadHelper$UiCallbacks.handleMessage:103 android.os.Handler.dispatchMessage:102 android.os.Looper.loopOnce:226
09-29 14:19:15.107  3040  3106 I IMM_LC  : hideSoftInputFromWindow - mService.hideSoftInput
09-29 14:19:15.107  1959  3763 I AppWidgetServiceImpl: stopListening callbacks : null
09-29 14:19:15.108  3040  3040 W LauncherAppWidgetHost: stopListening, mFlags:2 isFront:false
09-29 14:19:15.108  3040  3040 W Launcher.NotificationListener: removeNotificationsChangedListener
09-29 14:19:15.108  3040  3040 I BadgeCountUpdaterImpl: onNotificationsChangedDisConnected
09-29 14:19:15.108  3040  3040 I Launcher.NotificationListener: unregisterObserver, this is not notificationService!!
09-29 14:19:15.108  3040  3106 I LiveIconUpdateEventHandler: LiveIcon onStop
09-29 14:19:15.109  1225  1225 I Layer   : id=6683 mRemovedFromDrawingState Surface(name=Task=1)/@0xc9465ec - animation-leash of app_transition#0 (123)
09-29 14:19:15.109  1225  1225 I Layer   : id=6684 mRemovedFromDrawingState Surface(name=Task=1037)/@0x422e9a2 - animation-leash of app_transition#0 (123)
09-29 14:19:15.109  3040  3106 I LiveIconUpdateEventHandler: cancelMinuteChangeAlarm
09-29 14:19:15.109  1225  1225 I SurfaceFlinger: id=6683 Removed Surface(name=Task=1)/@0xc9465ec - animation-leash of app_transition#0 (123)
09-29 14:19:15.109  1225  1225 I SurfaceFlinger: id=6684 Removed Surface(name=Task=1037)/@0x422e9a2 - animation-leash of app_transition#0 (123)
09-29 14:19:15.110  1225  1225 I Layer   : id=6683 Destroyed Surface(name=Task=1)/@0xc9465ec - animation-leash of app_transition#0
09-29 14:19:15.110  1225  1225 I Layer   : id=6684 Destroyed Surface(name=Task=1037)/@0x422e9a2 - animation-leash of app_transition#0
09-29 14:19:15.111  3040  3106 I LiveIconUpdateEventHandler: cancelDateChangeAlarm
09-29 14:19:15.113  3040  3106 I LiveIconUpdateEventHandler: unregisterReceiver
09-29 14:19:15.142  1225  1225 I Layer   : id=6669 mRemovedFromDrawingState com.sec.android.app.launcher/com.sec.android.app.launcher.activities.LauncherActivity$_3040#0 (121)
09-29 14:19:15.142  1225  1225 I Layer   : id=6672 mRemovedFromDrawingState OneUiHome-BlurLayer#0 (121)
09-29 14:19:15.142  1225  1225 I SurfaceFlinger: id=6669 Removed com.sec.android.app.launcher/com.sec.android.app.launcher.activities.LauncherActivity$_3040#0 (121)
09-29 14:19:15.142  1225  1225 I Layer   : id=6669 Destroyed com.sec.android.app.launcher/com.sec.android.app.launcher.activities.LauncherActivity$_3040#0
09-29 14:19:15.143  1225  1225 I Layer   : id=6672 Destroyed OneUiHome-BlurLayer#0
09-29 14:19:15.147  1959  2422 D SemNscXgbMsL1: Probability - Cloud gaming: [0.021816796]
09-29 14:19:15.147  1959  2422 D SemNscXgbMsL1: Probability - Real time: [0.23713803]
09-29 14:19:15.148  1959  2422 D SemNscXgbMsL1: Probability - Non real time: [0.6620867]
09-29 14:19:15.148  1959  2422 D SemNscXgbMsL1: 1 sample inference time: 0.676719 msecs
09-29 14:19:15.149  1959  2422 D SemNscXgbL2Rt: L2 RT 1 sample inference time: 1.1775 msecs
09-29 14:19:15.150  1959  2422 D SemNscXgbL2Nrt: L2 NRT 1 sample inference time: 0.686979 msecs
09-29 14:19:15.202 16754 16778 I TestRunner: finished: navigate_to_entree_menu_from_start_order(com.example.lunchtray.NavigationTests)
