09-29 14:19:12.629  1959  2422 D SemNscXgbL2Nrt: L2 NRT 1 sample inference time: 0.682344 msecs
09-29 14:19:12.634  1225  1225 D SurfaceFlinger: Display 0 HWC layers:
09-29 14:19:12.634  1225  1225 D SurfaceFlinger:      DEVICE | 0xf2e41a10 | 0100 | RGBx_8888    |  420.0    0.0 1140.0 1560.0 |    0    0  720 1560 | Wallpaper BBQ wrapper#0
09-29 14:19:12.634  1225  1225 D SurfaceFlinger:      DEVICE | 0xf1610c30 | 0100 | RGBA_8888    |    0.0    0.0  720.0 1560.0 |    0    0  720 1560 | com.sec.android.app.launcher/com.sec[...].activities.LauncherActivity$_3040#0
09-29 14:19:12.634  1225  1225 D SurfaceFlinger:      DEVICE | 0xf16114f0 | 0102 | RGBA_8888    |    0.0    0.0  720.0 1560.0 |    1    2  719 1558 | com.example.lunchtray/androidx.fragm[...]nario$EmptyFragmentActivity$_16754#0
09-29 14:19:12.634  1225  1225 D SurfaceFlinger:      CLIENT | 0xf160f810 | 0100 | RGBA_8888    |    0.0    0.0  720.0   77.0 |    0    0  720   77 | StatusBar$_2532#0
09-29 14:19:12.634  1225  1225 D SurfaceFlinger:      CLIENT | 0xf2e427a0 | 0100 | RGBA_8888    |    0.0    0.0   67.0  218.0 |  653  717  720  935 | com.samsung.android.app.cocktailbars[...]arservice.CocktailBarService$_7087#0
09-29 14:19:12.634  1225  1225 D SurfaceFlinger:      CLIENT | 0xf2e41e00 | 0100 | RGBA_8888    |    0.0    0.0  720.0   84.0 |    0 1476  720 1560 | NavigationBar0$_2532#0
09-29 14:19:12.634  1225  1225 D SurfaceFlinger:      CLIENT | 0xf2893010 | 0108 | RGBA_8888    |    0.0    0.0  720.0 1560.0 |    0    0  720 15
09-29 14:19:12.634  1225  1225 D SurfaceFlinger: 60 | BlueLightFilter$_2532#0
09-29 14:19:12.634  1225  1225 D SurfaceFlinger:      CLIENT | 0xf16103e0 | 0140 | RGBA_8888    |    0.0    0.0  720.0  130.0 |    0    0  720  130 | ScreenDecorOverlay$_2532#0
09-29 14:19:12.634  1225  1225 D SurfaceFlinger:
09-29 14:19:12.656  1959  8231 V WindowManager: Relayout Window{a91985f u0 com.example.lunchtray/androidx.fragment.app.testing.FragmentScenario$EmptyFragmentActivity}: viewVisibility=0 req=720x1560 d0
09-29 14:19:12.659  1959  8231 V WindowManager: Relayout hash=a91985f, pid=16754: mAttrs={(0,0)(fillxfill) sim={adjust=resize forwardNavigation} ty=BASE_APPLICATION wanim=0x1030303
09-29 14:19:12.659  1959  8231 V WindowManager:   fl=81810100
09-29 14:19:12.659  1959  8231 V WindowManager:   pfl=12020040
09-29 14:19:12.659  1959  8231 V WindowManager:   bhv=DEFAULT
09-29 14:19:12.659  1959  8231 V WindowManager:   fitSides= naviIconColor=0}
09-29 14:19:12.665 16754 16754 I ViewRootImpl@f2ef008[FragmentScenario$EmptyFragmentActivity]: Relayout returned: old=(0,0,720,1560) new=(0,0,720,1560) req=(720,1560)0 dur=8 res=0x1 s={true 4131346432} ch=false fn=2
09-29 14:19:12.667 16754 16754 D ScrollView:  onsize change changed
09-29 14:19:12.677  3040  3040 I ViewRootImpl@b2bc37b[LauncherActivity]: handleAppVisibility mAppVisible=true visible=false
09-29 14:19:12.679  2532  4488 D WallpaperService: dispatchAppVisibility onVisibilityChanged(): false
09-29 14:19:12.679  2532  2532 D WallpaperService: reportVisibility onVisibilityChanged visible: false
09-29 14:19:12.679  2532  2671 I ImageWallpaper:  onVisibilityChanged false , 0
09-29 14:19:12.680 16754 16754 I ViewRootImpl@f2ef008[FragmentScenario$EmptyFragmentActivity]: MSG_WINDOW_FOCUS_CHANGED 1 1
09-29 14:19:12.681  1225  1225 D SurfaceFlinger: Display 0 HWC layers:
09-29 14:19:12.681  1225  1225 D SurfaceFlinger:      DEVICE | 0xf16114f0 | 0102 | RGBA_8888    |    0.0    0.0  720.0 1560.0 |    0    0  720 1560 | com.example.lunchtray/androidx.fragm[...]nario$EmptyFragmentActivity$_16754#0
09-29 14:19:12.681  1225  1225 D SurfaceFlinger:      DEVICE | 0xf160f810 | 0100 | RGBA_8888    |    0.0    0.0  720.0   77.0 |    0    0  720   77 | StatusBar$_2532#0
09-29 14:19:12.681  1225  1225 D SurfaceFlinger:      DEVICE | 0xf2e427a0 | 0100 | RGBA_8888    |    0.0    0.0   67.0  218.0 |  653  717  720  935 | com.samsung.android.app.cocktailbars[...]arservice.CocktailBarService$_7087#0
09-29 14:19:12.681  1225  1225 D SurfaceFlinger:      CLIENT | 0xf2e41e00 | 0100 | RGBA_8888    |    0.0    0.0  720.0   84.0 |    0 1476  720 1560 | NavigationBar0$_2532#0
09-29 14:19:12.681  1225  1225 D SurfaceFlinger:      CLIENT | 0xf2893010 | 0108 | RGBA_8888    |    0.0    0.0  720.0 1560.0 |    0    0  720 1560 | BlueLightFilter$_2532#0
09-29 14:19:12.681  1225  1225 D SurfaceFlinger:      CLIENT | 0xf16103e0 | 0140 | RGBA_8888    |    0.0    0.0  720.0  130.0 |    0    0  720  130 | ScreenDecorOverlay$_2532#0
09-29 14:19:12.681  1225  1225 D SurfaceFlinger:
09-29 14:19:12.683 16754 16754 D InputMethodManager: startInputInner - Id : 0
09-29 14:19:12.684 16754 16754 I InputMethodManager: startInputInner - mService.startInputOrWindowGainedFocus
09-29 14:19:12.686  1959  8231 D InputMethodManagerService: mDesktopModeManager null!
09-29 14:19:12.686  1959  8231 V InputMethodManagerService: getDisplayIdOfInputMethodWindowToBeAdded : 0
09-29 14:19:12.687  1959  8231 D InputMethodManagerService: checkDisplayOfStartInputAndUpdateKeyboard display Id 0last 0
09-29 14:19:12.687  7087  7087 I Utils   : isCurrentUser current = 0, ownerId = 0
09-29 14:19:12.687  1959  8231 D InputTransport: Input channel constructed: 'ClientS', fd=646
09-29 14:19:12.687  1959  8231 D InputTransport: Input channel destroyed: 'ClientS', fd=646
09-29 14:19:12.687  7087  7087 I TrayVisibilityController: getComputedTrayVisible : keyguardState = 1
09-29 14:19:12.687  7087  7087 I TrayVisibilityController: updateTrayVisible: State=1 visible=1 mCurrentVisible=1 specificMode=0
09-29 14:19:12.687  7087  7087 I TrayStateController: onNotifyUpdateTray: state=0
09-29 14:19:12.691  1225  1225 I Layer   : id=6631 mRemovedFromDrawingState Surface(name=Task=1)/@0xc9465ec - animation-leash of app_transition#0 (113)
09-29 14:19:12.692  1225  1225 I Layer   : id=6632 mRemovedFromDrawingState Surface(name=Task=1035)/@0x9310705 - animation-leash of app_transition#0 (113)
09-29 14:19:12.692  1225  1225 I SurfaceFlinger: id=6632 Removed Surface(name=Task=1035)/@0x9310705 - animation-leash of app_transition#0 (113)
09-29 14:19:12.692  1225  1225 I SurfaceFlinger: id=6631 Removed Surface(name=Task=1)/@0xc9465ec - animation-leash of app_transition#0 (113)
09-29 14:19:12.692  1225  1225 I Layer   : id=6631 Destroyed Surface(name=Task=1)/@0xc9465ec - animation-leash of app_transition#0
09-29 14:19:12.692  1225  1225 I Layer   : id=6632 Destroyed Surface(name=Task=1035)/@0x9310705 - animation-leash of app_transition#0
09-29 14:19:12.697  1959  4453 V WindowManager: Relayout Window{e5aac27 u0 com.sec.android.app.launcher/com.sec.android.app.launcher.activities.LauncherActivity}: viewVisibility=8 req=720x1560 d0
09-29 14:19:12.697  4723  4723 I HBD     : HoneyBoardService onFinishInput
09-29 14:19:12.698  4723  4723 I HBD     : a IC have been unbinding,  InputConnectionWrapper{idHash=#36c3c85 mMissingMethods=}
09-29 14:19:12.698  4723  4723 I HBD     : HoneyBoardService [PF_CL][onFinishInput]  587344 ns
09-29 14:19:12.698  4723  4723 I HBD     : HoneyBoardService [IMI] onStartInput - caller pid : 16754 , caller uid : 10367
09-29 14:19:12.698  4723  4723 I HBD     : j updateConfigs
09-29 14:19:12.698  4723  4723 I HBD     : j isEnabledNightMode : true
09-29 14:19:12.699  4723  4723 I HBD     : a IC have been binding, InputConnectionWrapper{idHash=#dd2eb0b mMissingMethods=}
09-29 14:19:12.699  4723  4723 I HBD     : h [EditorInputType]setPrivateImeOptionsToTable privateImeOptions ( null )
09-29 14:19:12.699  4723  4723 I HBD     : b incognitoMode : false
09-29 14:19:12.699  4723  4723 I HBD     : a needOff = true , isForceOff = false, isNullInputClass : true
09-29 14:19:12.699  4723  4723 I HBD     : h getDefaultInputRange : UNKNOWN
09-29 14:19:12.699  4723  4723 I HBD     : h getDefaultInputRange : UNKNOWN
09-29 14:19:12.699  4723  4723 I HBD     : h getDefaultInputRange : UNKNOWN
09-29 14:19:12.701  4723  4723 I HBD     : a needOff = true , isForceOff = false, isNullInputClass : true
09-29 14:19:12.701  4723  4723 I HBD     : a update cached prediction status : false
09-29 14:19:12.701  4723  4723 I HBD     : h getDefaultInputRange : UNKNOWN
09-29 14:19:12.701  4723  4723 I HBD     : a currentState : 0
09-29 14:19:12.702  1225  1262 I SurfaceFlinger: id=6642 createSurf (0x0),-1 flag=24004, Surface(name=d612f11 InputMethod)/@0x240ab13 - animation-leash of insets_animation#1
09-29 14:19:12.702  1959  4453 V WindowManager: Relayout hash=e5aac27, pid=3040: mAttrs={(0,0)(fillxfill) sim={adjust=nothing forwardNavigation} layoutInDisplayCutoutMode=shortEdges ty=BASE_APPLICATION fmt=TRANSPARENT wanim=0x10302f2
09-29 14:19:12.702  1959  4453 V WindowManager:   fl=81910100
09-29 14:19:12.702  1959  4453 V WindowManager:   pfl=1e020040
09-29 14:19:12.702  1959  4453 V WindowManager:   vsysui=1700
09-29 14:19:12.702  1959  4453 V WindowManager:   bhv=SHOW_TRANSIENT_BARS_BY_SWIPE
09-29 14:19:12.702  1959  4453 V WindowManager:   fitSides= naviIconColor=0}
09-29 14:19:12.703  4723  4723 I HBD     : h load selected json path : /data/user/0/com.samsung.android.honeyboard/files/selected.json
09-29 14:19:12.703  4723  4723 I HBD     : h load selected json info : {"version":"1.0","currentLanguageOrder":0,"selected":[{"activeOptionList":["auto_spacing","writing_assistant"],"engName":"English","id":65537,"inputType":"qwerty","isUsed":true},{"activeOptionList":["auto_spacing"],"engName":"Arabic","id":5308416,"inputType":"qwerty","isUsed":true}]}
09-29 14:19:12.704  4723  4723 I HBD     : a [UpdatePolicy] [post] a: 0 cl: 65537 kit: [0/0] vt: 0 ir: 1
09-29 14:19:12.704  3040  3040 I ViewRootImpl@b2bc37b[LauncherActivity]: Relayout returned: old=(0,0,720,1560) new=(0,0,720,1560) req=(720,1560)8 dur=6 res=0x5 s={false 0} ch=true fn=19
09-29 14:19:12.704  3040  3040 I ViewRootImpl@b2bc37b[LauncherActivity]: stopped(true) old=false
09-29 14:19:12.705  4723  4723 I HBD     : HoneyBoardService [PF_OP][onStartInput]  6674480 ns
09-29 14:19:12.705  3040  3040 I BaseActivity: removeActivityFlags, flags : 17
09-29 14:19:12.705  1225  2021 I SurfaceFlinger: id=6620 Removed OneUiHome-BlurLayer#0 (112)
09-29 14:19:12.706  3040  3040 W LauncherAppWidgetHost: setShouldListenFlag, mFlags:7 flag:start on:false isFront:false
09-29 14:19:12.706  3040  3106 I IMM_LC  : hsifw() - flags=0, caller=android.view.inputmethod.InputMethodManager.hideSoftInputFromWindow:1858 android.view.inputmethod.InputMethodManager.hideSoftInputFromWindow:1827 com.android.launcher3.util.UiThreadHelper$UiCallbacks.handleMessage:103 android.os.Handler.dispatchMessage:102 android.os.Looper.loopOnce:226
09-29 14:19:12.706  3040  3106 I IMM_LC  : hideSoftInputFromWindow - mService.hideSoftInput
09-29 14:19:12.706  1959  4453 I AppWidgetServiceImpl: stopListening callbacks : null
09-29 14:19:12.707  3040  3040 W LauncherAppWidgetHost: stopListening, mFlags:2 isFront:false
09-29 14:19:12.707  3040  3040 W Launcher.NotificationListener: removeNotificationsChangedListener
09-29 14:19:12.707  3040  3040 I BadgeCountUpdaterImpl: onNotificationsChangedDisConnected
09-29 14:19:12.707  3040  3040 I Launcher.NotificationListener: unregisterObserver, this is not notificationService!!
09-29 14:19:12.708  1225  1225 I Layer   : id=6625 mRemovedFromDrawingState Surface(name=d612f11 InputMethod)/@0x240ab13 - animation-leash of insets_animation#0 (112)
09-29 14:19:12.721 16754 16754 D LifecycleMonitor: Lifecycle status change: androidx.test.core.app.InstrumentationActivityInvoker$BootstrapActivity@94e59c0 in: STOPPED
09-29 14:19:12.721 16754 16754 V ActivityScenario: Activity lifecycle changed event received but ignored because the intent does not match. startActivityIntent=Intent { act=android.intent.action.MAIN cat=[android.intent.category.LAUNCHER] cmp=com.example.lunchtray/androidx.fragment.app.testing.FragmentScenario$EmptyFragmentActivity (has extras) }, activity.getIntent()=Intent { act=android.intent.action.MAIN cat=[android.intent.category.LAUNCHER] flg=0x10008000 cmp=com.example.lunchtray/androidx.test.core.app.InstrumentationActivityInvoker$BootstrapActivity (has extras) }, activity=androidx.test.core.app.InstrumentationActivityInvoker$BootstrapActivity@94e59c0
09-29 14:19:12.722 16754 16754 V ActivityScenario: Activity lifecycle changed event received but ignored because the intent does not match. startActivityIntent=Intent { act=android.intent.action.MAIN cat=[android.intent.category.LAUNCHER] cmp=com.example.lunchtray/androidx.fragment.app.testing.FragmentScenario$EmptyFragmentActivity (has extras) }, activity.getIntent()=Intent { act=android.intent.action.MAIN cat=[android.intent.category.LAUNCHER] flg=0x10008000 cmp=com.example.lunchtray/androidx.test.core.app.InstrumentationActivityInvoker$BootstrapActivity (has extras) }, activity=androidx.test.core.app.InstrumentationActivityInvoker$BootstrapActivity@94e59c0
09-29 14:19:12.725  1959  8231 D InputMethodManagerServicePhysicalKey: isConnectedDexOnPC false
09-29 14:19:12.726  1959  8231 D InputMethodManagerService: isImeSwitcherDisabledPackage : false
09-29 14:19:12.735  1959  2426 W SemWifiTransportLayerUtils: getApplicationCategory - IOException com.example.lunchtray
09-29 14:19:12.735  1959  2426 W System.err: java.io.FileNotFoundException: https://play.google.com/store/apps/details?id=com.example.lunchtray&hl=en
09-29 14:19:12.735  1959  2426 W System.err: 	at com.android.okhttp.internal.huc.HttpURLConnectionImpl.getInputStream(HttpURLConnectionImpl.java:255)
09-29 14:19:12.735  1959  2426 W System.err: 	at com.android.okhttp.internal.huc.DelegatingHttpsURLConnection.getInputStream(DelegatingHttpsURLConnection.java:211)
09-29 14:19:12.735  1959  2426 W System.err: 	at com.android.okhttp.internal.huc.HttpsURLConnectionImpl.getInputStream(HttpsURLConnectionImpl.java:30)
09-29 14:19:12.735  1959  2426 W System.err: 	at com.samsung.android.server.wifi.tcp.SemWifiTransportLayerUtils.getApplicationCategory(SemWifiTransportLayerUtils.java:104)
09-29 14:19:12.735  1959  2426 W System.err: 	at com.samsung.android.server.wifi.tcp.SemWifiTransportLayerMonitor$TcpMonitorHandler.handleMessage(SemWifiTransportLayerMonitor.java:244)
09-29 14:19:12.735  1959  2426 W System.err: 	at android.os.Handler.dispatchMessage(Handler.java:106)
09-29 14:19:12.735  1959  2426 W System.err: 	at android.os.Looper.loopOnce(Looper.java:226)
09-29 14:19:12.735  1959  2426 W System.err: 	at android.os.Looper.loop(Looper.java:313)
09-29 14:19:12.735  1959  2426 W System.err: 	at android.os.HandlerThread.run(HandlerThread.java:67)
09-29 14:19:12.736  1959  2426 D SemWifiTransportLayerMonitor.TcpMonitorHandler: MSG_SAVE_PACKAGE_INFO
09-29 14:19:12.736  1959  2426 D SemWifiTransportLayerFileManager: saveWifiPackageInfoToFile
09-29 14:19:12.736  1959  2426 D SemWifiTransportLayerFileManager: writeWifiPackageInfoList
09-29 14:19:12.743  3040  3106 I LiveIconUpdateEventHandler: LiveIcon onStop
09-29 14:19:12.744  3040  3106 I LiveIconUpdateEventHandler: cancelMinuteChangeAlarm
09-29 14:19:12.744  1225  1262 I SurfaceFlinger: id=6625 Removed Surface(name=d612f11 InputMethod)/@0x240ab13 - animation-leash of insets_animation#0 (112)
09-29 14:19:12.745  3040  3106 I LiveIconUpdateEventHandler: cancelDateChangeAlarm
09-29 14:19:12.747  3040  3106 I LiveIconUpdateEventHandler: unregisterReceiver
09-29 14:19:12.755 16754 16754 I ViewInteraction: Performing 'single click' action on view view.getId() is <2131230842/com.example.lunchtray:id/cancel_button>
09-29 14:19:12.758  1225  1225 I Layer   : id=6625 Destroyed Surface(name=d612f11 InputMethod)/@0x240ab13 - animation-leash of insets_animation#0
09-29 14:19:12.758  1959  8231 D InputDispatcher: Inject motion (16754): action=0x0, time=45606941000000, f=0x0, d=0
09-29 14:19:12.759  1959  2330 I InputDispatcher: Delivering touch to (2532): action: 0x4, f=0x0, d=0, 'd353133', t=0
09-29 14:19:12.759  1959  2330 I InputDispatcher: Delivering touch to (16754): action: 0x0, f=0x0, d=0, 'a91985f', t=0
09-29 14:19:12.759  1959  1977 I GestureDetector: obtain mCurrentDownEvent. id: -391587059 caller: com.android.server.wm.SystemGesturesPointerEventListener.onPointerEvent:179 com.android.server.wm.PointerEventDispatcher.onInputEvent:71 android.view.InputEventReceiver.dispatchInputEvent:259
09-29 14:19:12.760  1959  1977 I GestureDetector: obtain mCurrentDownEvent. id: -391587059 caller: com.android.server.wm.SystemPerformancePointerEventListener.onPointerEvent:89 com.android.server.wm.PointerEventDispatcher.onInputEvent:71 android.view.InputEventReceiver.dispatchInputEvent:259
09-29 14:19:12.760 16754 16754 I ViewRootImpl@f2ef008[FragmentScenario$EmptyFragmentActivity]: ViewPostIme pointer 0
09-29 14:19:12.774  1225  1225 I Layer   : id=6617 mRemovedFromDrawingState com.sec.android.app.launcher/com.sec.android.app.launcher.activities.LauncherActivity$_3040#0 (111)
09-29 14:19:12.774  1225  1225 I Layer   : id=6620 mRemovedFromDrawingState OneUiHome-BlurLayer#0 (111)
09-29 14:19:12.774  1225  1225 I SurfaceFlinger: id=6617 Removed com.sec.android.app.launcher/com.sec.android.app.launcher.activities.LauncherActivity$_3040#0 (111)
09-29 14:19:12.775  1225  1225 I Layer   : id=6617 Destroyed com.sec.android.app.launcher/com.sec.android.app.launcher.activities.LauncherActivity$_3040#0
09-29 14:19:12.775  1225  1225 I Layer   : id=6620 Destroyed OneUiHome-BlurLayer#0
09-29 14:19:12.800  1959  8231 D InputDispatcher: Inject motion (16754): action=0x1, time=45606983000000, f=0x0, d=0
09-29 14:19:12.800  1959  2330 I InputDispatcher: Delivering touch to (16754): action: 0x1, f=0x0, d=0, 'a91985f', t=1
09-29 14:19:12.800  1959  1977 I GestureDetector: obtain mCurrentMotionEventRaw. action: 1 id: -338023511
09-29 14:19:12.800  1959  1977 I GestureDetector: obtain mCurrentMotionEventRaw. action: 1 id: -338023511
09-29 14:19:12.800 16754 16754 I ViewRootImpl@f2ef008[FragmentScenario$EmptyFragmentActivity]: ViewPostIme pointer 1
09-29 14:19:12.943  2633 21260 D NetlinkTracker/wlan0: addressUpdated: fd80::709f:c3ff:fe4b:46d5/64 on wlan0 flags 256 scope 0
09-29 14:19:12.943  2633 21260 D NetlinkTracker/wlan0: addressUpdated: fd80::94a8:ec3f:c975:4531/64 on wlan0 flags 1 scope 0
09-29 14:19:13.028 16754 16778 I TestRunner: finished: navigate_to_start_order_from_entree_menu(com.example.lunchtray.NavigationTests)
