09-29 14:19:15.978  2532  3219 I ViewRootImpl@efee0a9[lunchtray]: mWNT: merge t to BBQ
09-29 14:19:15.993  2532  3218 I ViewRootImpl@efee0a9[lunchtray]: mWNT: t = android.view.SurfaceControl$Transaction@a90fbe1 fN = 3 android.view.SyncRtSurfaceTransactionApplier.applyTransaction:94 android.view.SyncRtSurfaceTransactionApplier.lambda$scheduleApply$0$SyncRtSurfaceTransactionApplier:71 android.view.SyncRtSurfaceTransactionApplier$$ExternalSyntheticLambda0.onFrameDraw:4
09-29 14:19:15.993  2532  3218 I ViewRootImpl@efee0a9[lunchtray]: mWNT: merge t to BBQ
09-29 14:19:16.011  2532  3219 I ViewRootImpl@efee0a9[lunchtray]: mWNT: t = android.view.SurfaceControl$Transaction@d7ffd06 fN = 4 android.view.SyncRtSurfaceTransactionApplier.applyTransaction:94 android.view.SyncRtSurfaceTransactionApplier.lambda$scheduleApply$0$SyncRtSurfaceTransactionApplier:71 android.view.SyncRtSurfaceTransactionApplier$$ExternalSyntheticLambda0.onFrameDraw:4
09-29 14:19:16.011  2532  3219 I ViewRootImpl@efee0a9[lunchtray]: mWNT: merge t to BBQ
09-29 14:19:16.026  2532  2677 D OpenGLRenderer: setSurface called with nullptr
09-29 14:19:16.026  2532  2677 D OpenGLRenderer: setSurface() destroyed EGLSurface
09-29 14:19:16.026  2532  2677 D OpenGLRenderer: destroyEglSurface
09-29 14:19:16.028  1959  8231 V WindowManager: Relayout Window{2a12023 u0 Splash Screen com.example.lunchtray}: viewVisibility=8 req=720x1560 d0
09-29 14:19:16.029  1225  2021 I SurfaceFlinger: id=6719 createSurf (0x0),-1 flag=24000, Surface(name=2a12023 Splash Screen com.example.lunchtray)/@0x9b2b68b - animation-leash of window_animation#0
09-29 14:19:16.034  1959  8231 V WindowManager: Relayout hash=2a12023, pid=2532: mAttrs={(0,0)(fillxfill) sim={adjust=pan} ty=APPLICATION_STARTING fmt=TRANSLUCENT wanim=0x1030001
09-29 14:19:16.034  1959  8231 V WindowManager:   fl=81030118
09-29 14:19:16.034  1959  8231 V WindowManager:   pfl=36000010
09-29 14:19:16.034  1959  8231 V WindowManager:   bhv=DEFAULT
09-29 14:19:16.034  1959  8231 V WindowManager:   fitSides= naviIconColor=0}
09-29 14:19:16.036  2532  2608 I ViewRootImpl@efee0a9[lunchtray]: Relayout returned: old=(0,0,720,1560) new=(0,0,720,1560) req=(720,1560)8 dur=7 res=0x5 s={false 0} ch=true fn=5
09-29 14:19:16.036  2532  2608 I ViewRootImpl@efee0a9[lunchtray]: dispatchDetachedFromWindow
09-29 14:19:16.037  1959  2623 D InputTransport: Input channel destroyed: '2a12023', fd=621
09-29 14:19:16.037  1959  2623 W InputManager-JNI: Input channel object '2a12023 Splash Screen com.example.lunchtray (client)' was disposed without first being removed with the input manager!
09-29 14:19:16.037  1959  2623 D InputTransport: Input channel destroyed: '2a12023', fd=646
09-29 14:19:16.040  1959  8231 V WindowManager: Relayout Window{7022e14 u0 com.example.lunchtray/androidx.fragment.app.testing.FragmentScenario$EmptyFragmentActivity}: viewVisibility=0 req=720x1560 d0
09-29 14:19:16.040  2532  2608 D InputTransport: Input channel destroyed: '2a12023', fd=158
09-29 14:19:16.042  1225  1225 I Layer   : id=6718 mRemovedFromDrawingState Surface(name=7022e14 com.example.lunchtray/androidx.fragment.app.testing.FragmentScenario$EmptyFragmentActivity)/@0xdcd2bac - animation-leash of starting_reveal#0 (124)
09-29 14:19:16.043  1959  8231 V WindowManager: Relayout hash=7022e14, pid=16754: mAttrs={(0,0)(fillxfill) sim={adjust=resize forwardNavigation} ty=BASE_APPLICATION wanim=0x1030303
09-29 14:19:16.043  1959  8231 V WindowManager:   fl=81810100
09-29 14:19:16.043  1959  8231 V WindowManager:   pfl=12020040
09-29 14:19:16.043  1959  8231 V WindowManager:   bhv=DEFAULT
09-29 14:19:16.043  1959  8231 V WindowManager:   fitSides= naviIconColor=0}
09-29 14:19:16.050 16754 16754 I ViewRootImpl@304e967[FragmentScenario$EmptyFragmentActivity]: Relayout returned: old=(0,0,720,1560) new=(0,0,720,1560) req=(720,1560)0 dur=12 res=0x1 s={true 3379904512} ch=false fn=2
09-29 14:19:16.051 16754 16754 D ScrollView:  onsize change changed
09-29 14:19:16.057 16754 16754 I ViewRootImpl@304e967[FragmentScenario$EmptyFragmentActivity]: MSG_WINDOW_FOCUS_CHANGED 1 1
09-29 14:19:16.060 16754 16754 D InputMethodManager: startInputInner - Id : 0
09-29 14:19:16.060 16754 16754 I InputMethodManager: startInputInner - mService.startInputOrWindowGainedFocus
09-29 14:19:16.061  1959  8231 D InputMethodManagerService: mDesktopModeManager null!
09-29 14:19:16.061  1959  8231 V InputMethodManagerService: getDisplayIdOfInputMethodWindowToBeAdded : 0
09-29 14:19:16.062  1959  8231 D InputMethodManagerService: checkDisplayOfStartInputAndUpdateKeyboard display Id 0last 0
09-29 14:19:16.062  1959  8231 D InputTransport: Input channel constructed: 'ClientS', fd=621
09-29 14:19:16.062  1959  8231 D InputTransport: Input channel destroyed: 'ClientS', fd=621
09-29 14:19:16.062  4723  4723 I HBD     : HoneyBoardService onFinishInput
09-29 14:19:16.063  4723  4723 I HBD     : a IC have been unbinding,  InputConnectionWrapper{idHash=#33c4a39 mMissingMethods=}
09-29 14:19:16.063  4723  4723 I HBD     : HoneyBoardService [PF_CL][onFinishInput]  403438 ns
09-29 14:19:16.063  4723  4723 I HBD     : HoneyBoardService [IMI] onStartInput - caller pid : 16754 , caller uid : 10367
09-29 14:19:16.063  4723  4723 I HBD     : j updateConfigs
09-29 14:19:16.063  4723  4723 I HBD     : j isEnabledNightMode : true
09-29 14:19:16.063  4723  4723 I HBD     : a IC have been binding, InputConnectionWrapper{idHash=#64ed1df mMissingMethods=}
09-29 14:19:16.064  4723  4723 I HBD     : h [EditorInputType]setPrivateImeOptionsToTable privateImeOptions ( null )
09-29 14:19:16.064  4723  4723 I HBD     : b incognitoMode : false
09-29 14:19:16.064  4723  4723 I HBD     : a needOff = true , isForceOff = false, isNullInputClass : true
09-29 14:19:16.064  4723  4723 I HBD     : h getDefaultInputRange : UNKNOWN
09-29 14:19:16.064  1225  2020 I SurfaceFlinger: id=6720 createSurf (0x0),-1 flag=24004, Surface(name=d612f11 InputMethod)/@0x240ab13 - animation-leash of insets_animation#1
09-29 14:19:16.064  4723  4723 I HBD     : h getDefaultInputRange : UNKNOWN
09-29 14:19:16.064  4723  4723 I HBD     : h getDefaultInputRange : UNKNOWN
09-29 14:19:16.066  4723  4723 I HBD     : a needOff = true , isForceOff = false, isNullInputClass : true
09-29 14:19:16.066  4723  4723 I HBD     : a update cached prediction status : false
09-29 14:19:16.066  4723  4723 I HBD     : h getDefaultInputRange : UNKNOWN
09-29 14:19:16.066  4723  4723 I HBD     : a currentState : 0
09-29 14:19:16.068  4723  4723 I HBD     : h load selected json path : /data/user/0/com.samsung.android.honeyboard/files/selected.json
09-29 14:19:16.068  4723  4723 I HBD     : h load selected json info : {"version":"1.0","currentLanguageOrder":0,"selected":[{"activeOptionList":["auto_spacing","writing_assistant"],"engName":"English","id":65537,"inputType":"qwerty","isUsed":true},{"activeOptionList":["auto_spacing"],"engName":"Arabic","id":5308416,"inputType":"qwerty","isUsed":true}]}
09-29 14:19:16.070  4723  4723 I HBD     : a [UpdatePolicy] [post] a: 0 cl: 65537 kit: [0/0] vt: 0 ir: 1
09-29 14:19:16.071  4723  4723 I HBD     : HoneyBoardService [PF_OP][onStartInput]  7699896 ns
09-29 14:19:16.076  1225  1225 I Layer   : id=6703 mRemovedFromDrawingState Surface(name=d612f11 InputMethod)/@0x240ab13 - animation-leash of insets_animation#0 (125)
09-29 14:19:16.076  1225  1225 I SurfaceFlinger: id=6703 Removed Surface(name=d612f11 InputMethod)/@0x240ab13 - animation-leash of insets_animation#0 (125)
09-29 14:19:16.076  1225  1225 I Layer   : id=6703 Destroyed Surface(name=d612f11 InputMethod)/@0x240ab13 - animation-leash of insets_animation#0
09-29 14:19:16.091  1959  2623 D InputMethodManagerServicePhysicalKey: isConnectedDexOnPC false
09-29 14:19:16.092  1959  2623 D InputMethodManagerService: isImeSwitcherDisabledPackage : false
09-29 14:19:16.095 16754 16754 I ViewInteraction: Performing 'single click' action on view view.getId() is <2131231216/com.example.lunchtray:id/submit_button>
09-29 14:19:16.099  1959  2623 D InputDispatcher: Inject motion (16754): action=0x0, time=45610281000000, f=0x0, d=0
09-29 14:19:16.099  1959  2330 I InputDispatcher: Delivering touch to (2532): action: 0x4, f=0x0, d=0, 'd353133', t=0
09-29 14:19:16.099  1959  2330 I InputDispatcher: Delivering touch to (16754): action: 0x0, f=0x0, d=0, '7022e14', t=0 +(-1,-3)*1.00
09-29 14:19:16.100  1959  1977 I GestureDetector: obtain mCurrentDownEvent. id: -699973474 caller: com.android.server.wm.SystemGesturesPointerEventListener.onPointerEvent:179 com.android.server.wm.PointerEventDispatcher.onInputEvent:71 android.view.InputEventReceiver.dispatchInputEvent:259
09-29 14:19:16.100  1959  1977 I GestureDetector: obtain mCurrentDownEvent. id: -699973474 caller: com.android.server.wm.SystemPerformancePointerEventListener.onPointerEvent:89 com.android.server.wm.PointerEventDispatcher.onInputEvent:71 android.view.InputEventReceiver.dispatchInputEvent:259
09-29 14:19:16.101 16754 16754 I ViewRootImpl@304e967[FragmentScenario$EmptyFragmentActivity]: ViewPostIme pointer 0
09-29 14:19:16.109  1225  1225 I Layer   : id=6708 mRemovedFromDrawingState Splash Screen com.example.lunchtray$_2532#0 (124)
09-29 14:19:16.109  1225  1225 I Layer   : id=6707 mRemovedFromDrawingState 2a12023 Splash Screen com.example.lunchtray#0 (124)
09-29 14:19:16.109  1225  1225 I Layer   : id=6719 mRemovedFromDrawingState Surface(name=2a12023 Splash Screen com.example.lunchtray)/@0x9b2b68b - animation-leash of window_animation#0 (124)
09-29 14:19:16.109  1225  1225 I SurfaceFlinger: id=6707 Removed 2a12023 Splash Screen com.example.lunchtray#0 (124)
09-29 14:19:16.109  1225  1225 I SurfaceFlinger: id=6708 Removed Splash Screen com.example.lunchtray$_2532#0 (124)
09-29 14:19:16.109  1225  1225 I SurfaceFlinger: id=6719 Removed Surface(name=2a12023 Splash Screen com.example.lunchtray)/@0x9b2b68b - animation-leash of window_animation#0 (124)
09-29 14:19:16.109  1225  1225 I Layer   : id=6719 Destroyed Surface(name=2a12023 Splash Screen com.example.lunchtray)/@0x9b2b68b - animation-leash of window_animation#0
09-29 14:19:16.109  1225  1225 I Layer   : id=6707 Destroyed 2a12023 Splash Screen com.example.lunchtray#0
09-29 14:19:16.111  1225  1225 I Layer   : id=6708 Destroyed Splash Screen com.example.lunchtray$_2532#0
09-29 14:19:16.118  1225  1225 D SurfaceFlinger: Display 0 HWC layers:
09-29 14:19:16.118  1225  1225 D SurfaceFlinger:      DEVICE | 0xf2e41a10 | 0100 | RGBx_8888    |  420.0    0.0 1140.0 1560.0 |    0    0  720 1560 | Wallpaper BBQ wrapper#0
09-29 14:19:16.118  1225  1225 D SurfaceFlinger:      DEVICE | 0xf160fb90 | 0100 | RGBA_8888    |    0.0    0.0  720.0 1560.0 |    0    0  720 1560 | com.sec.android.app.launcher/com.sec[...].activities.LauncherActivity$_3040#0
09-29 14:19:16.118  1225  1225 D SurfaceFlinger:      DEVICE | 0xf2e46860 | 0102 | RGBA_8888    |    0.0    0.0  720.0 1560.0 |    1    2  719 1558 | com.example.lunchtray/androidx.fragm[...]nario$EmptyFragmentActivity$_16754#0
09-29 14:19:16.118  1225  1225 D SurfaceFlinger:      CLIENT | 0xf160f810 | 0100 | RGBA_8888    |    0.0    0.0  720.0   77.0 |    0    0  720   77 | StatusBar$_2532#0
09-29 14:19:16.118  1225  1225 D SurfaceFlinger:      CLIENT | 0xf2e427a0 | 0100 | RGBA_8888    |    0.0    0.0   67.0  218.0 |  653  717  720  935 | com.samsung.android.app.cocktailbars[...]arservice.CocktailBarService$_7087#0
09-29 14:19:16.118  1225  1225 D SurfaceFlinger:      CLIENT | 0xf2e41e00 | 0100 | RGBA_8888    |    0.0    0.0  720.0   84.0 |    0 1476  720 1560 | NavigationBar0$_2532#0
09-29 14:19:16.118  1225  1225 D SurfaceFlinger:      CLIENT | 0xf2893010 | 0108 | RGBA_8888    |    0.0    0.0  720.0 1560.0 |    0    0  720 15
09-29 14:19:16.118  1225  1225 D SurfaceFlinger: 60 | BlueLightFilter$_2532#0
09-29 14:19:16.118  1225  1225 D SurfaceFlinger:      CLIENT | 0xf16103e0 | 0140 | RGBA_8888    |    0.0    0.0  720.0  130.0 |    0    0  720  130 | ScreenDecorOverlay$_2532#0
09-29 14:19:16.118  1225  1225 D SurfaceFlinger:
09-29 14:19:16.140  1959  2623 D InputDispatcher: Inject motion (16754): action=0x1, time=45610323000000, f=0x0, d=0
09-29 14:19:16.140  1959  2330 I InputDispatcher: Delivering touch to (16754): action: 0x1, f=0x0, d=0, '7022e14', t=1 +(0,-1)*1.00
09-29 14:19:16.140  1959  1977 I GestureDetector: obtain mCurrentMotionEventRaw. action: 1 id: -889299086
09-29 14:19:16.140  1959  1977 I GestureDetector: obtain mCurrentMotionEventRaw. action: 1 id: -889299086
09-29 14:19:16.141 16754 16754 I ViewRootImpl@304e967[FragmentScenario$EmptyFragmentActivity]: ViewPostIme pointer 1
09-29 14:19:16.155  1959  2422 D SemNscXgbMsL1: Probability - Cloud gaming: [0.042307038]
09-29 14:19:16.155  1959  2422 D SemNscXgbMsL1: Probability - Real time: [0.03935485]
09-29 14:19:16.155  1959  2422 D SemNscXgbMsL1: Probability - Non real time: [0.82583636]
09-29 14:19:16.155  1959  2422 D SemNscXgbMsL1: 1 sample inference time: 0.543437 msecs
09-29 14:19:16.156  1959  2422 D SemNscXgbL2Rt: L2 RT 1 sample inference time: 1.035052 msecs
09-29 14:19:16.157  7087  7087 I Utils   : isCurrentUser current = 0, ownerId = 0
09-29 14:19:16.157  1959  2422 D SemNscXgbL2Nrt: L2 NRT 1 sample inference time: 0.621302 msecs
09-29 14:19:16.157  7087  7087 I TrayVisibilityController: getComputedTrayVisible : keyguardState = 1
09-29 14:19:16.157  7087  7087 I TrayVisibilityController: updateTrayVisible: State=1 visible=1 mCurrentVisible=1 specificMode=0
09-29 14:19:16.157  7087  7087 I TrayStateController: onNotifyUpdateTray: state=0
09-29 14:19:16.160  3040  3040 I ViewRootImpl@b2bc37b[LauncherActivity]: handleAppVisibility mAppVisible=true visible=false
09-29 14:19:16.163  2532  4488 D WallpaperService: dispatchAppVisibility onVisibilityChanged(): false
09-29 14:19:16.163  2532  2532 D WallpaperService: reportVisibility onVisibilityChanged visible: false
09-29 14:19:16.164  2532  2671 I ImageWallpaper:  onVisibilityChanged false , 0
09-29 14:19:16.165  1225  1225 D SurfaceFlinger: Display 0 HWC layers:
09-29 14:19:16.165  1225  1225 D SurfaceFlinger:      DEVICE | 0xf2e46860 | 0102 | RGBA_8888    |    0.0    0.0  720.0 1560.0 |    0    0  720 1560 | com.example.lunchtray/androidx.fragm[...]nario$EmptyFragmentActivity$_16754#0
09-29 14:19:16.165  1225  1225 D SurfaceFlinger:      DEVICE | 0xf160f810 | 0100 | RGBA_8888    |    0.0    0.0  720.0   77.0 |    0    0  720   77 | StatusBar$_2532#0
09-29 14:19:16.165  1225  1225 D SurfaceFlinger:      DEVICE | 0xf2e427a0 | 0100 | RGBA_8888    |    0.0    0.0   67.0  218.0 |  653  717  720  935 | com.samsung.android.app.cocktailbars[...]arservice.CocktailBarService$_7087#0
09-29 14:19:16.165  1225  1225 D SurfaceFlinger:      CLIENT | 0xf2e41e00 | 0100 | RGBA_8888    |    0.0    0.0  720.0   84.0 |    0 1476  720 1560 | NavigationBar0$_2532#0
09-29 14:19:16.165  1225  1225 D SurfaceFlinger:      CLIENT | 0xf2893010 | 0108 | RGBA_8888    |    0.0    0.0  720.0 1560.0 |    0    0  720 1560 | BlueLightFilter$_2532#0
09-29 14:19:16.165  1225  1225 D SurfaceFlinger:      CLIENT | 0xf16103e0 | 0140 | RGBA_8888    |    0.0    0.0  720.0  130.0 |    0    0  720  130 | ScreenDecorOverlay$_2532#0
09-29 14:19:16.165  1225  1225 D SurfaceFlinger:
09-29 14:19:16.176  1225  1225 I Layer   : id=6709 mRemovedFromDrawingState Surface(name=Task=1)/@0xc9465ec - animation-leash of app_transition#0 (121)
09-29 14:19:16.176  1225  1225 I Layer   : id=6710 mRemovedFromDrawingState Surface(name=Task=1038)/@0x6c0d702 - animation-leash of app_transition#0 (121)
09-29 14:19:16.176  1225  1225 I SurfaceFlinger: id=6710 Removed Surface(name=Task=1038)/@0x6c0d702 - animation-leash of app_transition#0 (121)
09-29 14:19:16.176  1225  1225 I SurfaceFlinger: id=6709 Removed Surface(name=Task=1)/@0xc9465ec - animation-leash of app_transition#0 (121)
09-29 14:19:16.177  1225  1225 I Layer   : id=6709 Destroyed Surface(name=Task=1)/@0xc9465ec - animation-leash of app_transition#0
09-29 14:19:16.177  1225  1225 I Layer   : id=6710 Destroyed Surface(name=Task=1038)/@0x6c0d702 - animation-leash of app_transition#0
09-29 14:19:16.180  1959  2623 V WindowManager: Relayout Window{e5aac27 u0 com.sec.android.app.launcher/com.sec.android.app.launcher.activities.LauncherActivity}: viewVisibility=8 req=720x1560 d0
09-29 14:19:16.185  1959  2623 V WindowManager: Relayout hash=e5aac27, pid=3040: mAttrs={(0,0)(fillxfill) sim={adjust=nothing forwardNavigation} layoutInDisplayCutoutMode=shortEdges ty=BASE_APPLICATION fmt=TRANSPARENT wanim=0x10302f2
09-29 14:19:16.185  1959  2623 V WindowManager:   fl=81910100
09-29 14:19:16.185  1959  2623 V WindowManager:   pfl=1e020040
09-29 14:19:16.185  1959  2623 V WindowManager:   vsysui=1700
09-29 14:19:16.185  1959  2623 V WindowManager:   bhv=SHOW_TRANSIENT_BARS_BY_SWIPE
09-29 14:19:16.185  1959  2623 V WindowManager:   fitSides= naviIconColor=0}
09-29 14:19:16.187  3040  3040 I ViewRootImpl@b2bc37b[LauncherActivity]: Relayout returned: old=(0,0,720,1560) new=(0,0,720,1560) req=(720,1560)8 dur=6 res=0x5 s={false 0} ch=true fn=18
09-29 14:19:16.187  3040  3040 I ViewRootImpl@b2bc37b[LauncherActivity]: stopped(true) old=false
09-29 14:19:16.188  3040  3040 I BaseActivity: removeActivityFlags, flags : 17
09-29 14:19:16.188  1225  2021 I SurfaceFlinger: id=6698 Removed OneUiHome-BlurLayer#0 (119)
09-29 14:19:16.189  3040  3040 W LauncherAppWidgetHost: setShouldListenFlag, mFlags:7 flag:start on:false isFront:false
09-29 14:19:16.189  3040  3106 I IMM_LC  : hsifw() - flags=0, caller=android.view.inputmethod.InputMethodManager.hideSoftInputFromWindow:1858 android.view.inputmethod.InputMethodManager.hideSoftInputFromWindow:1827 com.android.launcher3.util.UiThreadHelper$UiCallbacks.handleMessage:103 android.os.Handler.dispatchMessage:102 android.os.Looper.loopOnce:226
09-29 14:19:16.189  3040  3106 I IMM_LC  : hideSoftInputFromWindow - mService.hideSoftInput
09-29 14:19:16.189  1959  2623 I AppWidgetServiceImpl: stopListening callbacks : null
09-29 14:19:16.190  3040  3040 W LauncherAppWidgetHost: stopListening, mFlags:2 isFront:false
09-29 14:19:16.190  3040  3040 W Launcher.NotificationListener: removeNotificationsChangedListener
09-29 14:19:16.190  3040  3040 I BadgeCountUpdaterImpl: onNotificationsChangedDisConnected
09-29 14:19:16.190  3040  3040 I Launcher.NotificationListener: unregisterObserver, this is not notificationService!!
09-29 14:19:16.190  3040  3106 I LiveIconUpdateEventHandler: LiveIcon onStop
09-29 14:19:16.191  3040  3106 I LiveIconUpdateEventHandler: cancelMinuteChangeAlarm
09-29 14:19:16.194  3040  3106 I LiveIconUpdateEventHandler: cancelDateChangeAlarm
09-29 14:19:16.195  3040  3106 I LiveIconUpdateEventHandler: unregisterReceiver
09-29 14:19:16.209  1225  1225 I Layer   : id=6695 mRemovedFromDrawingState com.sec.android.app.launcher/com.sec.android.app.launcher.activities.LauncherActivity$_3040#0 (119)
09-29 14:19:16.209  1225  1225 I Layer   : id=6698 mRemovedFromDrawingState OneUiHome-BlurLayer#0 (119)
09-29 14:19:16.209  1225  1225 I SurfaceFlinger: id=6695 Removed com.sec.android.app.launcher/com.sec.android.app.launcher.activities.LauncherActivity$_3040#0 (119)
09-29 14:19:16.210  1225  1225 I Layer   : id=6695 Destroyed com.sec.android.app.launcher/com.sec.android.app.launcher.activities.LauncherActivity$_3040#0
09-29 14:19:16.210  1225  1225 I Layer   : id=6698 Destroyed OneUiHome-BlurLayer#0
09-29 14:19:16.239 16754 16754 D LifecycleMonitor: Lifecycle status change: androidx.test.core.app.InstrumentationActivityInvoker$BootstrapActivity@ae9f47f in: STOPPED
09-29 14:19:16.240 16754 16754 V ActivityScenario: Activity lifecycle changed event received but ignored because the intent does not match. startActivityIntent=Intent { act=android.intent.action.MAIN cat=[android.intent.category.LAUNCHER] cmp=com.example.lunchtray/androidx.fragment.app.testing.FragmentScenario$EmptyFragmentActivity (has extras) }, activity.getIntent()=Intent { act=android.intent.action.MAIN cat=[android.intent.category.LAUNCHER] flg=0x10008000 cmp=com.example.lunchtray/androidx.test.core.app.InstrumentationActivityInvoker$BootstrapActivity (has extras) }, activity=androidx.test.core.app.InstrumentationActivityInvoker$BootstrapActivity@ae9f47f
09-29 14:19:16.240 16754 16754 V ActivityScenario: Activity lifecycle changed event received but ignored because the intent does not match. startActivityIntent=Intent { act=android.intent.action.MAIN cat=[android.intent.category.LAUNCHER] cmp=com.example.lunchtray/androidx.fragment.app.testing.FragmentScenario$EmptyFragmentActivity (has extras) }, activity.getIntent()=Intent { act=android.intent.action.MAIN cat=[android.intent.category.LAUNCHER] flg=0x10008000 cmp=com.example.lunchtray/androidx.test.core.app.InstrumentationActivityInvoker$BootstrapActivity (has extras) }, activity=androidx.test.core.app.InstrumentationActivityInvoker$BootstrapActivity@ae9f47f
09-29 14:19:16.240 16754 16754 V ActivityScenario: Activity lifecycle changed event received but ignored because the intent does not match. startActivityIntent=Intent { act=android.intent.action.MAIN cat=[android.intent.category.LAUNCHER] cmp=com.example.lunchtray/androidx.fragment.app.testing.FragmentScenario$EmptyFragmentActivity (has extras) }, activity.getIntent()=Intent { act=android.intent.action.MAIN cat=[android.intent.category.LAUNCHER] flg=0x10008000 cmp=com.example.lunchtray/androidx.test.core.app.InstrumentationActivityInvoker$BootstrapActivity (has extras) }, activity=androidx.test.core.app.InstrumentationActivityInvoker$BootstrapActivity@ae9f47f
09-29 14:19:16.241 16754 16754 V ActivityScenario: Activity lifecycle changed event received but ignored because the intent does not match. startActivityIntent=Intent { act=android.intent.action.MAIN cat=[android.intent.category.LAUNCHER] cmp=com.example.lunchtray/androidx.fragment.app.testing.FragmentScenario$EmptyFragmentActivity (has extras) }, activity.getIntent()=Intent { act=android.intent.action.MAIN cat=[android.intent.category.LAUNCHER] flg=0x10008000 cmp=com.example.lunchtray/androidx.test.core.app.InstrumentationActivityInvoker$BootstrapActivity (has extras) }, activity=androidx.test.core.app.InstrumentationActivityInvoker$BootstrapActivity@ae9f47f
09-29 14:19:16.241 16754 16754 V ActivityScenario: Activity lifecycle changed event received but ignored because the intent does not match. startActivityIntent=Intent { act=android.intent.action.MAIN cat=[android.intent.category.LAUNCHER] cmp=com.example.lunchtray/androidx.fragment.app.testing.FragmentScenario$EmptyFragmentActivity (has extras) }, activity.getIntent()=Intent { act=android.intent.action.MAIN cat=[android.intent.category.LAUNCHER] flg=0x10008000 cmp=com.example.lunchtray/androidx.test.core.app.InstrumentationActivityInvoker$BootstrapActivity (has extras) }, activity=androidx.test.core.app.InstrumentationActivityInvoker$BootstrapActivity@ae9f47f
09-29 14:19:16.400  1959  1977 I GestureDetector: handleMessage TAP
09-29 14:19:16.400  1959  1959 I GestureDetector: handleMessage TAP
09-29 14:19:16.458   619 16629 I keystore2: keystore2::watchdog: Watchdog thread idle -> terminating. Have a great day.
09-29 14:19:16.497 16754 16778 I TestRunner: finished: navigate_to_start_order_from_checkout_via_submit(com.example.lunchtray.NavigationTests)
